-- Found ament_cmake: 1.3.14 (/Users/user/.local/share/mamba/envs/ros_humble/share/ament_cmake/cmake)
-- Found rclcpp: 16.0.19 (/Users/user/.local/share/mamba/envs/ros_humble/share/rclcpp/cmake)
-- Found rosidl_generator_c: 3.1.8 (/Users/user/.local/share/mamba/envs/ros_humble/share/rosidl_generator_c/cmake)
-- Found rosidl_adapter: 3.1.8 (/Users/user/.local/share/mamba/envs/ros_humble/share/rosidl_adapter/cmake)
-- Found rosidl_generator_cpp: 3.1.8 (/Users/user/.local/share/mamba/envs/ros_humble/share/rosidl_generator_cpp/cmake)
-- Using all available rosidl_typesupport_c: rosidl_typesupport_fastrtps_c;rosidl_typesupport_introspection_c
-- Using all available rosidl_typesupport_cpp: rosidl_typesupport_fastrtps_cpp;rosidl_typesupport_introspection_cpp
-- Found rmw_implementation_cmake: 6.1.2 (/Users/user/.local/share/mamba/envs/ros_humble/share/rmw_implementation_cmake/cmake)
-- Found rmw_cyclonedds_cpp: 1.3.4 (/Users/user/.local/share/mamba/envs/ros_humble/share/rmw_cyclonedds_cpp/cmake)
-- Using RMW implementation 'rmw_cyclonedds_cpp' as default
-- Found nav_msgs: 4.9.1 (/Users/user/.local/share/mamba/envs/ros_humble/share/nav_msgs/cmake)
-- Found sensor_msgs: 4.9.1 (/Users/user/.local/share/mamba/envs/ros_humble/share/sensor_msgs/cmake)
-- Configuring done (1.0s)
-- Generating done (0.1s)
-- Build files have been written to: /Users/user/Desktop/VsCode/WATO/wato_asd_training/build/control
[ 25%] Building CXX object CMakeFiles/control_lib.dir/src/control_core.cpp.o
[ 50%] Linking CXX static library libcontrol_lib.a
[ 50%] Built target control_lib
[ 75%] Building CXX object CMakeFiles/control_node.dir/src/control_node.cpp.o
[100%] Linking CXX executable control_node
[100%] Built target control_node
-- Install configuration: ""
-- Installing: /Users/user/Desktop/VsCode/WATO/wato_asd_training/install/control/lib/control/control_node
-- Up-to-date: /Users/user/Desktop/VsCode/WATO/wato_asd_training/install/control/share/control/config
-- Installing: /Users/user/Desktop/VsCode/WATO/wato_asd_training/install/control/share/control/config/params.yaml
-- Installing: /Users/user/Desktop/VsCode/WATO/wato_asd_training/install/control/share/ament_index/resource_index/package_run_dependencies/control
-- Up-to-date: /Users/user/Desktop/VsCode/WATO/wato_asd_training/install/control/share/ament_index/resource_index/parent_prefix_path/control
-- Up-to-date: /Users/user/Desktop/VsCode/WATO/wato_asd_training/install/control/share/control/environment/ament_prefix_path.sh
-- Installing: /Users/user/Desktop/VsCode/WATO/wato_asd_training/install/control/share/control/environment/ament_prefix_path.dsv
-- Up-to-date: /Users/user/Desktop/VsCode/WATO/wato_asd_training/install/control/share/control/environment/path.sh
-- Installing: /Users/user/Desktop/VsCode/WATO/wato_asd_training/install/control/share/control/environment/path.dsv
-- Up-to-date: /Users/user/Desktop/VsCode/WATO/wato_asd_training/install/control/share/control/local_setup.bash
-- Up-to-date: /Users/user/Desktop/VsCode/WATO/wato_asd_training/install/control/share/control/local_setup.sh
-- Up-to-date: /Users/user/Desktop/VsCode/WATO/wato_asd_training/install/control/share/control/local_setup.zsh
-- Installing: /Users/user/Desktop/VsCode/WATO/wato_asd_training/install/control/share/control/local_setup.dsv
-- Installing: /Users/user/Desktop/VsCode/WATO/wato_asd_training/install/control/share/control/package.dsv
-- Up-to-date: /Users/user/Desktop/VsCode/WATO/wato_asd_training/install/control/share/ament_index/resource_index/packages/control
-- Up-to-date: /Users/user/Desktop/VsCode/WATO/wato_asd_training/install/control/share/control/cmake/controlConfig.cmake
-- Up-to-date: /Users/user/Desktop/VsCode/WATO/wato_asd_training/install/control/share/control/cmake/controlConfig-version.cmake
-- Installing: /Users/user/Desktop/VsCode/WATO/wato_asd_training/install/control/share/control/package.xml
