[0.027s] Invoking command in '/Users/user/Desktop/VsCode/WATO/wato_asd_training/build/moving_obstacles': CMAKE_PREFIX_PATH=/Users/user/.local/share/mamba/envs/ros_humble CONDA_PROMPT_MODIFIER=(ros_humble) SHLVL=2 _=/usr/bin/env /opt/homebrew/bin/cmake /Users/user/Desktop/VsCode/WATO/wato_asd_training/src/robot/moving_obstacles -DCMAKE_INSTALL_PREFIX=/Users/user/Desktop/VsCode/WATO/wato_asd_training/install/moving_obstacles
[0.468s] -- The C compiler identification is AppleClang 21.0.0.21000334
[0.560s] -- The CXX compiler identification is AppleClang 21.0.0.21000334
[0.579s] -- Detecting C compiler ABI info
[0.767s] -- Detecting C compiler ABI info - done
[0.784s] -- Check for working C compiler: /usr/bin/cc - skipped
[0.784s] -- Detecting C compile features
[0.787s] -- Detecting C compile features - done
[0.790s] -- Detecting CXX compiler ABI info
[0.969s] -- Detecting CXX compiler ABI info - done
[0.983s] -- Check for working CXX compiler: /usr/bin/c++ - skipped
[0.983s] -- Detecting CXX compile features
[0.984s] -- Detecting CXX compile features - done
[1.008s] -- Found ament_cmake: 1.3.14 (/Users/user/.local/share/mamba/envs/ros_humble/share/ament_cmake/cmake)
[1.187s] -- Found Python3: /Users/user/.local/share/mamba/envs/ros_humble/bin/python3 (found version "3.12.14") found components: Interpreter
[1.473s] -- Found rclcpp: 16.0.19 (/Users/user/.local/share/mamba/envs/ros_humble/share/rclcpp/cmake)
[1.646s] -- Found rosidl_generator_c: 3.1.8 (/Users/user/.local/share/mamba/envs/ros_humble/share/rosidl_generator_c/cmake)
[1.672s] -- Found rosidl_adapter: 3.1.8 (/Users/user/.local/share/mamba/envs/ros_humble/share/rosidl_adapter/cmake)
[1.709s] -- Found rosidl_generator_cpp: 3.1.8 (/Users/user/.local/share/mamba/envs/ros_humble/share/rosidl_generator_cpp/cmake)
[1.746s] -- Using all available rosidl_typesupport_c: rosidl_typesupport_fastrtps_c;rosidl_typesupport_introspection_c
[1.804s] -- Using all available rosidl_typesupport_cpp: rosidl_typesupport_fastrtps_cpp;rosidl_typesupport_introspection_cpp
[2.003s] -- Checking for module 'yaml-0.1'
[2.156s] --   Found yaml-0.1, version 0.2.5
[2.585s] -- Found rmw_implementation_cmake: 6.1.2 (/Users/user/.local/share/mamba/envs/ros_humble/share/rmw_implementation_cmake/cmake)
[2.597s] -- Found rmw_cyclonedds_cpp: 1.3.4 (/Users/user/.local/share/mamba/envs/ros_humble/share/rmw_cyclonedds_cpp/cmake)
[2.669s] -- Using RMW implementation 'rmw_cyclonedds_cpp' as default
[2.702s] -- Performing Test CMAKE_HAVE_LIBC_PTHREAD
[2.855s] -- Performing Test CMAKE_HAVE_LIBC_PTHREAD - Success
[2.856s] -- Found Threads: TRUE
[2.937s] -- Found geometry_msgs: 4.9.1 (/Users/user/.local/share/mamba/envs/ros_humble/share/geometry_msgs/cmake)
[3.035s] -- Configuring done (3.0s)
[3.075s] -- Generating done (0.0s)
[3.114s] -- Build files have been written to: /Users/user/Desktop/VsCode/WATO/wato_asd_training/build/moving_obstacles
[3.117s] Invoked command in '/Users/user/Desktop/VsCode/WATO/wato_asd_training/build/moving_obstacles' returned '0': CMAKE_PREFIX_PATH=/Users/user/.local/share/mamba/envs/ros_humble CONDA_PROMPT_MODIFIER=(ros_humble) SHLVL=2 _=/usr/bin/env /opt/homebrew/bin/cmake /Users/user/Desktop/VsCode/WATO/wato_asd_training/src/robot/moving_obstacles -DCMAKE_INSTALL_PREFIX=/Users/user/Desktop/VsCode/WATO/wato_asd_training/install/moving_obstacles
[3.120s] Invoking command in '/Users/user/Desktop/VsCode/WATO/wato_asd_training/build/moving_obstacles': CMAKE_PREFIX_PATH=/Users/user/.local/share/mamba/envs/ros_humble CONDA_PROMPT_MODIFIER=(ros_humble) SHLVL=2 _=/usr/bin/env /opt/homebrew/bin/cmake --build /Users/user/Desktop/VsCode/WATO/wato_asd_training/build/moving_obstacles -- -j10 -l10
[3.189s] [ 50%] Building CXX object CMakeFiles/moving_obstacles_node.dir/src/moving_obstacles_node.cpp.o
[4.272s] [100%] Linking CXX executable moving_obstacles_node
[4.323s] [100%] Built target moving_obstacles_node
[4.330s] Invoked command in '/Users/user/Desktop/VsCode/WATO/wato_asd_training/build/moving_obstacles' returned '0': CMAKE_PREFIX_PATH=/Users/user/.local/share/mamba/envs/ros_humble CONDA_PROMPT_MODIFIER=(ros_humble) SHLVL=2 _=/usr/bin/env /opt/homebrew/bin/cmake --build /Users/user/Desktop/VsCode/WATO/wato_asd_training/build/moving_obstacles -- -j10 -l10
[4.332s] Invoking command in '/Users/user/Desktop/VsCode/WATO/wato_asd_training/build/moving_obstacles': CMAKE_PREFIX_PATH=/Users/user/.local/share/mamba/envs/ros_humble CONDA_PROMPT_MODIFIER=(ros_humble) SHLVL=2 _=/usr/bin/env /opt/homebrew/bin/cmake --install /Users/user/Desktop/VsCode/WATO/wato_asd_training/build/moving_obstacles
[4.337s] -- Install configuration: ""
[4.337s] -- Installing: /Users/user/Desktop/VsCode/WATO/wato_asd_training/install/moving_obstacles/lib/moving_obstacles/moving_obstacles_node
[4.352s] -- Installing: /Users/user/Desktop/VsCode/WATO/wato_asd_training/install/moving_obstacles/share/moving_obstacles/config
[4.352s] -- Installing: /Users/user/Desktop/VsCode/WATO/wato_asd_training/install/moving_obstacles/share/moving_obstacles/config/params.yaml
[4.352s] -- Installing: /Users/user/Desktop/VsCode/WATO/wato_asd_training/install/moving_obstacles/share/ament_index/resource_index/package_run_dependencies/moving_obstacles
[4.352s] -- Installing: /Users/user/Desktop/VsCode/WATO/wato_asd_training/install/moving_obstacles/share/ament_index/resource_index/parent_prefix_path/moving_obstacles
[4.353s] -- Installing: /Users/user/Desktop/VsCode/WATO/wato_asd_training/install/moving_obstacles/share/moving_obstacles/environment/ament_prefix_path.sh
[4.353s] -- Installing: /Users/user/Desktop/VsCode/WATO/wato_asd_training/install/moving_obstacles/share/moving_obstacles/environment/ament_prefix_path.dsv
[4.353s] -- Installing: /Users/user/Desktop/VsCode/WATO/wato_asd_training/install/moving_obstacles/share/moving_obstacles/environment/path.sh
[4.353s] -- Installing: /Users/user/Desktop/VsCode/WATO/wato_asd_training/install/moving_obstacles/share/moving_obstacles/environment/path.dsv
[4.353s] -- Installing: /Users/user/Desktop/VsCode/WATO/wato_asd_training/install/moving_obstacles/share/moving_obstacles/local_setup.bash
[4.354s] -- Installing: /Users/user/Desktop/VsCode/WATO/wato_asd_training/install/moving_obstacles/share/moving_obstacles/local_setup.sh
[4.354s] -- Installing: /Users/user/Desktop/VsCode/WATO/wato_asd_training/install/moving_obstacles/share/moving_obstacles/local_setup.zsh
[4.354s] -- Installing: /Users/user/Desktop/VsCode/WATO/wato_asd_training/install/moving_obstacles/share/moving_obstacles/local_setup.dsv
[4.354s] -- Installing: /Users/user/Desktop/VsCode/WATO/wato_asd_training/install/moving_obstacles/share/moving_obstacles/package.dsv
[4.355s] -- Installing: /Users/user/Desktop/VsCode/WATO/wato_asd_training/install/moving_obstacles/share/ament_index/resource_index/packages/moving_obstacles
[4.355s] -- Installing: /Users/user/Desktop/VsCode/WATO/wato_asd_training/install/moving_obstacles/share/moving_obstacles/cmake/moving_obstaclesConfig.cmake
[4.355s] -- Installing: /Users/user/Desktop/VsCode/WATO/wato_asd_training/install/moving_obstacles/share/moving_obstacles/cmake/moving_obstaclesConfig-version.cmake
[4.355s] -- Installing: /Users/user/Desktop/VsCode/WATO/wato_asd_training/install/moving_obstacles/share/moving_obstacles/package.xml
[4.357s] Invoked command in '/Users/user/Desktop/VsCode/WATO/wato_asd_training/build/moving_obstacles' returned '0': CMAKE_PREFIX_PATH=/Users/user/.local/share/mamba/envs/ros_humble CONDA_PROMPT_MODIFIER=(ros_humble) SHLVL=2 _=/usr/bin/env /opt/homebrew/bin/cmake --install /Users/user/Desktop/VsCode/WATO/wato_asd_training/build/moving_obstacles
