[0.013s] Invoking command in '/Users/user/Desktop/VsCode/WATO/wato_asd_training/build/costmap': CMAKE_PREFIX_PATH=/Users/user/.local/share/mamba/envs/ros_humble CONDA_PROMPT_MODIFIER=(ros_humble) SHLVL=2 _=/usr/bin/env /opt/homebrew/bin/cmake /Users/user/Desktop/VsCode/WATO/wato_asd_training/src/robot/costmap -DCMAKE_INSTALL_PREFIX=/Users/user/Desktop/VsCode/WATO/wato_asd_training/install/costmap
[0.281s] -- The C compiler identification is AppleClang 21.0.0.21000334
[0.346s] -- The CXX compiler identification is AppleClang 21.0.0.21000334
[0.363s] -- Detecting C compiler ABI info
[0.464s] -- Detecting C compiler ABI info - done
[0.474s] -- Check for working C compiler: /usr/bin/cc - skipped
[0.475s] -- Detecting C compile features
[0.475s] -- Detecting C compile features - done
[0.480s] -- Detecting CXX compiler ABI info
[0.578s] -- Detecting CXX compiler ABI info - done
[0.586s] -- Check for working CXX compiler: /usr/bin/c++ - skipped
[0.587s] -- Detecting CXX compile features
[0.587s] -- Detecting CXX compile features - done
[0.614s] -- Found ament_cmake: 1.3.14 (/Users/user/.local/share/mamba/envs/ros_humble/share/ament_cmake/cmake)
[0.715s] -- Found Python3: /Users/user/.local/share/mamba/envs/ros_humble/bin/python3 (found version "3.12.14") found components: Interpreter
[0.878s] -- Found rclcpp: 16.0.19 (/Users/user/.local/share/mamba/envs/ros_humble/share/rclcpp/cmake)
[0.996s] -- Found rosidl_generator_c: 3.1.8 (/Users/user/.local/share/mamba/envs/ros_humble/share/rosidl_generator_c/cmake)
[1.013s] -- Found rosidl_adapter: 3.1.8 (/Users/user/.local/share/mamba/envs/ros_humble/share/rosidl_adapter/cmake)
[1.037s] -- Found rosidl_generator_cpp: 3.1.8 (/Users/user/.local/share/mamba/envs/ros_humble/share/rosidl_generator_cpp/cmake)
[1.066s] -- Using all available rosidl_typesupport_c: rosidl_typesupport_fastrtps_c;rosidl_typesupport_introspection_c
[1.103s] -- Using all available rosidl_typesupport_cpp: rosidl_typesupport_fastrtps_cpp;rosidl_typesupport_introspection_cpp
[1.239s] -- Checking for module 'yaml-0.1'
[1.321s] --   Found yaml-0.1, version 0.2.5
[1.548s] -- Found rmw_implementation_cmake: 6.1.2 (/Users/user/.local/share/mamba/envs/ros_humble/share/rmw_implementation_cmake/cmake)
[1.557s] -- Found rmw_cyclonedds_cpp: 1.3.4 (/Users/user/.local/share/mamba/envs/ros_humble/share/rmw_cyclonedds_cpp/cmake)
[1.615s] -- Using RMW implementation 'rmw_cyclonedds_cpp' as default
[1.640s] -- Performing Test CMAKE_HAVE_LIBC_PTHREAD
[1.744s] -- Performing Test CMAKE_HAVE_LIBC_PTHREAD - Success
[1.744s] -- Found Threads: TRUE
[1.822s] -- Found sensor_msgs: 4.9.1 (/Users/user/.local/share/mamba/envs/ros_humble/share/sensor_msgs/cmake)
[1.905s] -- Found nav_msgs: 4.9.1 (/Users/user/.local/share/mamba/envs/ros_humble/share/nav_msgs/cmake)
[1.970s] -- Configuring done (1.9s)
[2.005s] -- Generating done (0.0s)
[2.033s] -- Build files have been written to: /Users/user/Desktop/VsCode/WATO/wato_asd_training/build/costmap
[2.036s] Invoked command in '/Users/user/Desktop/VsCode/WATO/wato_asd_training/build/costmap' returned '0': CMAKE_PREFIX_PATH=/Users/user/.local/share/mamba/envs/ros_humble CONDA_PROMPT_MODIFIER=(ros_humble) SHLVL=2 _=/usr/bin/env /opt/homebrew/bin/cmake /Users/user/Desktop/VsCode/WATO/wato_asd_training/src/robot/costmap -DCMAKE_INSTALL_PREFIX=/Users/user/Desktop/VsCode/WATO/wato_asd_training/install/costmap
[2.037s] Invoking command in '/Users/user/Desktop/VsCode/WATO/wato_asd_training/build/costmap': CMAKE_PREFIX_PATH=/Users/user/.local/share/mamba/envs/ros_humble CONDA_PROMPT_MODIFIER=(ros_humble) SHLVL=2 _=/usr/bin/env /opt/homebrew/bin/cmake --build /Users/user/Desktop/VsCode/WATO/wato_asd_training/build/costmap -- -j10 -l10
[2.075s] [ 25%] Building CXX object CMakeFiles/costmap_lib.dir/src/costmap_core.cpp.o
[2.938s] [ 50%] Linking CXX static library libcostmap_lib.a
[2.973s] [ 50%] Built target costmap_lib
[2.994s] [ 75%] Building CXX object CMakeFiles/costmap_node.dir/src/costmap_node.cpp.o
[4.462s] [100%] Linking CXX executable costmap_node
[4.481s] ld: library 'atomic' not found
[4.481s] clang++: error: linker command failed with exit code 1 (use -v to see invocation)
[4.482s] make[2]: *** [costmap_node] Error 1
[4.482s] make[1]: *** [CMakeFiles/costmap_node.dir/all] Error 2
[4.482s] make: *** [all] Error 2
[4.484s] Invoked command in '/Users/user/Desktop/VsCode/WATO/wato_asd_training/build/costmap' returned '2': CMAKE_PREFIX_PATH=/Users/user/.local/share/mamba/envs/ros_humble CONDA_PROMPT_MODIFIER=(ros_humble) SHLVL=2 _=/usr/bin/env /opt/homebrew/bin/cmake --build /Users/user/Desktop/VsCode/WATO/wato_asd_training/build/costmap -- -j10 -l10
