[0.020s] Invoking command in '/Users/user/Desktop/VsCode/WATO/wato_asd_training/build/map_memory': CMAKE_PREFIX_PATH=/Users/user/.local/share/mamba/envs/ros_humble CONDA_PROMPT_MODIFIER=(ros_humble) SHLVL=2 _=/usr/bin/env /opt/homebrew/bin/cmake --build /Users/user/Desktop/VsCode/WATO/wato_asd_training/build/map_memory -- -j10 -l10
[0.126s] [ 50%] Built target map_memory_lib
[0.169s] [ 75%] Building CXX object CMakeFiles/map_memory_node.dir/src/map_memory_node.cpp.o
[2.535s] [100%] Linking CXX executable map_memory_node
[2.648s] [100%] Built target map_memory_node
[2.655s] Invoked command in '/Users/user/Desktop/VsCode/WATO/wato_asd_training/build/map_memory' returned '0': CMAKE_PREFIX_PATH=/Users/user/.local/share/mamba/envs/ros_humble CONDA_PROMPT_MODIFIER=(ros_humble) SHLVL=2 _=/usr/bin/env /opt/homebrew/bin/cmake --build /Users/user/Desktop/VsCode/WATO/wato_asd_training/build/map_memory -- -j10 -l10
[2.666s] Invoking command in '/Users/user/Desktop/VsCode/WATO/wato_asd_training/build/map_memory': CMAKE_PREFIX_PATH=/Users/user/.local/share/mamba/envs/ros_humble CONDA_PROMPT_MODIFIER=(ros_humble) SHLVL=2 _=/usr/bin/env /opt/homebrew/bin/cmake --install /Users/user/Desktop/VsCode/WATO/wato_asd_training/build/map_memory
[2.674s] -- Install configuration: ""
[2.674s] -- Installing: /Users/user/Desktop/VsCode/WATO/wato_asd_training/install/map_memory/lib/map_memory/map_memory_node
[2.691s] -- Up-to-date: /Users/user/Desktop/VsCode/WATO/wato_asd_training/install/map_memory/share/map_memory/config
[2.691s] -- Installing: /Users/user/Desktop/VsCode/WATO/wato_asd_training/install/map_memory/share/map_memory/config/params.yaml
[2.691s] -- Up-to-date: /Users/user/Desktop/VsCode/WATO/wato_asd_training/install/map_memory/share/ament_index/resource_index/package_run_dependencies/map_memory
[2.692s] -- Up-to-date: /Users/user/Desktop/VsCode/WATO/wato_asd_training/install/map_memory/share/ament_index/resource_index/parent_prefix_path/map_memory
[2.692s] -- Up-to-date: /Users/user/Desktop/VsCode/WATO/wato_asd_training/install/map_memory/share/map_memory/environment/ament_prefix_path.sh
[2.692s] -- Up-to-date: /Users/user/Desktop/VsCode/WATO/wato_asd_training/install/map_memory/share/map_memory/environment/ament_prefix_path.dsv
[2.692s] -- Up-to-date: /Users/user/Desktop/VsCode/WATO/wato_asd_training/install/map_memory/share/map_memory/environment/path.sh
[2.692s] -- Up-to-date: /Users/user/Desktop/VsCode/WATO/wato_asd_training/install/map_memory/share/map_memory/environment/path.dsv
[2.692s] -- Up-to-date: /Users/user/Desktop/VsCode/WATO/wato_asd_training/install/map_memory/share/map_memory/local_setup.bash
[2.692s] -- Up-to-date: /Users/user/Desktop/VsCode/WATO/wato_asd_training/install/map_memory/share/map_memory/local_setup.sh
[2.692s] -- Up-to-date: /Users/user/Desktop/VsCode/WATO/wato_asd_training/install/map_memory/share/map_memory/local_setup.zsh
[2.692s] -- Up-to-date: /Users/user/Desktop/VsCode/WATO/wato_asd_training/install/map_memory/share/map_memory/local_setup.dsv
[2.692s] -- Installing: /Users/user/Desktop/VsCode/WATO/wato_asd_training/install/map_memory/share/map_memory/package.dsv
[2.693s] -- Up-to-date: /Users/user/Desktop/VsCode/WATO/wato_asd_training/install/map_memory/share/ament_index/resource_index/packages/map_memory
[2.693s] -- Up-to-date: /Users/user/Desktop/VsCode/WATO/wato_asd_training/install/map_memory/share/map_memory/cmake/map_memoryConfig.cmake
[2.693s] -- Up-to-date: /Users/user/Desktop/VsCode/WATO/wato_asd_training/install/map_memory/share/map_memory/cmake/map_memoryConfig-version.cmake
[2.693s] -- Up-to-date: /Users/user/Desktop/VsCode/WATO/wato_asd_training/install/map_memory/share/map_memory/package.xml
[2.694s] Invoked command in '/Users/user/Desktop/VsCode/WATO/wato_asd_training/build/map_memory' returned '0': CMAKE_PREFIX_PATH=/Users/user/.local/share/mamba/envs/ros_humble CONDA_PROMPT_MODIFIER=(ros_humble) SHLVL=2 _=/usr/bin/env /opt/homebrew/bin/cmake --install /Users/user/Desktop/VsCode/WATO/wato_asd_training/build/map_memory
