[0.015s] Invoking command in '/Users/user/Desktop/VsCode/WATO/wato_asd_training/build/planner': CMAKE_PREFIX_PATH=/Users/user/.local/share/mamba/envs/ros_humble CONDA_PROMPT_MODIFIER=(ros_humble) SHLVL=2 _=/usr/bin/env /opt/homebrew/bin/cmake /Users/user/Desktop/VsCode/WATO/wato_asd_training/src/robot/planner -DCMAKE_INSTALL_PREFIX=/Users/user/Desktop/VsCode/WATO/wato_asd_training/install/planner
[0.349s] -- The C compiler identification is AppleClang 21.0.0.21000334
[0.468s] -- The CXX compiler identification is AppleClang 21.0.0.21000334
[0.487s] -- Detecting C compiler ABI info
[0.662s] -- Detecting C compiler ABI info - done
[0.675s] -- Check for working C compiler: /usr/bin/cc - skipped
[0.676s] -- Detecting C compile features
[0.676s] -- Detecting C compile features - done
[0.683s] -- Detecting CXX compiler ABI info
[0.851s] -- Detecting CXX compiler ABI info - done
[0.865s] -- Check for working CXX compiler: /usr/bin/c++ - skipped
[0.865s] -- Detecting CXX compile features
[0.866s] -- Detecting CXX compile features - done
[0.901s] -- Found ament_cmake: 1.3.14 (/Users/user/.local/share/mamba/envs/ros_humble/share/ament_cmake/cmake)
[1.068s] -- Found Python3: /Users/user/.local/share/mamba/envs/ros_humble/bin/python3 (found version "3.12.14") found components: Interpreter
[1.370s] -- Found rclcpp: 16.0.19 (/Users/user/.local/share/mamba/envs/ros_humble/share/rclcpp/cmake)
[1.569s] -- Found rosidl_generator_c: 3.1.8 (/Users/user/.local/share/mamba/envs/ros_humble/share/rosidl_generator_c/cmake)
[1.596s] -- Found rosidl_adapter: 3.1.8 (/Users/user/.local/share/mamba/envs/ros_humble/share/rosidl_adapter/cmake)
[1.632s] -- Found rosidl_generator_cpp: 3.1.8 (/Users/user/.local/share/mamba/envs/ros_humble/share/rosidl_generator_cpp/cmake)
[1.672s] -- Using all available rosidl_typesupport_c: rosidl_typesupport_fastrtps_c;rosidl_typesupport_introspection_c
[1.734s] -- Using all available rosidl_typesupport_cpp: rosidl_typesupport_fastrtps_cpp;rosidl_typesupport_introspection_cpp
[1.952s] -- Checking for module 'yaml-0.1'
[2.095s] --   Found yaml-0.1, version 0.2.5
[2.475s] -- Found rmw_implementation_cmake: 6.1.2 (/Users/user/.local/share/mamba/envs/ros_humble/share/rmw_implementation_cmake/cmake)
[2.490s] -- Found rmw_cyclonedds_cpp: 1.3.4 (/Users/user/.local/share/mamba/envs/ros_humble/share/rmw_cyclonedds_cpp/cmake)
[2.581s] -- Using RMW implementation 'rmw_cyclonedds_cpp' as default
[2.622s] -- Performing Test CMAKE_HAVE_LIBC_PTHREAD
[2.761s] -- Performing Test CMAKE_HAVE_LIBC_PTHREAD - Success
[2.761s] -- Found Threads: TRUE
[2.873s] -- Found nav_msgs: 4.9.1 (/Users/user/.local/share/mamba/envs/ros_humble/share/nav_msgs/cmake)
[3.043s] -- Configuring done (3.0s)
[3.092s] -- Generating done (0.0s)
[3.127s] -- Build files have been written to: /Users/user/Desktop/VsCode/WATO/wato_asd_training/build/planner
[3.130s] Invoked command in '/Users/user/Desktop/VsCode/WATO/wato_asd_training/build/planner' returned '0': CMAKE_PREFIX_PATH=/Users/user/.local/share/mamba/envs/ros_humble CONDA_PROMPT_MODIFIER=(ros_humble) SHLVL=2 _=/usr/bin/env /opt/homebrew/bin/cmake /Users/user/Desktop/VsCode/WATO/wato_asd_training/src/robot/planner -DCMAKE_INSTALL_PREFIX=/Users/user/Desktop/VsCode/WATO/wato_asd_training/install/planner
[3.132s] Invoking command in '/Users/user/Desktop/VsCode/WATO/wato_asd_training/build/planner': CMAKE_PREFIX_PATH=/Users/user/.local/share/mamba/envs/ros_humble CONDA_PROMPT_MODIFIER=(ros_humble) SHLVL=2 _=/usr/bin/env /opt/homebrew/bin/cmake --build /Users/user/Desktop/VsCode/WATO/wato_asd_training/build/planner -- -j10 -l10
[3.182s] [ 25%] Building CXX object CMakeFiles/planner_lib.dir/src/planner_core.cpp.o
[4.282s] [ 50%] Linking CXX static library libplanner_lib.a
[4.436s] [ 50%] Built target planner_lib
[4.488s] [ 75%] Building CXX object CMakeFiles/planner_node.dir/src/planner_node.cpp.o
[6.730s] [100%] Linking CXX executable planner_node
[6.792s] [100%] Built target planner_node
[6.798s] Invoked command in '/Users/user/Desktop/VsCode/WATO/wato_asd_training/build/planner' returned '0': CMAKE_PREFIX_PATH=/Users/user/.local/share/mamba/envs/ros_humble CONDA_PROMPT_MODIFIER=(ros_humble) SHLVL=2 _=/usr/bin/env /opt/homebrew/bin/cmake --build /Users/user/Desktop/VsCode/WATO/wato_asd_training/build/planner -- -j10 -l10
[6.800s] Invoking command in '/Users/user/Desktop/VsCode/WATO/wato_asd_training/build/planner': CMAKE_PREFIX_PATH=/Users/user/.local/share/mamba/envs/ros_humble CONDA_PROMPT_MODIFIER=(ros_humble) SHLVL=2 _=/usr/bin/env /opt/homebrew/bin/cmake --install /Users/user/Desktop/VsCode/WATO/wato_asd_training/build/planner
[6.803s] -- Install configuration: ""
[6.803s] -- Installing: /Users/user/Desktop/VsCode/WATO/wato_asd_training/install/planner/lib/planner/planner_node
[6.824s] -- Installing: /Users/user/Desktop/VsCode/WATO/wato_asd_training/install/planner/share/planner/config
[6.825s] -- Installing: /Users/user/Desktop/VsCode/WATO/wato_asd_training/install/planner/share/planner/config/params.yaml
[6.825s] -- Installing: /Users/user/Desktop/VsCode/WATO/wato_asd_training/install/planner/share/ament_index/resource_index/package_run_dependencies/planner
[6.825s] -- Installing: /Users/user/Desktop/VsCode/WATO/wato_asd_training/install/planner/share/ament_index/resource_index/parent_prefix_path/planner
[6.825s] -- Installing: /Users/user/Desktop/VsCode/WATO/wato_asd_training/install/planner/share/planner/environment/ament_prefix_path.sh
[6.826s] -- Installing: /Users/user/Desktop/VsCode/WATO/wato_asd_training/install/planner/share/planner/environment/ament_prefix_path.dsv
[6.826s] -- Installing: /Users/user/Desktop/VsCode/WATO/wato_asd_training/install/planner/share/planner/environment/path.sh
[6.826s] -- Installing: /Users/user/Desktop/VsCode/WATO/wato_asd_training/install/planner/share/planner/environment/path.dsv
[6.826s] -- Installing: /Users/user/Desktop/VsCode/WATO/wato_asd_training/install/planner/share/planner/local_setup.bash
[6.826s] -- Installing: /Users/user/Desktop/VsCode/WATO/wato_asd_training/install/planner/share/planner/local_setup.sh
[6.826s] -- Installing: /Users/user/Desktop/VsCode/WATO/wato_asd_training/install/planner/share/planner/local_setup.zsh
[6.827s] -- Installing: /Users/user/Desktop/VsCode/WATO/wato_asd_training/install/planner/share/planner/local_setup.dsv
[6.827s] -- Installing: /Users/user/Desktop/VsCode/WATO/wato_asd_training/install/planner/share/planner/package.dsv
[6.827s] -- Installing: /Users/user/Desktop/VsCode/WATO/wato_asd_training/install/planner/share/ament_index/resource_index/packages/planner
[6.827s] -- Installing: /Users/user/Desktop/VsCode/WATO/wato_asd_training/install/planner/share/planner/cmake/plannerConfig.cmake
[6.827s] -- Installing: /Users/user/Desktop/VsCode/WATO/wato_asd_training/install/planner/share/planner/cmake/plannerConfig-version.cmake
[6.828s] -- Installing: /Users/user/Desktop/VsCode/WATO/wato_asd_training/install/planner/share/planner/package.xml
[6.829s] Invoked command in '/Users/user/Desktop/VsCode/WATO/wato_asd_training/build/planner' returned '0': CMAKE_PREFIX_PATH=/Users/user/.local/share/mamba/envs/ros_humble CONDA_PROMPT_MODIFIER=(ros_humble) SHLVL=2 _=/usr/bin/env /opt/homebrew/bin/cmake --install /Users/user/Desktop/VsCode/WATO/wato_asd_training/build/planner
