[0.018s] Invoking command in '/Users/user/Desktop/VsCode/WATO/wato_asd_training/build/control': CMAKE_PREFIX_PATH=/Users/user/.local/share/mamba/envs/ros_humble CONDA_PROMPT_MODIFIER=(ros_humble) SHLVL=2 _=/usr/bin/env /opt/homebrew/bin/cmake --build /Users/user/Desktop/VsCode/WATO/wato_asd_training/build/control -- -j10 -l10
[0.128s] -- Found ament_cmake: 1.3.14 (/Users/user/.local/share/mamba/envs/ros_humble/share/ament_cmake/cmake)
[0.327s] -- Found rclcpp: 16.0.19 (/Users/user/.local/share/mamba/envs/ros_humble/share/rclcpp/cmake)
[0.379s] -- Found rosidl_generator_c: 3.1.8 (/Users/user/.local/share/mamba/envs/ros_humble/share/rosidl_generator_c/cmake)
[0.382s] -- Found rosidl_adapter: 3.1.8 (/Users/user/.local/share/mamba/envs/ros_humble/share/rosidl_adapter/cmake)
[0.393s] -- Found rosidl_generator_cpp: 3.1.8 (/Users/user/.local/share/mamba/envs/ros_humble/share/rosidl_generator_cpp/cmake)
[0.410s] -- Using all available rosidl_typesupport_c: rosidl_typesupport_fastrtps_c;rosidl_typesupport_introspection_c
[0.427s] -- Using all available rosidl_typesupport_cpp: rosidl_typesupport_fastrtps_cpp;rosidl_typesupport_introspection_cpp
[0.546s] -- Found rmw_implementation_cmake: 6.1.2 (/Users/user/.local/share/mamba/envs/ros_humble/share/rmw_implementation_cmake/cmake)
[0.548s] -- Found rmw_cyclonedds_cpp: 1.3.4 (/Users/user/.local/share/mamba/envs/ros_humble/share/rmw_cyclonedds_cpp/cmake)
[0.581s] -- Using RMW implementation 'rmw_cyclonedds_cpp' as default
[0.651s] -- Found nav_msgs: 4.9.1 (/Users/user/.local/share/mamba/envs/ros_humble/share/nav_msgs/cmake)
[0.720s] -- Found sensor_msgs: 4.9.1 (/Users/user/.local/share/mamba/envs/ros_humble/share/sensor_msgs/cmake)
[0.761s] -- Found ament_cmake_gtest: 1.3.14 (/Users/user/.local/share/mamba/envs/ros_humble/share/ament_cmake_gtest/cmake)
[0.772s] -- Found gtest sources under '/Users/user/.local/share/mamba/envs/ros_humble/src/gtest_vendor': C++ tests using 'Google Test' will be built
[0.777s] CMake Warning (deprecated) at /Users/user/.local/share/mamba/envs/ros_humble/src/gtest_vendor/CMakeLists.txt:2 (cmake_minimum_required):
[0.777s]   Compatibility with CMake < 3.10 will be removed from a future version of
[0.777s]   CMake.
[0.777s] 
[0.777s]   Update the VERSION argument <min> value.  Or, use the <min>...<max> syntax
[0.777s]   to tell CMake that the project requires at least <min> but has been updated
[0.777s]   to work with policies introduced by <max> or earlier.
[0.778s] This warning is for project developers.  Use -Wno-author or -Wno-deprecated
[0.778s] to suppress it.
[0.778s] 
[0.838s] -- Configuring done (0.8s)
[0.894s] -- Generating done (0.1s)
[0.941s] -- Build files have been written to: /Users/user/Desktop/VsCode/WATO/wato_asd_training/build/control
[0.989s] [ 10%] Building CXX object gtest/CMakeFiles/gtest.dir/src/gtest-all.cc.o
[0.992s] [ 20%] Building CXX object gtest/CMakeFiles/gtest_main.dir/src/gtest_main.cc.o
[1.012s] [ 30%] Building CXX object CMakeFiles/control_lib.dir/src/control_core.cpp.o
[1.456s] [ 40%] Linking CXX static library libgtest_main.a
[1.541s] [ 40%] Built target gtest_main
[2.011s] [ 50%] Linking CXX static library libgtest.a
[2.011s] [ 60%] Linking CXX static library libcontrol_lib.a
[2.076s] [ 60%] Built target control_lib
[2.093s] [ 60%] Built target gtest
[2.142s] [ 70%] Building CXX object CMakeFiles/test_control_core.dir/test/test_control_core.cpp.o
[2.146s] [ 80%] Building CXX object CMakeFiles/control_node.dir/src/control_node.cpp.o
[3.040s] [ 90%] Linking CXX executable test_control_core
[3.104s] [ 90%] Built target test_control_core
[4.393s] [100%] Linking CXX executable control_node
[4.448s] [100%] Built target control_node
[4.454s] Invoked command in '/Users/user/Desktop/VsCode/WATO/wato_asd_training/build/control' returned '0': CMAKE_PREFIX_PATH=/Users/user/.local/share/mamba/envs/ros_humble CONDA_PROMPT_MODIFIER=(ros_humble) SHLVL=2 _=/usr/bin/env /opt/homebrew/bin/cmake --build /Users/user/Desktop/VsCode/WATO/wato_asd_training/build/control -- -j10 -l10
[4.455s] Invoking command in '/Users/user/Desktop/VsCode/WATO/wato_asd_training/build/control': CMAKE_PREFIX_PATH=/Users/user/.local/share/mamba/envs/ros_humble CONDA_PROMPT_MODIFIER=(ros_humble) SHLVL=2 _=/usr/bin/env /opt/homebrew/bin/cmake --install /Users/user/Desktop/VsCode/WATO/wato_asd_training/build/control
[4.460s] -- Install configuration: ""
[4.460s] -- Installing: /Users/user/Desktop/VsCode/WATO/wato_asd_training/install/control/lib/control/control_node
[4.476s] -- Up-to-date: /Users/user/Desktop/VsCode/WATO/wato_asd_training/install/control/share/control/config
[4.476s] -- Installing: /Users/user/Desktop/VsCode/WATO/wato_asd_training/install/control/share/control/config/params.yaml
[4.477s] -- Installing: /Users/user/Desktop/VsCode/WATO/wato_asd_training/install/control/share/ament_index/resource_index/package_run_dependencies/control
[4.477s] -- Up-to-date: /Users/user/Desktop/VsCode/WATO/wato_asd_training/install/control/share/ament_index/resource_index/parent_prefix_path/control
[4.477s] -- Up-to-date: /Users/user/Desktop/VsCode/WATO/wato_asd_training/install/control/share/control/environment/ament_prefix_path.sh
[4.477s] -- Installing: /Users/user/Desktop/VsCode/WATO/wato_asd_training/install/control/share/control/environment/ament_prefix_path.dsv
[4.477s] -- Up-to-date: /Users/user/Desktop/VsCode/WATO/wato_asd_training/install/control/share/control/environment/path.sh
[4.477s] -- Installing: /Users/user/Desktop/VsCode/WATO/wato_asd_training/install/control/share/control/environment/path.dsv
[4.478s] -- Up-to-date: /Users/user/Desktop/VsCode/WATO/wato_asd_training/install/control/share/control/local_setup.bash
[4.478s] -- Up-to-date: /Users/user/Desktop/VsCode/WATO/wato_asd_training/install/control/share/control/local_setup.sh
[4.478s] -- Up-to-date: /Users/user/Desktop/VsCode/WATO/wato_asd_training/install/control/share/control/local_setup.zsh
[4.478s] -- Installing: /Users/user/Desktop/VsCode/WATO/wato_asd_training/install/control/share/control/local_setup.dsv
[4.478s] -- Installing: /Users/user/Desktop/VsCode/WATO/wato_asd_training/install/control/share/control/package.dsv
[4.478s] -- Up-to-date: /Users/user/Desktop/VsCode/WATO/wato_asd_training/install/control/share/ament_index/resource_index/packages/control
[4.478s] -- Up-to-date: /Users/user/Desktop/VsCode/WATO/wato_asd_training/install/control/share/control/cmake/controlConfig.cmake
[4.478s] -- Up-to-date: /Users/user/Desktop/VsCode/WATO/wato_asd_training/install/control/share/control/cmake/controlConfig-version.cmake
[4.478s] -- Installing: /Users/user/Desktop/VsCode/WATO/wato_asd_training/install/control/share/control/package.xml
[4.479s] Invoked command in '/Users/user/Desktop/VsCode/WATO/wato_asd_training/build/control' returned '0': CMAKE_PREFIX_PATH=/Users/user/.local/share/mamba/envs/ros_humble CONDA_PROMPT_MODIFIER=(ros_humble) SHLVL=2 _=/usr/bin/env /opt/homebrew/bin/cmake --install /Users/user/Desktop/VsCode/WATO/wato_asd_training/build/control
