[0.016s] Invoking command in '/Users/user/Desktop/VsCode/WATO/wato_asd_training/build/control': CMAKE_PREFIX_PATH=/Users/user/.local/share/mamba/envs/ros_humble CONDA_PROMPT_MODIFIER=(ros_humble) SHLVL=2 _=/usr/bin/env /opt/homebrew/bin/cmake --build /Users/user/Desktop/VsCode/WATO/wato_asd_training/build/control -- -j10 -l10
[0.142s] [ 20%] Built target gtest_main
[0.142s] [ 40%] Built target gtest
[0.147s] [ 50%] Building CXX object CMakeFiles/control_lib.dir/src/control_core.cpp.o
[1.211s] [ 60%] Linking CXX static library libcontrol_lib.a
[1.302s] [ 60%] Built target control_lib
[1.334s] [ 70%] Building CXX object CMakeFiles/test_control_core.dir/test/test_control_core.cpp.o
[1.344s] [ 80%] Building CXX object CMakeFiles/control_node.dir/src/control_node.cpp.o
[2.221s] [ 90%] Linking CXX executable test_control_core
[2.282s] [ 90%] Built target test_control_core
[3.825s] [100%] Linking CXX executable control_node
[3.880s] [100%] Built target control_node
[3.886s] Invoked command in '/Users/user/Desktop/VsCode/WATO/wato_asd_training/build/control' returned '0': CMAKE_PREFIX_PATH=/Users/user/.local/share/mamba/envs/ros_humble CONDA_PROMPT_MODIFIER=(ros_humble) SHLVL=2 _=/usr/bin/env /opt/homebrew/bin/cmake --build /Users/user/Desktop/VsCode/WATO/wato_asd_training/build/control -- -j10 -l10
[3.889s] Invoking command in '/Users/user/Desktop/VsCode/WATO/wato_asd_training/build/control': CMAKE_PREFIX_PATH=/Users/user/.local/share/mamba/envs/ros_humble CONDA_PROMPT_MODIFIER=(ros_humble) SHLVL=2 _=/usr/bin/env /opt/homebrew/bin/cmake --install /Users/user/Desktop/VsCode/WATO/wato_asd_training/build/control
[3.893s] -- Install configuration: ""
[3.894s] -- Installing: /Users/user/Desktop/VsCode/WATO/wato_asd_training/install/control/lib/control/control_node
[3.912s] -- Up-to-date: /Users/user/Desktop/VsCode/WATO/wato_asd_training/install/control/share/control/config
[3.912s] -- Installing: /Users/user/Desktop/VsCode/WATO/wato_asd_training/install/control/share/control/config/params.yaml
[3.913s] -- Up-to-date: /Users/user/Desktop/VsCode/WATO/wato_asd_training/install/control/share/ament_index/resource_index/package_run_dependencies/control
[3.913s] -- Up-to-date: /Users/user/Desktop/VsCode/WATO/wato_asd_training/install/control/share/ament_index/resource_index/parent_prefix_path/control
[3.913s] -- Up-to-date: /Users/user/Desktop/VsCode/WATO/wato_asd_training/install/control/share/control/environment/ament_prefix_path.sh
[3.913s] -- Up-to-date: /Users/user/Desktop/VsCode/WATO/wato_asd_training/install/control/share/control/environment/ament_prefix_path.dsv
[3.913s] -- Up-to-date: /Users/user/Desktop/VsCode/WATO/wato_asd_training/install/control/share/control/environment/path.sh
[3.913s] -- Up-to-date: /Users/user/Desktop/VsCode/WATO/wato_asd_training/install/control/share/control/environment/path.dsv
[3.913s] -- Up-to-date: /Users/user/Desktop/VsCode/WATO/wato_asd_training/install/control/share/control/local_setup.bash
[3.913s] -- Up-to-date: /Users/user/Desktop/VsCode/WATO/wato_asd_training/install/control/share/control/local_setup.sh
[3.913s] -- Up-to-date: /Users/user/Desktop/VsCode/WATO/wato_asd_training/install/control/share/control/local_setup.zsh
[3.913s] -- Up-to-date: /Users/user/Desktop/VsCode/WATO/wato_asd_training/install/control/share/control/local_setup.dsv
[3.913s] -- Installing: /Users/user/Desktop/VsCode/WATO/wato_asd_training/install/control/share/control/package.dsv
[3.914s] -- Up-to-date: /Users/user/Desktop/VsCode/WATO/wato_asd_training/install/control/share/ament_index/resource_index/packages/control
[3.914s] -- Up-to-date: /Users/user/Desktop/VsCode/WATO/wato_asd_training/install/control/share/control/cmake/controlConfig.cmake
[3.914s] -- Up-to-date: /Users/user/Desktop/VsCode/WATO/wato_asd_training/install/control/share/control/cmake/controlConfig-version.cmake
[3.914s] -- Up-to-date: /Users/user/Desktop/VsCode/WATO/wato_asd_training/install/control/share/control/package.xml
[3.916s] Invoked command in '/Users/user/Desktop/VsCode/WATO/wato_asd_training/build/control' returned '0': CMAKE_PREFIX_PATH=/Users/user/.local/share/mamba/envs/ros_humble CONDA_PROMPT_MODIFIER=(ros_humble) SHLVL=2 _=/usr/bin/env /opt/homebrew/bin/cmake --install /Users/user/Desktop/VsCode/WATO/wato_asd_training/build/control
