[ 50%] Built target costmap_lib
[ 75%] Building CXX object CMakeFiles/costmap_node.dir/src/costmap_node.cpp.o
[100%] Linking CXX executable costmap_node
[100%] Built target costmap_node
-- Install configuration: ""
-- Installing: /Users/user/Desktop/VsCode/WATO/wato_asd_training/install/costmap/lib/costmap/costmap_node
-- Up-to-date: /Users/user/Desktop/VsCode/WATO/wato_asd_training/install/costmap/share/costmap/config
-- Installing: /Users/user/Desktop/VsCode/WATO/wato_asd_training/install/costmap/share/costmap/config/params.yaml
-- Up-to-date: /Users/user/Desktop/VsCode/WATO/wato_asd_training/install/costmap/share/ament_index/resource_index/package_run_dependencies/costmap
-- Up-to-date: /Users/user/Desktop/VsCode/WATO/wato_asd_training/install/costmap/share/ament_index/resource_index/parent_prefix_path/costmap
-- Up-to-date: /Users/user/Desktop/VsCode/WATO/wato_asd_training/install/costmap/share/costmap/environment/ament_prefix_path.sh
-- Up-to-date: /Users/user/Desktop/VsCode/WATO/wato_asd_training/install/costmap/share/costmap/environment/ament_prefix_path.dsv
-- Up-to-date: /Users/user/Desktop/VsCode/WATO/wato_asd_training/install/costmap/share/costmap/environment/path.sh
-- Up-to-date: /Users/user/Desktop/VsCode/WATO/wato_asd_training/install/costmap/share/costmap/environment/path.dsv
-- Up-to-date: /Users/user/Desktop/VsCode/WATO/wato_asd_training/install/costmap/share/costmap/local_setup.bash
-- Up-to-date: /Users/user/Desktop/VsCode/WATO/wato_asd_training/install/costmap/share/costmap/local_setup.sh
-- Up-to-date: /Users/user/Desktop/VsCode/WATO/wato_asd_training/install/costmap/share/costmap/local_setup.zsh
-- Up-to-date: /Users/user/Desktop/VsCode/WATO/wato_asd_training/install/costmap/share/costmap/local_setup.dsv
-- Installing: /Users/user/Desktop/VsCode/WATO/wato_asd_training/install/costmap/share/costmap/package.dsv
-- Up-to-date: /Users/user/Desktop/VsCode/WATO/wato_asd_training/install/costmap/share/ament_index/resource_index/packages/costmap
-- Up-to-date: /Users/user/Desktop/VsCode/WATO/wato_asd_training/install/costmap/share/costmap/cmake/costmapConfig.cmake
-- Up-to-date: /Users/user/Desktop/VsCode/WATO/wato_asd_training/install/costmap/share/costmap/cmake/costmapConfig-version.cmake
-- Up-to-date: /Users/user/Desktop/VsCode/WATO/wato_asd_training/install/costmap/share/costmap/package.xml
