[0.018s] Invoking command in '/Users/user/Desktop/VsCode/WATO/wato_asd_training/build/costmap': CMAKE_PREFIX_PATH=/Users/user/.local/share/mamba/envs/ros_humble CONDA_PROMPT_MODIFIER=(ros_humble) SHLVL=2 _=/usr/bin/env /opt/homebrew/bin/cmake --build /Users/user/Desktop/VsCode/WATO/wato_asd_training/build/costmap -- -j10 -l10
[0.118s] [ 50%] Built target costmap_lib
[0.161s] [ 75%] Building CXX object CMakeFiles/costmap_node.dir/src/costmap_node.cpp.o
[2.493s] [100%] Linking CXX executable costmap_node
[2.620s] [100%] Built target costmap_node
[2.627s] Invoked command in '/Users/user/Desktop/VsCode/WATO/wato_asd_training/build/costmap' returned '0': CMAKE_PREFIX_PATH=/Users/user/.local/share/mamba/envs/ros_humble CONDA_PROMPT_MODIFIER=(ros_humble) SHLVL=2 _=/usr/bin/env /opt/homebrew/bin/cmake --build /Users/user/Desktop/VsCode/WATO/wato_asd_training/build/costmap -- -j10 -l10
[2.641s] Invoking command in '/Users/user/Desktop/VsCode/WATO/wato_asd_training/build/costmap': CMAKE_PREFIX_PATH=/Users/user/.local/share/mamba/envs/ros_humble CONDA_PROMPT_MODIFIER=(ros_humble) SHLVL=2 _=/usr/bin/env /opt/homebrew/bin/cmake --install /Users/user/Desktop/VsCode/WATO/wato_asd_training/build/costmap
[2.645s] -- Install configuration: ""
[2.646s] -- Installing: /Users/user/Desktop/VsCode/WATO/wato_asd_training/install/costmap/lib/costmap/costmap_node
[2.664s] -- Up-to-date: /Users/user/Desktop/VsCode/WATO/wato_asd_training/install/costmap/share/costmap/config
[2.664s] -- Installing: /Users/user/Desktop/VsCode/WATO/wato_asd_training/install/costmap/share/costmap/config/params.yaml
[2.664s] -- Up-to-date: /Users/user/Desktop/VsCode/WATO/wato_asd_training/install/costmap/share/ament_index/resource_index/package_run_dependencies/costmap
[2.664s] -- Up-to-date: /Users/user/Desktop/VsCode/WATO/wato_asd_training/install/costmap/share/ament_index/resource_index/parent_prefix_path/costmap
[2.664s] -- Up-to-date: /Users/user/Desktop/VsCode/WATO/wato_asd_training/install/costmap/share/costmap/environment/ament_prefix_path.sh
[2.664s] -- Up-to-date: /Users/user/Desktop/VsCode/WATO/wato_asd_training/install/costmap/share/costmap/environment/ament_prefix_path.dsv
[2.665s] -- Up-to-date: /Users/user/Desktop/VsCode/WATO/wato_asd_training/install/costmap/share/costmap/environment/path.sh
[2.665s] -- Up-to-date: /Users/user/Desktop/VsCode/WATO/wato_asd_training/install/costmap/share/costmap/environment/path.dsv
[2.665s] -- Up-to-date: /Users/user/Desktop/VsCode/WATO/wato_asd_training/install/costmap/share/costmap/local_setup.bash
[2.665s] -- Up-to-date: /Users/user/Desktop/VsCode/WATO/wato_asd_training/install/costmap/share/costmap/local_setup.sh
[2.665s] -- Up-to-date: /Users/user/Desktop/VsCode/WATO/wato_asd_training/install/costmap/share/costmap/local_setup.zsh
[2.665s] -- Up-to-date: /Users/user/Desktop/VsCode/WATO/wato_asd_training/install/costmap/share/costmap/local_setup.dsv
[2.665s] -- Installing: /Users/user/Desktop/VsCode/WATO/wato_asd_training/install/costmap/share/costmap/package.dsv
[2.665s] -- Up-to-date: /Users/user/Desktop/VsCode/WATO/wato_asd_training/install/costmap/share/ament_index/resource_index/packages/costmap
[2.665s] -- Up-to-date: /Users/user/Desktop/VsCode/WATO/wato_asd_training/install/costmap/share/costmap/cmake/costmapConfig.cmake
[2.665s] -- Up-to-date: /Users/user/Desktop/VsCode/WATO/wato_asd_training/install/costmap/share/costmap/cmake/costmapConfig-version.cmake
[2.665s] -- Up-to-date: /Users/user/Desktop/VsCode/WATO/wato_asd_training/install/costmap/share/costmap/package.xml
[2.666s] Invoked command in '/Users/user/Desktop/VsCode/WATO/wato_asd_training/build/costmap' returned '0': CMAKE_PREFIX_PATH=/Users/user/.local/share/mamba/envs/ros_humble CONDA_PROMPT_MODIFIER=(ros_humble) SHLVL=2 _=/usr/bin/env /opt/homebrew/bin/cmake --install /Users/user/Desktop/VsCode/WATO/wato_asd_training/build/costmap
