-- Found ament_cmake: 1.3.14 (/Users/user/.local/share/mamba/envs/ros_humble/share/ament_cmake/cmake)
-- Found rclcpp: 16.0.19 (/Users/user/.local/share/mamba/envs/ros_humble/share/rclcpp/cmake)
-- Found rosidl_generator_c: 3.1.8 (/Users/user/.local/share/mamba/envs/ros_humble/share/rosidl_generator_c/cmake)
-- Found rosidl_adapter: 3.1.8 (/Users/user/.local/share/mamba/envs/ros_humble/share/rosidl_adapter/cmake)
-- Found rosidl_generator_cpp: 3.1.8 (/Users/user/.local/share/mamba/envs/ros_humble/share/rosidl_generator_cpp/cmake)
-- Using all available rosidl_typesupport_c: rosidl_typesupport_fastrtps_c;rosidl_typesupport_introspection_c
-- Using all available rosidl_typesupport_cpp: rosidl_typesupport_fastrtps_cpp;rosidl_typesupport_introspection_cpp
-- Found rmw_implementation_cmake: 6.1.2 (/Users/user/.local/share/mamba/envs/ros_humble/share/rmw_implementation_cmake/cmake)
-- Found rmw_cyclonedds_cpp: 1.3.4 (/Users/user/.local/share/mamba/envs/ros_humble/share/rmw_cyclonedds_cpp/cmake)
-- Using RMW implementation 'rmw_cyclonedds_cpp' as default
-- Found nav_msgs: 4.9.1 (/Users/user/.local/share/mamba/envs/ros_humble/share/nav_msgs/cmake)
-- Found ament_cmake_gtest: 1.3.14 (/Users/user/.local/share/mamba/envs/ros_humble/share/ament_cmake_gtest/cmake)
-- Found gtest sources under '/Users/user/.local/share/mamba/envs/ros_humble/src/gtest_vendor': C++ tests using 'Google Test' will be built
-- Configuring done (0.6s)
-- Generating done (0.0s)
-- Build files have been written to: /Users/user/Desktop/VsCode/WATO/wato_asd_training/build/planner
[ 20%] Building CXX object gtest/CMakeFiles/gtest_main.dir/src/gtest_main.cc.o
[ 20%] Building CXX object gtest/CMakeFiles/gtest.dir/src/gtest-all.cc.o
[ 30%] Building CXX object CMakeFiles/planner_lib.dir/src/planner_core.cpp.o
[ 40%] Linking CXX static library libgtest_main.a
[ 40%] Built target gtest_main
[ 50%] Linking CXX static library libgtest.a
[ 50%] Built target gtest
[ 60%] Linking CXX static library libplanner_lib.a
[ 60%] Built target planner_lib
[ 70%] Building CXX object CMakeFiles/test_dstar_lite_planner.dir/test/test_lpa_planner.cpp.o
[ 80%] Building CXX object CMakeFiles/planner_node.dir/src/planner_node.cpp.o
[ 90%] Linking CXX executable test_dstar_lite_planner
[ 90%] Built target test_dstar_lite_planner
[100%] Linking CXX executable planner_node
[100%] Built target planner_node
-- Install configuration: ""
-- Installing: /Users/user/Desktop/VsCode/WATO/wato_asd_training/install/planner/lib/planner/planner_node
-- Up-to-date: /Users/user/Desktop/VsCode/WATO/wato_asd_training/install/planner/share/planner/config
-- Up-to-date: /Users/user/Desktop/VsCode/WATO/wato_asd_training/install/planner/share/planner/config/params.yaml
-- Installing: /Users/user/Desktop/VsCode/WATO/wato_asd_training/install/planner/share/ament_index/resource_index/package_run_dependencies/planner
-- Up-to-date: /Users/user/Desktop/VsCode/WATO/wato_asd_training/install/planner/share/ament_index/resource_index/parent_prefix_path/planner
-- Up-to-date: /Users/user/Desktop/VsCode/WATO/wato_asd_training/install/planner/share/planner/environment/ament_prefix_path.sh
-- Installing: /Users/user/Desktop/VsCode/WATO/wato_asd_training/install/planner/share/planner/environment/ament_prefix_path.dsv
-- Up-to-date: /Users/user/Desktop/VsCode/WATO/wato_asd_training/install/planner/share/planner/environment/path.sh
-- Installing: /Users/user/Desktop/VsCode/WATO/wato_asd_training/install/planner/share/planner/environment/path.dsv
-- Up-to-date: /Users/user/Desktop/VsCode/WATO/wato_asd_training/install/planner/share/planner/local_setup.bash
-- Up-to-date: /Users/user/Desktop/VsCode/WATO/wato_asd_training/install/planner/share/planner/local_setup.sh
-- Up-to-date: /Users/user/Desktop/VsCode/WATO/wato_asd_training/install/planner/share/planner/local_setup.zsh
-- Installing: /Users/user/Desktop/VsCode/WATO/wato_asd_training/install/planner/share/planner/local_setup.dsv
-- Installing: /Users/user/Desktop/VsCode/WATO/wato_asd_training/install/planner/share/planner/package.dsv
-- Up-to-date: /Users/user/Desktop/VsCode/WATO/wato_asd_training/install/planner/share/ament_index/resource_index/packages/planner
-- Up-to-date: /Users/user/Desktop/VsCode/WATO/wato_asd_training/install/planner/share/planner/cmake/plannerConfig.cmake
-- Up-to-date: /Users/user/Desktop/VsCode/WATO/wato_asd_training/install/planner/share/planner/cmake/plannerConfig-version.cmake
-- Installing: /Users/user/Desktop/VsCode/WATO/wato_asd_training/install/planner/share/planner/package.xml
