[0.013s] Invoking command in '/Users/user/Desktop/VsCode/WATO/wato_asd_training/build/planner': CMAKE_PREFIX_PATH=/Users/user/.local/share/mamba/envs/ros_humble CONDA_PROMPT_MODIFIER=(ros_humble) SHLVL=2 _=/usr/bin/env /opt/homebrew/bin/cmake --build /Users/user/Desktop/VsCode/WATO/wato_asd_training/build/planner -- -j10 -l10
[0.102s] -- Found ament_cmake: 1.3.14 (/Users/user/.local/share/mamba/envs/ros_humble/share/ament_cmake/cmake)
[0.253s] -- Found rclcpp: 16.0.19 (/Users/user/.local/share/mamba/envs/ros_humble/share/rclcpp/cmake)
[0.300s] -- Found rosidl_generator_c: 3.1.8 (/Users/user/.local/share/mamba/envs/ros_humble/share/rosidl_generator_c/cmake)
[0.304s] -- Found rosidl_adapter: 3.1.8 (/Users/user/.local/share/mamba/envs/ros_humble/share/rosidl_adapter/cmake)
[0.312s] -- Found rosidl_generator_cpp: 3.1.8 (/Users/user/.local/share/mamba/envs/ros_humble/share/rosidl_generator_cpp/cmake)
[0.325s] -- Using all available rosidl_typesupport_c: rosidl_typesupport_fastrtps_c;rosidl_typesupport_introspection_c
[0.341s] -- Using all available rosidl_typesupport_cpp: rosidl_typesupport_fastrtps_cpp;rosidl_typesupport_introspection_cpp
[0.434s] -- Found rmw_implementation_cmake: 6.1.2 (/Users/user/.local/share/mamba/envs/ros_humble/share/rmw_implementation_cmake/cmake)
[0.436s] -- Found rmw_cyclonedds_cpp: 1.3.4 (/Users/user/.local/share/mamba/envs/ros_humble/share/rmw_cyclonedds_cpp/cmake)
[0.465s] -- Using RMW implementation 'rmw_cyclonedds_cpp' as default
[0.524s] -- Found nav_msgs: 4.9.1 (/Users/user/.local/share/mamba/envs/ros_humble/share/nav_msgs/cmake)
[0.595s] -- Found ament_cmake_gtest: 1.3.14 (/Users/user/.local/share/mamba/envs/ros_humble/share/ament_cmake_gtest/cmake)
[0.604s] -- Found gtest sources under '/Users/user/.local/share/mamba/envs/ros_humble/src/gtest_vendor': C++ tests using 'Google Test' will be built
[0.605s] CMake Warning (deprecated) at /Users/user/.local/share/mamba/envs/ros_humble/src/gtest_vendor/CMakeLists.txt:2 (cmake_minimum_required):
[0.605s]   Compatibility with CMake < 3.10 will be removed from a future version of
[0.605s]   CMake.
[0.605s] 
[0.605s]   Update the VERSION argument <min> value.  Or, use the <min>...<max> syntax
[0.605s]   to tell CMake that the project requires at least <min> but has been updated
[0.605s]   to work with policies introduced by <max> or earlier.
[0.605s] This warning is for project developers.  Use -Wno-author or -Wno-deprecated
[0.605s] to suppress it.
[0.606s] 
[0.657s] -- Configuring done (0.6s)
[0.707s] -- Generating done (0.0s)
[0.739s] -- Build files have been written to: /Users/user/Desktop/VsCode/WATO/wato_asd_training/build/planner
[0.768s] [ 20%] Building CXX object gtest/CMakeFiles/gtest_main.dir/src/gtest_main.cc.o
[0.768s] [ 20%] Building CXX object gtest/CMakeFiles/gtest.dir/src/gtest-all.cc.o
[0.796s] [ 30%] Building CXX object CMakeFiles/planner_lib.dir/src/planner_core.cpp.o
[1.228s] [ 40%] Linking CXX static library libgtest_main.a
[1.316s] [ 40%] Built target gtest_main
[1.624s] [ 50%] Linking CXX static library libgtest.a
[1.672s] [ 50%] Built target gtest
[1.714s] [ 60%] Linking CXX static library libplanner_lib.a
[1.753s] [ 60%] Built target planner_lib
[1.774s] [ 70%] Building CXX object CMakeFiles/test_dstar_lite_planner.dir/test/test_lpa_planner.cpp.o
[1.789s] [ 80%] Building CXX object CMakeFiles/planner_node.dir/src/planner_node.cpp.o
[2.567s] [ 90%] Linking CXX executable test_dstar_lite_planner
[2.626s] [ 90%] Built target test_dstar_lite_planner
[3.819s] [100%] Linking CXX executable planner_node
[3.884s] [100%] Built target planner_node
[3.892s] Invoked command in '/Users/user/Desktop/VsCode/WATO/wato_asd_training/build/planner' returned '0': CMAKE_PREFIX_PATH=/Users/user/.local/share/mamba/envs/ros_humble CONDA_PROMPT_MODIFIER=(ros_humble) SHLVL=2 _=/usr/bin/env /opt/homebrew/bin/cmake --build /Users/user/Desktop/VsCode/WATO/wato_asd_training/build/planner -- -j10 -l10
[3.922s] Invoking command in '/Users/user/Desktop/VsCode/WATO/wato_asd_training/build/planner': CMAKE_PREFIX_PATH=/Users/user/.local/share/mamba/envs/ros_humble CONDA_PROMPT_MODIFIER=(ros_humble) SHLVL=2 _=/usr/bin/env /opt/homebrew/bin/cmake --install /Users/user/Desktop/VsCode/WATO/wato_asd_training/build/planner
[3.926s] -- Install configuration: ""
[3.926s] -- Installing: /Users/user/Desktop/VsCode/WATO/wato_asd_training/install/planner/lib/planner/planner_node
[3.945s] -- Up-to-date: /Users/user/Desktop/VsCode/WATO/wato_asd_training/install/planner/share/planner/config
[3.945s] -- Up-to-date: /Users/user/Desktop/VsCode/WATO/wato_asd_training/install/planner/share/planner/config/params.yaml
[3.945s] -- Installing: /Users/user/Desktop/VsCode/WATO/wato_asd_training/install/planner/share/ament_index/resource_index/package_run_dependencies/planner
[3.945s] -- Up-to-date: /Users/user/Desktop/VsCode/WATO/wato_asd_training/install/planner/share/ament_index/resource_index/parent_prefix_path/planner
[3.946s] -- Up-to-date: /Users/user/Desktop/VsCode/WATO/wato_asd_training/install/planner/share/planner/environment/ament_prefix_path.sh
[3.946s] -- Installing: /Users/user/Desktop/VsCode/WATO/wato_asd_training/install/planner/share/planner/environment/ament_prefix_path.dsv
[3.946s] -- Up-to-date: /Users/user/Desktop/VsCode/WATO/wato_asd_training/install/planner/share/planner/environment/path.sh
[3.946s] -- Installing: /Users/user/Desktop/VsCode/WATO/wato_asd_training/install/planner/share/planner/environment/path.dsv
[3.946s] -- Up-to-date: /Users/user/Desktop/VsCode/WATO/wato_asd_training/install/planner/share/planner/local_setup.bash
[3.946s] -- Up-to-date: /Users/user/Desktop/VsCode/WATO/wato_asd_training/install/planner/share/planner/local_setup.sh
[3.946s] -- Up-to-date: /Users/user/Desktop/VsCode/WATO/wato_asd_training/install/planner/share/planner/local_setup.zsh
[3.946s] -- Installing: /Users/user/Desktop/VsCode/WATO/wato_asd_training/install/planner/share/planner/local_setup.dsv
[3.946s] -- Installing: /Users/user/Desktop/VsCode/WATO/wato_asd_training/install/planner/share/planner/package.dsv
[3.947s] -- Up-to-date: /Users/user/Desktop/VsCode/WATO/wato_asd_training/install/planner/share/ament_index/resource_index/packages/planner
[3.947s] -- Up-to-date: /Users/user/Desktop/VsCode/WATO/wato_asd_training/install/planner/share/planner/cmake/plannerConfig.cmake
[3.947s] -- Up-to-date: /Users/user/Desktop/VsCode/WATO/wato_asd_training/install/planner/share/planner/cmake/plannerConfig-version.cmake
[3.947s] -- Installing: /Users/user/Desktop/VsCode/WATO/wato_asd_training/install/planner/share/planner/package.xml
[3.949s] Invoked command in '/Users/user/Desktop/VsCode/WATO/wato_asd_training/build/planner' returned '0': CMAKE_PREFIX_PATH=/Users/user/.local/share/mamba/envs/ros_humble CONDA_PROMPT_MODIFIER=(ros_humble) SHLVL=2 _=/usr/bin/env /opt/homebrew/bin/cmake --install /Users/user/Desktop/VsCode/WATO/wato_asd_training/build/planner
