[0.011s] Invoking command in '/Users/user/Desktop/VsCode/WATO/wato_asd_training/build/planner': CMAKE_PREFIX_PATH=/Users/user/.local/share/mamba/envs/ros_humble CONDA_PROMPT_MODIFIER=(ros_humble) SHLVL=2 _=/usr/bin/env /opt/homebrew/bin/cmake --build /Users/user/Desktop/VsCode/WATO/wato_asd_training/build/planner -- -j10 -l10
[0.119s] -- Found ament_cmake: 1.3.14 (/Users/user/.local/share/mamba/envs/ros_humble/share/ament_cmake/cmake)
[0.279s] -- Found rclcpp: 16.0.19 (/Users/user/.local/share/mamba/envs/ros_humble/share/rclcpp/cmake)
[0.336s] -- Found rosidl_generator_c: 3.1.8 (/Users/user/.local/share/mamba/envs/ros_humble/share/rosidl_generator_c/cmake)
[0.340s] -- Found rosidl_adapter: 3.1.8 (/Users/user/.local/share/mamba/envs/ros_humble/share/rosidl_adapter/cmake)
[0.350s] -- Found rosidl_generator_cpp: 3.1.8 (/Users/user/.local/share/mamba/envs/ros_humble/share/rosidl_generator_cpp/cmake)
[0.365s] -- Using all available rosidl_typesupport_c: rosidl_typesupport_fastrtps_c;rosidl_typesupport_introspection_c
[0.383s] -- Using all available rosidl_typesupport_cpp: rosidl_typesupport_fastrtps_cpp;rosidl_typesupport_introspection_cpp
[0.515s] -- Found rmw_implementation_cmake: 6.1.2 (/Users/user/.local/share/mamba/envs/ros_humble/share/rmw_implementation_cmake/cmake)
[0.517s] -- Found rmw_cyclonedds_cpp: 1.3.4 (/Users/user/.local/share/mamba/envs/ros_humble/share/rmw_cyclonedds_cpp/cmake)
[0.551s] -- Using RMW implementation 'rmw_cyclonedds_cpp' as default
[0.627s] -- Found nav_msgs: 4.9.1 (/Users/user/.local/share/mamba/envs/ros_humble/share/nav_msgs/cmake)
[0.703s] -- Found ament_cmake_gtest: 1.3.14 (/Users/user/.local/share/mamba/envs/ros_humble/share/ament_cmake_gtest/cmake)
[0.704s] -- Found gtest sources under '/Users/user/.local/share/mamba/envs/ros_humble/src/gtest_vendor': C++ tests using 'Google Test' will be built
[0.705s] CMake Warning (deprecated) at /Users/user/.local/share/mamba/envs/ros_humble/src/gtest_vendor/CMakeLists.txt:2 (cmake_minimum_required):
[0.705s]   Compatibility with CMake < 3.10 will be removed from a future version of
[0.705s]   CMake.
[0.705s] 
[0.705s]   Update the VERSION argument <min> value.  Or, use the <min>...<max> syntax
[0.705s]   to tell CMake that the project requires at least <min> but has been updated
[0.705s]   to work with policies introduced by <max> or earlier.
[0.705s] This warning is for project developers.  Use -Wno-author or -Wno-deprecated
[0.705s] to suppress it.
[0.705s] 
[0.756s] -- Configuring done (0.7s)
[0.814s] -- Generating done (0.1s)
[0.845s] -- Build files have been written to: /Users/user/Desktop/VsCode/WATO/wato_asd_training/build/planner
[0.903s] [ 40%] Built target gtest
[0.903s] [ 40%] Built target gtest_main
[0.907s] [ 50%] Building CXX object CMakeFiles/planner_lib.dir/src/planner_core.cpp.o
[1.904s] [ 60%] Linking CXX static library libplanner_lib.a
[1.956s] [ 60%] Built target planner_lib
[2.005s] [ 80%] Building CXX object CMakeFiles/planner_node.dir/src/planner_node.cpp.o
[2.005s] [ 80%] Building CXX object CMakeFiles/test_dstar_lite_planner.dir/test/test_lpa_planner.cpp.o
[2.855s] [ 90%] Linking CXX executable test_dstar_lite_planner
[2.916s] [ 90%] Built target test_dstar_lite_planner
[4.248s] [100%] Linking CXX executable planner_node
[4.312s] [100%] Built target planner_node
[4.318s] Invoked command in '/Users/user/Desktop/VsCode/WATO/wato_asd_training/build/planner' returned '0': CMAKE_PREFIX_PATH=/Users/user/.local/share/mamba/envs/ros_humble CONDA_PROMPT_MODIFIER=(ros_humble) SHLVL=2 _=/usr/bin/env /opt/homebrew/bin/cmake --build /Users/user/Desktop/VsCode/WATO/wato_asd_training/build/planner -- -j10 -l10
[4.329s] Invoking command in '/Users/user/Desktop/VsCode/WATO/wato_asd_training/build/planner': CMAKE_PREFIX_PATH=/Users/user/.local/share/mamba/envs/ros_humble CONDA_PROMPT_MODIFIER=(ros_humble) SHLVL=2 _=/usr/bin/env /opt/homebrew/bin/cmake --install /Users/user/Desktop/VsCode/WATO/wato_asd_training/build/planner
[4.334s] -- Install configuration: ""
[4.334s] -- Installing: /Users/user/Desktop/VsCode/WATO/wato_asd_training/install/planner/lib/planner/planner_node
[4.352s] -- Up-to-date: /Users/user/Desktop/VsCode/WATO/wato_asd_training/install/planner/share/planner/config
[4.352s] -- Up-to-date: /Users/user/Desktop/VsCode/WATO/wato_asd_training/install/planner/share/planner/config/params.yaml
[4.352s] -- Installing: /Users/user/Desktop/VsCode/WATO/wato_asd_training/install/planner/share/ament_index/resource_index/package_run_dependencies/planner
[4.352s] -- Up-to-date: /Users/user/Desktop/VsCode/WATO/wato_asd_training/install/planner/share/ament_index/resource_index/parent_prefix_path/planner
[4.352s] -- Up-to-date: /Users/user/Desktop/VsCode/WATO/wato_asd_training/install/planner/share/planner/environment/ament_prefix_path.sh
[4.352s] -- Installing: /Users/user/Desktop/VsCode/WATO/wato_asd_training/install/planner/share/planner/environment/ament_prefix_path.dsv
[4.353s] -- Up-to-date: /Users/user/Desktop/VsCode/WATO/wato_asd_training/install/planner/share/planner/environment/path.sh
[4.353s] -- Installing: /Users/user/Desktop/VsCode/WATO/wato_asd_training/install/planner/share/planner/environment/path.dsv
[4.353s] -- Up-to-date: /Users/user/Desktop/VsCode/WATO/wato_asd_training/install/planner/share/planner/local_setup.bash
[4.353s] -- Up-to-date: /Users/user/Desktop/VsCode/WATO/wato_asd_training/install/planner/share/planner/local_setup.sh
[4.353s] -- Up-to-date: /Users/user/Desktop/VsCode/WATO/wato_asd_training/install/planner/share/planner/local_setup.zsh
[4.353s] -- Installing: /Users/user/Desktop/VsCode/WATO/wato_asd_training/install/planner/share/planner/local_setup.dsv
[4.353s] -- Installing: /Users/user/Desktop/VsCode/WATO/wato_asd_training/install/planner/share/planner/package.dsv
[4.353s] -- Up-to-date: /Users/user/Desktop/VsCode/WATO/wato_asd_training/install/planner/share/ament_index/resource_index/packages/planner
[4.353s] -- Up-to-date: /Users/user/Desktop/VsCode/WATO/wato_asd_training/install/planner/share/planner/cmake/plannerConfig.cmake
[4.353s] -- Up-to-date: /Users/user/Desktop/VsCode/WATO/wato_asd_training/install/planner/share/planner/cmake/plannerConfig-version.cmake
[4.354s] -- Installing: /Users/user/Desktop/VsCode/WATO/wato_asd_training/install/planner/share/planner/package.xml
[4.355s] Invoked command in '/Users/user/Desktop/VsCode/WATO/wato_asd_training/build/planner' returned '0': CMAKE_PREFIX_PATH=/Users/user/.local/share/mamba/envs/ros_humble CONDA_PROMPT_MODIFIER=(ros_humble) SHLVL=2 _=/usr/bin/env /opt/homebrew/bin/cmake --install /Users/user/Desktop/VsCode/WATO/wato_asd_training/build/planner
