[0.061s] Invoking command in '/Users/user/Desktop/VsCode/WATO/wato_asd_training/build/map_memory': CMAKE_PREFIX_PATH=/Users/user/.local/share/mamba/envs/ros_humble CONDA_PROMPT_MODIFIER=(ros_humble) SHLVL=2 _=/usr/bin/env /opt/homebrew/bin/cmake --build /Users/user/Desktop/VsCode/WATO/wato_asd_training/build/map_memory -- -j10 -l10
[0.226s] [ 50%] Built target map_memory_lib
[0.283s] [ 75%] Building CXX object CMakeFiles/map_memory_node.dir/src/map_memory_node.cpp.o
[3.408s] [100%] Linking CXX executable map_memory_node
[3.486s] [100%] Built target map_memory_node
[3.494s] Invoked command in '/Users/user/Desktop/VsCode/WATO/wato_asd_training/build/map_memory' returned '0': CMAKE_PREFIX_PATH=/Users/user/.local/share/mamba/envs/ros_humble CONDA_PROMPT_MODIFIER=(ros_humble) SHLVL=2 _=/usr/bin/env /opt/homebrew/bin/cmake --build /Users/user/Desktop/VsCode/WATO/wato_asd_training/build/map_memory -- -j10 -l10
[3.507s] Invoking command in '/Users/user/Desktop/VsCode/WATO/wato_asd_training/build/map_memory': CMAKE_PREFIX_PATH=/Users/user/.local/share/mamba/envs/ros_humble CONDA_PROMPT_MODIFIER=(ros_humble) SHLVL=2 _=/usr/bin/env /opt/homebrew/bin/cmake --install /Users/user/Desktop/VsCode/WATO/wato_asd_training/build/map_memory
[3.514s] -- Install configuration: ""
[3.514s] -- Installing: /Users/user/Desktop/VsCode/WATO/wato_asd_training/install/map_memory/lib/map_memory/map_memory_node
[3.535s] -- Up-to-date: /Users/user/Desktop/VsCode/WATO/wato_asd_training/install/map_memory/share/map_memory/config
[3.535s] -- Installing: /Users/user/Desktop/VsCode/WATO/wato_asd_training/install/map_memory/share/map_memory/config/params.yaml
[3.535s] -- Up-to-date: /Users/user/Desktop/VsCode/WATO/wato_asd_training/install/map_memory/share/ament_index/resource_index/package_run_dependencies/map_memory
[3.535s] -- Up-to-date: /Users/user/Desktop/VsCode/WATO/wato_asd_training/install/map_memory/share/ament_index/resource_index/parent_prefix_path/map_memory
[3.535s] -- Up-to-date: /Users/user/Desktop/VsCode/WATO/wato_asd_training/install/map_memory/share/map_memory/environment/ament_prefix_path.sh
[3.536s] -- Up-to-date: /Users/user/Desktop/VsCode/WATO/wato_asd_training/install/map_memory/share/map_memory/environment/ament_prefix_path.dsv
[3.536s] -- Up-to-date: /Users/user/Desktop/VsCode/WATO/wato_asd_training/install/map_memory/share/map_memory/environment/path.sh
[3.536s] -- Up-to-date: /Users/user/Desktop/VsCode/WATO/wato_asd_training/install/map_memory/share/map_memory/environment/path.dsv
[3.536s] -- Up-to-date: /Users/user/Desktop/VsCode/WATO/wato_asd_training/install/map_memory/share/map_memory/local_setup.bash
[3.536s] -- Up-to-date: /Users/user/Desktop/VsCode/WATO/wato_asd_training/install/map_memory/share/map_memory/local_setup.sh
[3.536s] -- Up-to-date: /Users/user/Desktop/VsCode/WATO/wato_asd_training/install/map_memory/share/map_memory/local_setup.zsh
[3.536s] -- Up-to-date: /Users/user/Desktop/VsCode/WATO/wato_asd_training/install/map_memory/share/map_memory/local_setup.dsv
[3.536s] -- Installing: /Users/user/Desktop/VsCode/WATO/wato_asd_training/install/map_memory/share/map_memory/package.dsv
[3.536s] -- Up-to-date: /Users/user/Desktop/VsCode/WATO/wato_asd_training/install/map_memory/share/ament_index/resource_index/packages/map_memory
[3.537s] -- Up-to-date: /Users/user/Desktop/VsCode/WATO/wato_asd_training/install/map_memory/share/map_memory/cmake/map_memoryConfig.cmake
[3.537s] -- Up-to-date: /Users/user/Desktop/VsCode/WATO/wato_asd_training/install/map_memory/share/map_memory/cmake/map_memoryConfig-version.cmake
[3.537s] -- Up-to-date: /Users/user/Desktop/VsCode/WATO/wato_asd_training/install/map_memory/share/map_memory/package.xml
[3.538s] Invoked command in '/Users/user/Desktop/VsCode/WATO/wato_asd_training/build/map_memory' returned '0': CMAKE_PREFIX_PATH=/Users/user/.local/share/mamba/envs/ros_humble CONDA_PROMPT_MODIFIER=(ros_humble) SHLVL=2 _=/usr/bin/env /opt/homebrew/bin/cmake --install /Users/user/Desktop/VsCode/WATO/wato_asd_training/build/map_memory
