[0.020s] Invoking command in '/Users/user/Desktop/VsCode/WATO/wato_asd_training/build/dynamic_tracker': CMAKE_PREFIX_PATH=/Users/user/.local/share/mamba/envs/ros_humble CONDA_PROMPT_MODIFIER=(ros_humble) SHLVL=2 _=/usr/bin/env /opt/homebrew/bin/cmake --build /Users/user/Desktop/VsCode/WATO/wato_asd_training/build/dynamic_tracker -- -j10 -l10
[0.165s] [ 20%] Built target gtest_main
[0.165s] [ 40%] Built target gtest
[0.172s] [ 60%] Built target dynamic_tracker_lib
[0.236s] [ 80%] Built target test_dynamic_tracker
[0.239s] [ 90%] Building CXX object CMakeFiles/dynamic_tracker_node.dir/src/dynamic_tracker_node.cpp.o
[3.098s] [100%] Linking CXX executable dynamic_tracker_node
[3.160s] [100%] Built target dynamic_tracker_node
[3.165s] Invoked command in '/Users/user/Desktop/VsCode/WATO/wato_asd_training/build/dynamic_tracker' returned '0': CMAKE_PREFIX_PATH=/Users/user/.local/share/mamba/envs/ros_humble CONDA_PROMPT_MODIFIER=(ros_humble) SHLVL=2 _=/usr/bin/env /opt/homebrew/bin/cmake --build /Users/user/Desktop/VsCode/WATO/wato_asd_training/build/dynamic_tracker -- -j10 -l10
[3.167s] Invoking command in '/Users/user/Desktop/VsCode/WATO/wato_asd_training/build/dynamic_tracker': CMAKE_PREFIX_PATH=/Users/user/.local/share/mamba/envs/ros_humble CONDA_PROMPT_MODIFIER=(ros_humble) SHLVL=2 _=/usr/bin/env /opt/homebrew/bin/cmake --install /Users/user/Desktop/VsCode/WATO/wato_asd_training/build/dynamic_tracker
[3.172s] -- Install configuration: ""
[3.172s] -- Installing: /Users/user/Desktop/VsCode/WATO/wato_asd_training/install/dynamic_tracker/lib/dynamic_tracker/dynamic_tracker_node
[3.189s] -- Up-to-date: /Users/user/Desktop/VsCode/WATO/wato_asd_training/install/dynamic_tracker/share/dynamic_tracker/config
[3.189s] -- Installing: /Users/user/Desktop/VsCode/WATO/wato_asd_training/install/dynamic_tracker/share/dynamic_tracker/config/params.yaml
[3.189s] -- Up-to-date: /Users/user/Desktop/VsCode/WATO/wato_asd_training/install/dynamic_tracker/share/ament_index/resource_index/package_run_dependencies/dynamic_tracker
[3.190s] -- Up-to-date: /Users/user/Desktop/VsCode/WATO/wato_asd_training/install/dynamic_tracker/share/ament_index/resource_index/parent_prefix_path/dynamic_tracker
[3.190s] -- Up-to-date: /Users/user/Desktop/VsCode/WATO/wato_asd_training/install/dynamic_tracker/share/dynamic_tracker/environment/ament_prefix_path.sh
[3.190s] -- Up-to-date: /Users/user/Desktop/VsCode/WATO/wato_asd_training/install/dynamic_tracker/share/dynamic_tracker/environment/ament_prefix_path.dsv
[3.190s] -- Up-to-date: /Users/user/Desktop/VsCode/WATO/wato_asd_training/install/dynamic_tracker/share/dynamic_tracker/environment/path.sh
[3.190s] -- Up-to-date: /Users/user/Desktop/VsCode/WATO/wato_asd_training/install/dynamic_tracker/share/dynamic_tracker/environment/path.dsv
[3.190s] -- Up-to-date: /Users/user/Desktop/VsCode/WATO/wato_asd_training/install/dynamic_tracker/share/dynamic_tracker/local_setup.bash
[3.190s] -- Up-to-date: /Users/user/Desktop/VsCode/WATO/wato_asd_training/install/dynamic_tracker/share/dynamic_tracker/local_setup.sh
[3.190s] -- Up-to-date: /Users/user/Desktop/VsCode/WATO/wato_asd_training/install/dynamic_tracker/share/dynamic_tracker/local_setup.zsh
[3.190s] -- Up-to-date: /Users/user/Desktop/VsCode/WATO/wato_asd_training/install/dynamic_tracker/share/dynamic_tracker/local_setup.dsv
[3.190s] -- Installing: /Users/user/Desktop/VsCode/WATO/wato_asd_training/install/dynamic_tracker/share/dynamic_tracker/package.dsv
[3.191s] -- Up-to-date: /Users/user/Desktop/VsCode/WATO/wato_asd_training/install/dynamic_tracker/share/ament_index/resource_index/packages/dynamic_tracker
[3.191s] -- Up-to-date: /Users/user/Desktop/VsCode/WATO/wato_asd_training/install/dynamic_tracker/share/dynamic_tracker/cmake/dynamic_trackerConfig.cmake
[3.191s] -- Up-to-date: /Users/user/Desktop/VsCode/WATO/wato_asd_training/install/dynamic_tracker/share/dynamic_tracker/cmake/dynamic_trackerConfig-version.cmake
[3.191s] -- Up-to-date: /Users/user/Desktop/VsCode/WATO/wato_asd_training/install/dynamic_tracker/share/dynamic_tracker/package.xml
[3.192s] Invoked command in '/Users/user/Desktop/VsCode/WATO/wato_asd_training/build/dynamic_tracker' returned '0': CMAKE_PREFIX_PATH=/Users/user/.local/share/mamba/envs/ros_humble CONDA_PROMPT_MODIFIER=(ros_humble) SHLVL=2 _=/usr/bin/env /opt/homebrew/bin/cmake --install /Users/user/Desktop/VsCode/WATO/wato_asd_training/build/dynamic_tracker
