[0.014s] Invoking command in '/Users/user/Desktop/VsCode/WATO/wato_asd_training/build/dynamic_tracker': CMAKE_PREFIX_PATH=/Users/user/.local/share/mamba/envs/ros_humble CONDA_PROMPT_MODIFIER=(ros_humble) SHLVL=2 _=/usr/bin/env /opt/homebrew/bin/cmake --build /Users/user/Desktop/VsCode/WATO/wato_asd_training/build/dynamic_tracker -- -j10 -l10
[0.173s] [ 20%] Built target gtest_main
[0.173s] [ 40%] Built target gtest
[0.178s] [ 50%] Building CXX object CMakeFiles/dynamic_tracker_lib.dir/src/dynamic_tracker_core.cpp.o
[1.320s] [ 60%] Linking CXX static library libdynamic_tracker_lib.a
[1.405s] [ 60%] Built target dynamic_tracker_lib
[1.436s] [ 70%] Building CXX object CMakeFiles/test_dynamic_tracker.dir/test/test_dynamic_tracker.cpp.o
[1.445s] [ 80%] Building CXX object CMakeFiles/dynamic_tracker_node.dir/src/dynamic_tracker_node.cpp.o
[2.320s] [ 90%] Linking CXX executable test_dynamic_tracker
[2.383s] [ 90%] Built target test_dynamic_tracker
[3.569s] [100%] Linking CXX executable dynamic_tracker_node
[3.625s] [100%] Built target dynamic_tracker_node
[3.631s] Invoked command in '/Users/user/Desktop/VsCode/WATO/wato_asd_training/build/dynamic_tracker' returned '0': CMAKE_PREFIX_PATH=/Users/user/.local/share/mamba/envs/ros_humble CONDA_PROMPT_MODIFIER=(ros_humble) SHLVL=2 _=/usr/bin/env /opt/homebrew/bin/cmake --build /Users/user/Desktop/VsCode/WATO/wato_asd_training/build/dynamic_tracker -- -j10 -l10
[3.669s] Invoking command in '/Users/user/Desktop/VsCode/WATO/wato_asd_training/build/dynamic_tracker': CMAKE_PREFIX_PATH=/Users/user/.local/share/mamba/envs/ros_humble CONDA_PROMPT_MODIFIER=(ros_humble) SHLVL=2 _=/usr/bin/env /opt/homebrew/bin/cmake --install /Users/user/Desktop/VsCode/WATO/wato_asd_training/build/dynamic_tracker
[3.674s] -- Install configuration: ""
[3.674s] -- Installing: /Users/user/Desktop/VsCode/WATO/wato_asd_training/install/dynamic_tracker/lib/dynamic_tracker/dynamic_tracker_node
[3.692s] -- Up-to-date: /Users/user/Desktop/VsCode/WATO/wato_asd_training/install/dynamic_tracker/share/dynamic_tracker/config
[3.693s] -- Installing: /Users/user/Desktop/VsCode/WATO/wato_asd_training/install/dynamic_tracker/share/dynamic_tracker/config/params.yaml
[3.693s] -- Up-to-date: /Users/user/Desktop/VsCode/WATO/wato_asd_training/install/dynamic_tracker/share/ament_index/resource_index/package_run_dependencies/dynamic_tracker
[3.694s] -- Up-to-date: /Users/user/Desktop/VsCode/WATO/wato_asd_training/install/dynamic_tracker/share/ament_index/resource_index/parent_prefix_path/dynamic_tracker
[3.694s] -- Up-to-date: /Users/user/Desktop/VsCode/WATO/wato_asd_training/install/dynamic_tracker/share/dynamic_tracker/environment/ament_prefix_path.sh
[3.694s] -- Up-to-date: /Users/user/Desktop/VsCode/WATO/wato_asd_training/install/dynamic_tracker/share/dynamic_tracker/environment/ament_prefix_path.dsv
[3.694s] -- Up-to-date: /Users/user/Desktop/VsCode/WATO/wato_asd_training/install/dynamic_tracker/share/dynamic_tracker/environment/path.sh
[3.694s] -- Up-to-date: /Users/user/Desktop/VsCode/WATO/wato_asd_training/install/dynamic_tracker/share/dynamic_tracker/environment/path.dsv
[3.694s] -- Up-to-date: /Users/user/Desktop/VsCode/WATO/wato_asd_training/install/dynamic_tracker/share/dynamic_tracker/local_setup.bash
[3.694s] -- Up-to-date: /Users/user/Desktop/VsCode/WATO/wato_asd_training/install/dynamic_tracker/share/dynamic_tracker/local_setup.sh
[3.694s] -- Up-to-date: /Users/user/Desktop/VsCode/WATO/wato_asd_training/install/dynamic_tracker/share/dynamic_tracker/local_setup.zsh
[3.694s] -- Up-to-date: /Users/user/Desktop/VsCode/WATO/wato_asd_training/install/dynamic_tracker/share/dynamic_tracker/local_setup.dsv
[3.694s] -- Installing: /Users/user/Desktop/VsCode/WATO/wato_asd_training/install/dynamic_tracker/share/dynamic_tracker/package.dsv
[3.694s] -- Up-to-date: /Users/user/Desktop/VsCode/WATO/wato_asd_training/install/dynamic_tracker/share/ament_index/resource_index/packages/dynamic_tracker
[3.695s] -- Up-to-date: /Users/user/Desktop/VsCode/WATO/wato_asd_training/install/dynamic_tracker/share/dynamic_tracker/cmake/dynamic_trackerConfig.cmake
[3.695s] -- Up-to-date: /Users/user/Desktop/VsCode/WATO/wato_asd_training/install/dynamic_tracker/share/dynamic_tracker/cmake/dynamic_trackerConfig-version.cmake
[3.695s] -- Up-to-date: /Users/user/Desktop/VsCode/WATO/wato_asd_training/install/dynamic_tracker/share/dynamic_tracker/package.xml
[3.696s] Invoked command in '/Users/user/Desktop/VsCode/WATO/wato_asd_training/build/dynamic_tracker' returned '0': CMAKE_PREFIX_PATH=/Users/user/.local/share/mamba/envs/ros_humble CONDA_PROMPT_MODIFIER=(ros_humble) SHLVL=2 _=/usr/bin/env /opt/homebrew/bin/cmake --install /Users/user/Desktop/VsCode/WATO/wato_asd_training/build/dynamic_tracker
