-- Found ament_cmake: 1.3.14 (/Users/user/.local/share/mamba/envs/ros_humble/share/ament_cmake/cmake)
-- Found rclcpp: 16.0.19 (/Users/user/.local/share/mamba/envs/ros_humble/share/rclcpp/cmake)
-- Found rosidl_generator_c: 3.1.8 (/Users/user/.local/share/mamba/envs/ros_humble/share/rosidl_generator_c/cmake)
-- Found rosidl_adapter: 3.1.8 (/Users/user/.local/share/mamba/envs/ros_humble/share/rosidl_adapter/cmake)
-- Found rosidl_generator_cpp: 3.1.8 (/Users/user/.local/share/mamba/envs/ros_humble/share/rosidl_generator_cpp/cmake)
-- Using all available rosidl_typesupport_c: rosidl_typesupport_fastrtps_c;rosidl_typesupport_introspection_c
-- Using all available rosidl_typesupport_cpp: rosidl_typesupport_fastrtps_cpp;rosidl_typesupport_introspection_cpp
-- Found rmw_implementation_cmake: 6.1.2 (/Users/user/.local/share/mamba/envs/ros_humble/share/rmw_implementation_cmake/cmake)
-- Found rmw_cyclonedds_cpp: 1.3.4 (/Users/user/.local/share/mamba/envs/ros_humble/share/rmw_cyclonedds_cpp/cmake)
-- Using RMW implementation 'rmw_cyclonedds_cpp' as default
-- Found sensor_msgs: 4.9.1 (/Users/user/.local/share/mamba/envs/ros_humble/share/sensor_msgs/cmake)
-- Found nav_msgs: 4.9.1 (/Users/user/.local/share/mamba/envs/ros_humble/share/nav_msgs/cmake)
-- Configuring done (0.6s)
-- Generating done (0.0s)
-- Build files have been written to: /Users/user/Desktop/VsCode/WATO/wato_asd_training/build/costmap
[ 50%] Built target costmap_lib
[ 75%] Linking CXX executable costmap_node
[100%] Built target costmap_node
-- Install configuration: ""
-- Installing: /Users/user/Desktop/VsCode/WATO/wato_asd_training/install/costmap/lib/costmap/costmap_node
-- Installing: /Users/user/Desktop/VsCode/WATO/wato_asd_training/install/costmap/share/costmap/config
-- Installing: /Users/user/Desktop/VsCode/WATO/wato_asd_training/install/costmap/share/costmap/config/params.yaml
-- Installing: /Users/user/Desktop/VsCode/WATO/wato_asd_training/install/costmap/share/ament_index/resource_index/package_run_dependencies/costmap
-- Installing: /Users/user/Desktop/VsCode/WATO/wato_asd_training/install/costmap/share/ament_index/resource_index/parent_prefix_path/costmap
-- Installing: /Users/user/Desktop/VsCode/WATO/wato_asd_training/install/costmap/share/costmap/environment/ament_prefix_path.sh
-- Installing: /Users/user/Desktop/VsCode/WATO/wato_asd_training/install/costmap/share/costmap/environment/ament_prefix_path.dsv
-- Installing: /Users/user/Desktop/VsCode/WATO/wato_asd_training/install/costmap/share/costmap/environment/path.sh
-- Installing: /Users/user/Desktop/VsCode/WATO/wato_asd_training/install/costmap/share/costmap/environment/path.dsv
-- Installing: /Users/user/Desktop/VsCode/WATO/wato_asd_training/install/costmap/share/costmap/local_setup.bash
-- Installing: /Users/user/Desktop/VsCode/WATO/wato_asd_training/install/costmap/share/costmap/local_setup.sh
-- Installing: /Users/user/Desktop/VsCode/WATO/wato_asd_training/install/costmap/share/costmap/local_setup.zsh
-- Installing: /Users/user/Desktop/VsCode/WATO/wato_asd_training/install/costmap/share/costmap/local_setup.dsv
-- Installing: /Users/user/Desktop/VsCode/WATO/wato_asd_training/install/costmap/share/costmap/package.dsv
-- Installing: /Users/user/Desktop/VsCode/WATO/wato_asd_training/install/costmap/share/ament_index/resource_index/packages/costmap
-- Installing: /Users/user/Desktop/VsCode/WATO/wato_asd_training/install/costmap/share/costmap/cmake/costmapConfig.cmake
-- Installing: /Users/user/Desktop/VsCode/WATO/wato_asd_training/install/costmap/share/costmap/cmake/costmapConfig-version.cmake
-- Installing: /Users/user/Desktop/VsCode/WATO/wato_asd_training/install/costmap/share/costmap/package.xml
