[0.013s] Invoking command in '/Users/user/Desktop/VsCode/WATO/wato_asd_training/build/costmap': CMAKE_PREFIX_PATH=/Users/user/.local/share/mamba/envs/ros_humble CONDA_PROMPT_MODIFIER=(ros_humble) SHLVL=2 _=/usr/bin/env /opt/homebrew/bin/cmake --build /Users/user/Desktop/VsCode/WATO/wato_asd_training/build/costmap -- -j10 -l10
[0.098s] -- Found ament_cmake: 1.3.14 (/Users/user/.local/share/mamba/envs/ros_humble/share/ament_cmake/cmake)
[0.245s] -- Found rclcpp: 16.0.19 (/Users/user/.local/share/mamba/envs/ros_humble/share/rclcpp/cmake)
[0.291s] -- Found rosidl_generator_c: 3.1.8 (/Users/user/.local/share/mamba/envs/ros_humble/share/rosidl_generator_c/cmake)
[0.293s] -- Found rosidl_adapter: 3.1.8 (/Users/user/.local/share/mamba/envs/ros_humble/share/rosidl_adapter/cmake)
[0.302s] -- Found rosidl_generator_cpp: 3.1.8 (/Users/user/.local/share/mamba/envs/ros_humble/share/rosidl_generator_cpp/cmake)
[0.314s] -- Using all available rosidl_typesupport_c: rosidl_typesupport_fastrtps_c;rosidl_typesupport_introspection_c
[0.328s] -- Using all available rosidl_typesupport_cpp: rosidl_typesupport_fastrtps_cpp;rosidl_typesupport_introspection_cpp
[0.412s] -- Found rmw_implementation_cmake: 6.1.2 (/Users/user/.local/share/mamba/envs/ros_humble/share/rmw_implementation_cmake/cmake)
[0.413s] -- Found rmw_cyclonedds_cpp: 1.3.4 (/Users/user/.local/share/mamba/envs/ros_humble/share/rmw_cyclonedds_cpp/cmake)
[0.438s] -- Using RMW implementation 'rmw_cyclonedds_cpp' as default
[0.491s] -- Found sensor_msgs: 4.9.1 (/Users/user/.local/share/mamba/envs/ros_humble/share/sensor_msgs/cmake)
[0.548s] -- Found nav_msgs: 4.9.1 (/Users/user/.local/share/mamba/envs/ros_humble/share/nav_msgs/cmake)
[0.617s] -- Configuring done (0.6s)
[0.652s] -- Generating done (0.0s)
[0.676s] -- Build files have been written to: /Users/user/Desktop/VsCode/WATO/wato_asd_training/build/costmap
[0.727s] [ 50%] Built target costmap_lib
[0.760s] [ 75%] Linking CXX executable costmap_node
[0.927s] [100%] Built target costmap_node
[0.932s] Invoked command in '/Users/user/Desktop/VsCode/WATO/wato_asd_training/build/costmap' returned '0': CMAKE_PREFIX_PATH=/Users/user/.local/share/mamba/envs/ros_humble CONDA_PROMPT_MODIFIER=(ros_humble) SHLVL=2 _=/usr/bin/env /opt/homebrew/bin/cmake --build /Users/user/Desktop/VsCode/WATO/wato_asd_training/build/costmap -- -j10 -l10
[0.941s] Invoking command in '/Users/user/Desktop/VsCode/WATO/wato_asd_training/build/costmap': CMAKE_PREFIX_PATH=/Users/user/.local/share/mamba/envs/ros_humble CONDA_PROMPT_MODIFIER=(ros_humble) SHLVL=2 _=/usr/bin/env /opt/homebrew/bin/cmake --install /Users/user/Desktop/VsCode/WATO/wato_asd_training/build/costmap
[0.945s] -- Install configuration: ""
[0.945s] -- Installing: /Users/user/Desktop/VsCode/WATO/wato_asd_training/install/costmap/lib/costmap/costmap_node
[2.053s] -- Installing: /Users/user/Desktop/VsCode/WATO/wato_asd_training/install/costmap/share/costmap/config
[2.053s] -- Installing: /Users/user/Desktop/VsCode/WATO/wato_asd_training/install/costmap/share/costmap/config/params.yaml
[2.053s] -- Installing: /Users/user/Desktop/VsCode/WATO/wato_asd_training/install/costmap/share/ament_index/resource_index/package_run_dependencies/costmap
[2.054s] -- Installing: /Users/user/Desktop/VsCode/WATO/wato_asd_training/install/costmap/share/ament_index/resource_index/parent_prefix_path/costmap
[2.054s] -- Installing: /Users/user/Desktop/VsCode/WATO/wato_asd_training/install/costmap/share/costmap/environment/ament_prefix_path.sh
[2.054s] -- Installing: /Users/user/Desktop/VsCode/WATO/wato_asd_training/install/costmap/share/costmap/environment/ament_prefix_path.dsv
[2.054s] -- Installing: /Users/user/Desktop/VsCode/WATO/wato_asd_training/install/costmap/share/costmap/environment/path.sh
[2.054s] -- Installing: /Users/user/Desktop/VsCode/WATO/wato_asd_training/install/costmap/share/costmap/environment/path.dsv
[2.055s] -- Installing: /Users/user/Desktop/VsCode/WATO/wato_asd_training/install/costmap/share/costmap/local_setup.bash
[2.055s] -- Installing: /Users/user/Desktop/VsCode/WATO/wato_asd_training/install/costmap/share/costmap/local_setup.sh
[2.055s] -- Installing: /Users/user/Desktop/VsCode/WATO/wato_asd_training/install/costmap/share/costmap/local_setup.zsh
[2.055s] -- Installing: /Users/user/Desktop/VsCode/WATO/wato_asd_training/install/costmap/share/costmap/local_setup.dsv
[2.055s] -- Installing: /Users/user/Desktop/VsCode/WATO/wato_asd_training/install/costmap/share/costmap/package.dsv
[2.056s] -- Installing: /Users/user/Desktop/VsCode/WATO/wato_asd_training/install/costmap/share/ament_index/resource_index/packages/costmap
[2.056s] -- Installing: /Users/user/Desktop/VsCode/WATO/wato_asd_training/install/costmap/share/costmap/cmake/costmapConfig.cmake
[2.056s] -- Installing: /Users/user/Desktop/VsCode/WATO/wato_asd_training/install/costmap/share/costmap/cmake/costmapConfig-version.cmake
[2.057s] -- Installing: /Users/user/Desktop/VsCode/WATO/wato_asd_training/install/costmap/share/costmap/package.xml
[2.058s] Invoked command in '/Users/user/Desktop/VsCode/WATO/wato_asd_training/build/costmap' returned '0': CMAKE_PREFIX_PATH=/Users/user/.local/share/mamba/envs/ros_humble CONDA_PROMPT_MODIFIER=(ros_humble) SHLVL=2 _=/usr/bin/env /opt/homebrew/bin/cmake --install /Users/user/Desktop/VsCode/WATO/wato_asd_training/build/costmap
