[0.180s] colcon DEBUG Command line arguments: ['/Users/user/.local/share/mamba/envs/ros_humble/bin/colcon', 'build', '--packages-select', 'costmap', 'dynamic_tracker', 'moving_obstacles', 'planner', 'control', 'bringup_robot']
[0.180s] colcon DEBUG Parsed command line arguments: Namespace(log_base=None, log_level=None, verb_name='build', build_base='build', install_base='install', merge_install=False, symlink_install=False, test_result_base=None, continue_on_error=False, executor='parallel', parallel_workers=10, event_handlers=None, ignore_user_meta=False, metas=['./colcon.meta'], base_paths=['.'], packages_ignore=None, packages_ignore_regex=None, paths=None, packages_up_to=None, packages_up_to_regex=None, packages_above=None, packages_above_and_dependencies=None, packages_above_depth=None, packages_select_by_dep=None, packages_skip_by_dep=None, packages_skip_up_to=None, packages_select_build_failed=False, packages_skip_build_finished=False, packages_select_test_failures=False, packages_skip_test_passed=False, packages_select=['costmap', 'dynamic_tracker', 'moving_obstacles', 'planner', 'control', 'bringup_robot'], packages_skip=None, packages_select_regex=None, packages_skip_regex=None, packages_start=None, packages_end=None, cmake_args=None, cmake_target=None, cmake_target_skip_unavailable=False, cmake_clean_cache=False, cmake_clean_first=False, cmake_force_configure=False, ament_cmake_args=None, catkin_cmake_args=None, catkin_skip_building_tests=False, verb_parser=<colcon_defaults.argument_parser.defaults.DefaultArgumentsDecorator object at 0x105a7d460>, verb_extension=<colcon_core.verb.build.BuildVerb object at 0x105a7d1f0>, main=<bound method BuildVerb.main of <colcon_core.verb.build.BuildVerb object at 0x105a7d1f0>>)
[0.211s] colcon.colcon_core.package_discovery Level 1 discover_packages(colcon_meta) check parameters
[0.211s] colcon.colcon_core.package_discovery Level 1 discover_packages(recursive) check parameters
[0.211s] colcon.colcon_core.package_discovery Level 1 discover_packages(ignore) check parameters
[0.211s] colcon.colcon_core.package_discovery Level 1 discover_packages(path) check parameters
[0.211s] colcon.colcon_core.package_discovery Level 1 discover_packages(colcon_meta) discover
[0.211s] colcon.colcon_core.package_discovery Level 1 discover_packages(recursive) discover
[0.211s] colcon.colcon_core.package_discovery INFO Crawling recursively for packages in '/Users/user/Desktop/VsCode/WATO/wato_asd_training'
[0.211s] colcon.colcon_core.package_identification Level 1 _identify(.) by extensions ['ignore', 'ignore_ament_install']
[0.211s] colcon.colcon_core.package_identification Level 1 _identify(.) by extension 'ignore'
[0.211s] colcon.colcon_core.package_identification Level 1 _identify(.) by extension 'ignore_ament_install'
[0.211s] colcon.colcon_core.package_identification Level 1 _identify(.) by extensions ['colcon_pkg']
[0.211s] colcon.colcon_core.package_identification Level 1 _identify(.) by extension 'colcon_pkg'
[0.211s] colcon.colcon_core.package_identification Level 1 _identify(.) by extensions ['colcon_meta']
[0.211s] colcon.colcon_core.package_identification Level 1 _identify(.) by extension 'colcon_meta'
[0.211s] colcon.colcon_core.package_identification Level 1 _identify(.) by extensions ['ros']
[0.211s] colcon.colcon_core.package_identification Level 1 _identify(.) by extension 'ros'
[0.233s] colcon.colcon_core.package_identification Level 1 _identify(.) by extensions ['cmake', 'python']
[0.233s] colcon.colcon_core.package_identification Level 1 _identify(.) by extension 'cmake'
[0.233s] colcon.colcon_core.package_identification Level 1 _identify(.) by extension 'python'
[0.233s] colcon.colcon_core.package_identification Level 1 _identify(.) by extensions ['python_setup_py']
[0.233s] colcon.colcon_core.package_identification Level 1 _identify(.) by extension 'python_setup_py'
[0.234s] colcon.colcon_core.package_identification Level 1 _identify(build) by extensions ['ignore', 'ignore_ament_install']
[0.234s] colcon.colcon_core.package_identification Level 1 _identify(build) by extension 'ignore'
[0.234s] colcon.colcon_core.package_identification Level 1 _identify(build) ignored
[0.234s] colcon.colcon_core.package_identification Level 1 _identify(config) by extensions ['ignore', 'ignore_ament_install']
[0.234s] colcon.colcon_core.package_identification Level 1 _identify(config) by extension 'ignore'
[0.234s] colcon.colcon_core.package_identification Level 1 _identify(config) by extension 'ignore_ament_install'
[0.234s] colcon.colcon_core.package_identification Level 1 _identify(config) by extensions ['colcon_pkg']
[0.234s] colcon.colcon_core.package_identification Level 1 _identify(config) by extension 'colcon_pkg'
[0.234s] colcon.colcon_core.package_identification Level 1 _identify(config) by extensions ['colcon_meta']
[0.234s] colcon.colcon_core.package_identification Level 1 _identify(config) by extension 'colcon_meta'
[0.234s] colcon.colcon_core.package_identification Level 1 _identify(config) by extensions ['ros']
[0.234s] colcon.colcon_core.package_identification Level 1 _identify(config) by extension 'ros'
[0.234s] colcon.colcon_core.package_identification Level 1 _identify(config) by extensions ['cmake', 'python']
[0.234s] colcon.colcon_core.package_identification Level 1 _identify(config) by extension 'cmake'
[0.234s] colcon.colcon_core.package_identification Level 1 _identify(config) by extension 'python'
[0.234s] colcon.colcon_core.package_identification Level 1 _identify(config) by extensions ['python_setup_py']
[0.234s] colcon.colcon_core.package_identification Level 1 _identify(config) by extension 'python_setup_py'
[0.234s] colcon.colcon_core.package_identification Level 1 _identify(docker) by extensions ['ignore', 'ignore_ament_install']
[0.234s] colcon.colcon_core.package_identification Level 1 _identify(docker) by extension 'ignore'
[0.234s] colcon.colcon_core.package_identification Level 1 _identify(docker) by extension 'ignore_ament_install'
[0.234s] colcon.colcon_core.package_identification Level 1 _identify(docker) by extensions ['colcon_pkg']
[0.234s] colcon.colcon_core.package_identification Level 1 _identify(docker) by extension 'colcon_pkg'
[0.234s] colcon.colcon_core.package_identification Level 1 _identify(docker) by extensions ['colcon_meta']
[0.234s] colcon.colcon_core.package_identification Level 1 _identify(docker) by extension 'colcon_meta'
[0.234s] colcon.colcon_core.package_identification Level 1 _identify(docker) by extensions ['ros']
[0.234s] colcon.colcon_core.package_identification Level 1 _identify(docker) by extension 'ros'
[0.234s] colcon.colcon_core.package_identification Level 1 _identify(docker) by extensions ['cmake', 'python']
[0.234s] colcon.colcon_core.package_identification Level 1 _identify(docker) by extension 'cmake'
[0.234s] colcon.colcon_core.package_identification Level 1 _identify(docker) by extension 'python'
[0.234s] colcon.colcon_core.package_identification Level 1 _identify(docker) by extensions ['python_setup_py']
[0.234s] colcon.colcon_core.package_identification Level 1 _identify(docker) by extension 'python_setup_py'
[0.234s] colcon.colcon_core.package_identification Level 1 _identify(docker/gazebo) by extensions ['ignore', 'ignore_ament_install']
[0.234s] colcon.colcon_core.package_identification Level 1 _identify(docker/gazebo) by extension 'ignore'
[0.234s] colcon.colcon_core.package_identification Level 1 _identify(docker/gazebo) by extension 'ignore_ament_install'
[0.234s] colcon.colcon_core.package_identification Level 1 _identify(docker/gazebo) by extensions ['colcon_pkg']
[0.234s] colcon.colcon_core.package_identification Level 1 _identify(docker/gazebo) by extension 'colcon_pkg'
[0.234s] colcon.colcon_core.package_identification Level 1 _identify(docker/gazebo) by extensions ['colcon_meta']
[0.234s] colcon.colcon_core.package_identification Level 1 _identify(docker/gazebo) by extension 'colcon_meta'
[0.234s] colcon.colcon_core.package_identification Level 1 _identify(docker/gazebo) by extensions ['ros']
[0.234s] colcon.colcon_core.package_identification Level 1 _identify(docker/gazebo) by extension 'ros'
[0.234s] colcon.colcon_core.package_identification Level 1 _identify(docker/gazebo) by extensions ['cmake', 'python']
[0.234s] colcon.colcon_core.package_identification Level 1 _identify(docker/gazebo) by extension 'cmake'
[0.234s] colcon.colcon_core.package_identification Level 1 _identify(docker/gazebo) by extension 'python'
[0.234s] colcon.colcon_core.package_identification Level 1 _identify(docker/gazebo) by extensions ['python_setup_py']
[0.234s] colcon.colcon_core.package_identification Level 1 _identify(docker/gazebo) by extension 'python_setup_py'
[0.234s] colcon.colcon_core.package_identification Level 1 _identify(docker/robot) by extensions ['ignore', 'ignore_ament_install']
[0.234s] colcon.colcon_core.package_identification Level 1 _identify(docker/robot) by extension 'ignore'
[0.234s] colcon.colcon_core.package_identification Level 1 _identify(docker/robot) by extension 'ignore_ament_install'
[0.234s] colcon.colcon_core.package_identification Level 1 _identify(docker/robot) by extensions ['colcon_pkg']
[0.234s] colcon.colcon_core.package_identification Level 1 _identify(docker/robot) by extension 'colcon_pkg'
[0.234s] colcon.colcon_core.package_identification Level 1 _identify(docker/robot) by extensions ['colcon_meta']
[0.234s] colcon.colcon_core.package_identification Level 1 _identify(docker/robot) by extension 'colcon_meta'
[0.234s] colcon.colcon_core.package_identification Level 1 _identify(docker/robot) by extensions ['ros']
[0.234s] colcon.colcon_core.package_identification Level 1 _identify(docker/robot) by extension 'ros'
[0.234s] colcon.colcon_core.package_identification Level 1 _identify(docker/robot) by extensions ['cmake', 'python']
[0.234s] colcon.colcon_core.package_identification Level 1 _identify(docker/robot) by extension 'cmake'
[0.234s] colcon.colcon_core.package_identification Level 1 _identify(docker/robot) by extension 'python'
[0.234s] colcon.colcon_core.package_identification Level 1 _identify(docker/robot) by extensions ['python_setup_py']
[0.234s] colcon.colcon_core.package_identification Level 1 _identify(docker/robot) by extension 'python_setup_py'
[0.234s] colcon.colcon_core.package_identification Level 1 _identify(docker/samples) by extensions ['ignore', 'ignore_ament_install']
[0.234s] colcon.colcon_core.package_identification Level 1 _identify(docker/samples) by extension 'ignore'
[0.234s] colcon.colcon_core.package_identification Level 1 _identify(docker/samples) by extension 'ignore_ament_install'
[0.234s] colcon.colcon_core.package_identification Level 1 _identify(docker/samples) by extensions ['colcon_pkg']
[0.234s] colcon.colcon_core.package_identification Level 1 _identify(docker/samples) by extension 'colcon_pkg'
[0.234s] colcon.colcon_core.package_identification Level 1 _identify(docker/samples) by extensions ['colcon_meta']
[0.235s] colcon.colcon_core.package_identification Level 1 _identify(docker/samples) by extension 'colcon_meta'
[0.235s] colcon.colcon_core.package_identification Level 1 _identify(docker/samples) by extensions ['ros']
[0.235s] colcon.colcon_core.package_identification Level 1 _identify(docker/samples) by extension 'ros'
[0.235s] colcon.colcon_core.package_identification Level 1 _identify(docker/samples) by extensions ['cmake', 'python']
[0.235s] colcon.colcon_core.package_identification Level 1 _identify(docker/samples) by extension 'cmake'
[0.235s] colcon.colcon_core.package_identification Level 1 _identify(docker/samples) by extension 'python'
[0.235s] colcon.colcon_core.package_identification Level 1 _identify(docker/samples) by extensions ['python_setup_py']
[0.235s] colcon.colcon_core.package_identification Level 1 _identify(docker/samples) by extension 'python_setup_py'
[0.235s] colcon.colcon_core.package_identification Level 1 _identify(docker/vis_tools) by extensions ['ignore', 'ignore_ament_install']
[0.235s] colcon.colcon_core.package_identification Level 1 _identify(docker/vis_tools) by extension 'ignore'
[0.235s] colcon.colcon_core.package_identification Level 1 _identify(docker/vis_tools) by extension 'ignore_ament_install'
[0.235s] colcon.colcon_core.package_identification Level 1 _identify(docker/vis_tools) by extensions ['colcon_pkg']
[0.235s] colcon.colcon_core.package_identification Level 1 _identify(docker/vis_tools) by extension 'colcon_pkg'
[0.235s] colcon.colcon_core.package_identification Level 1 _identify(docker/vis_tools) by extensions ['colcon_meta']
[0.235s] colcon.colcon_core.package_identification Level 1 _identify(docker/vis_tools) by extension 'colcon_meta'
[0.235s] colcon.colcon_core.package_identification Level 1 _identify(docker/vis_tools) by extensions ['ros']
[0.235s] colcon.colcon_core.package_identification Level 1 _identify(docker/vis_tools) by extension 'ros'
[0.235s] colcon.colcon_core.package_identification Level 1 _identify(docker/vis_tools) by extensions ['cmake', 'python']
[0.235s] colcon.colcon_core.package_identification Level 1 _identify(docker/vis_tools) by extension 'cmake'
[0.235s] colcon.colcon_core.package_identification Level 1 _identify(docker/vis_tools) by extension 'python'
[0.235s] colcon.colcon_core.package_identification Level 1 _identify(docker/vis_tools) by extensions ['python_setup_py']
[0.235s] colcon.colcon_core.package_identification Level 1 _identify(docker/vis_tools) by extension 'python_setup_py'
[0.235s] colcon.colcon_core.package_identification Level 1 _identify(install) by extensions ['ignore', 'ignore_ament_install']
[0.235s] colcon.colcon_core.package_identification Level 1 _identify(install) by extension 'ignore'
[0.235s] colcon.colcon_core.package_identification Level 1 _identify(install) ignored
[0.235s] colcon.colcon_core.package_identification Level 1 _identify(log) by extensions ['ignore', 'ignore_ament_install']
[0.235s] colcon.colcon_core.package_identification Level 1 _identify(log) by extension 'ignore'
[0.235s] colcon.colcon_core.package_identification Level 1 _identify(log) ignored
[0.235s] colcon.colcon_core.package_identification Level 1 _identify(modules) by extensions ['ignore', 'ignore_ament_install']
[0.235s] colcon.colcon_core.package_identification Level 1 _identify(modules) by extension 'ignore'
[0.235s] colcon.colcon_core.package_identification Level 1 _identify(modules) by extension 'ignore_ament_install'
[0.235s] colcon.colcon_core.package_identification Level 1 _identify(modules) by extensions ['colcon_pkg']
[0.235s] colcon.colcon_core.package_identification Level 1 _identify(modules) by extension 'colcon_pkg'
[0.235s] colcon.colcon_core.package_identification Level 1 _identify(modules) by extensions ['colcon_meta']
[0.235s] colcon.colcon_core.package_identification Level 1 _identify(modules) by extension 'colcon_meta'
[0.235s] colcon.colcon_core.package_identification Level 1 _identify(modules) by extensions ['ros']
[0.235s] colcon.colcon_core.package_identification Level 1 _identify(modules) by extension 'ros'
[0.235s] colcon.colcon_core.package_identification Level 1 _identify(modules) by extensions ['cmake', 'python']
[0.235s] colcon.colcon_core.package_identification Level 1 _identify(modules) by extension 'cmake'
[0.235s] colcon.colcon_core.package_identification Level 1 _identify(modules) by extension 'python'
[0.235s] colcon.colcon_core.package_identification Level 1 _identify(modules) by extensions ['python_setup_py']
[0.235s] colcon.colcon_core.package_identification Level 1 _identify(modules) by extension 'python_setup_py'
[0.235s] colcon.colcon_core.package_identification Level 1 _identify(src) by extensions ['ignore', 'ignore_ament_install']
[0.235s] colcon.colcon_core.package_identification Level 1 _identify(src) by extension 'ignore'
[0.236s] colcon.colcon_core.package_identification Level 1 _identify(src) by extension 'ignore_ament_install'
[0.236s] colcon.colcon_core.package_identification Level 1 _identify(src) by extensions ['colcon_pkg']
[0.236s] colcon.colcon_core.package_identification Level 1 _identify(src) by extension 'colcon_pkg'
[0.236s] colcon.colcon_core.package_identification Level 1 _identify(src) by extensions ['colcon_meta']
[0.236s] colcon.colcon_core.package_identification Level 1 _identify(src) by extension 'colcon_meta'
[0.236s] colcon.colcon_core.package_identification Level 1 _identify(src) by extensions ['ros']
[0.236s] colcon.colcon_core.package_identification Level 1 _identify(src) by extension 'ros'
[0.236s] colcon.colcon_core.package_identification Level 1 _identify(src) by extensions ['cmake', 'python']
[0.236s] colcon.colcon_core.package_identification Level 1 _identify(src) by extension 'cmake'
[0.236s] colcon.colcon_core.package_identification Level 1 _identify(src) by extension 'python'
[0.236s] colcon.colcon_core.package_identification Level 1 _identify(src) by extensions ['python_setup_py']
[0.236s] colcon.colcon_core.package_identification Level 1 _identify(src) by extension 'python_setup_py'
[0.236s] colcon.colcon_core.package_identification Level 1 _identify(src/gazebo) by extensions ['ignore', 'ignore_ament_install']
[0.236s] colcon.colcon_core.package_identification Level 1 _identify(src/gazebo) by extension 'ignore'
[0.236s] colcon.colcon_core.package_identification Level 1 _identify(src/gazebo) by extension 'ignore_ament_install'
[0.236s] colcon.colcon_core.package_identification Level 1 _identify(src/gazebo) by extensions ['colcon_pkg']
[0.236s] colcon.colcon_core.package_identification Level 1 _identify(src/gazebo) by extension 'colcon_pkg'
[0.236s] colcon.colcon_core.package_identification Level 1 _identify(src/gazebo) by extensions ['colcon_meta']
[0.236s] colcon.colcon_core.package_identification Level 1 _identify(src/gazebo) by extension 'colcon_meta'
[0.236s] colcon.colcon_core.package_identification Level 1 _identify(src/gazebo) by extensions ['ros']
[0.236s] colcon.colcon_core.package_identification Level 1 _identify(src/gazebo) by extension 'ros'
[0.237s] colcon.colcon_core.package_identification DEBUG Package 'src/gazebo' with type 'ros.ament_cmake' and name 'gazebo'
[0.238s] colcon.colcon_core.package_identification Level 1 _identify(src/robot) by extensions ['ignore', 'ignore_ament_install']
[0.238s] colcon.colcon_core.package_identification Level 1 _identify(src/robot) by extension 'ignore'
[0.238s] colcon.colcon_core.package_identification Level 1 _identify(src/robot) by extension 'ignore_ament_install'
[0.238s] colcon.colcon_core.package_identification Level 1 _identify(src/robot) by extensions ['colcon_pkg']
[0.238s] colcon.colcon_core.package_identification Level 1 _identify(src/robot) by extension 'colcon_pkg'
[0.238s] colcon.colcon_core.package_identification Level 1 _identify(src/robot) by extensions ['colcon_meta']
[0.238s] colcon.colcon_core.package_identification Level 1 _identify(src/robot) by extension 'colcon_meta'
[0.238s] colcon.colcon_core.package_identification Level 1 _identify(src/robot) by extensions ['ros']
[0.238s] colcon.colcon_core.package_identification Level 1 _identify(src/robot) by extension 'ros'
[0.238s] colcon.colcon_core.package_identification Level 1 _identify(src/robot) by extensions ['cmake', 'python']
[0.238s] colcon.colcon_core.package_identification Level 1 _identify(src/robot) by extension 'cmake'
[0.238s] colcon.colcon_core.package_identification Level 1 _identify(src/robot) by extension 'python'
[0.238s] colcon.colcon_core.package_identification Level 1 _identify(src/robot) by extensions ['python_setup_py']
[0.238s] colcon.colcon_core.package_identification Level 1 _identify(src/robot) by extension 'python_setup_py'
[0.238s] colcon.colcon_core.package_identification Level 1 _identify(src/robot/bringup_robot) by extensions ['ignore', 'ignore_ament_install']
[0.238s] colcon.colcon_core.package_identification Level 1 _identify(src/robot/bringup_robot) by extension 'ignore'
[0.238s] colcon.colcon_core.package_identification Level 1 _identify(src/robot/bringup_robot) by extension 'ignore_ament_install'
[0.238s] colcon.colcon_core.package_identification Level 1 _identify(src/robot/bringup_robot) by extensions ['colcon_pkg']
[0.238s] colcon.colcon_core.package_identification Level 1 _identify(src/robot/bringup_robot) by extension 'colcon_pkg'
[0.238s] colcon.colcon_core.package_identification Level 1 _identify(src/robot/bringup_robot) by extensions ['colcon_meta']
[0.238s] colcon.colcon_core.package_identification Level 1 _identify(src/robot/bringup_robot) by extension 'colcon_meta'
[0.238s] colcon.colcon_core.package_identification Level 1 _identify(src/robot/bringup_robot) by extensions ['ros']
[0.238s] colcon.colcon_core.package_identification Level 1 _identify(src/robot/bringup_robot) by extension 'ros'
[0.239s] colcon.colcon_core.package_identification DEBUG Package 'src/robot/bringup_robot' with type 'ros.ament_cmake' and name 'bringup_robot'
[0.239s] colcon.colcon_core.package_identification Level 1 _identify(src/robot/control) by extensions ['ignore', 'ignore_ament_install']
[0.239s] colcon.colcon_core.package_identification Level 1 _identify(src/robot/control) by extension 'ignore'
[0.239s] colcon.colcon_core.package_identification Level 1 _identify(src/robot/control) by extension 'ignore_ament_install'
[0.239s] colcon.colcon_core.package_identification Level 1 _identify(src/robot/control) by extensions ['colcon_pkg']
[0.239s] colcon.colcon_core.package_identification Level 1 _identify(src/robot/control) by extension 'colcon_pkg'
[0.239s] colcon.colcon_core.package_identification Level 1 _identify(src/robot/control) by extensions ['colcon_meta']
[0.239s] colcon.colcon_core.package_identification Level 1 _identify(src/robot/control) by extension 'colcon_meta'
[0.239s] colcon.colcon_core.package_identification Level 1 _identify(src/robot/control) by extensions ['ros']
[0.239s] colcon.colcon_core.package_identification Level 1 _identify(src/robot/control) by extension 'ros'
[0.239s] colcon.colcon_core.package_identification DEBUG Package 'src/robot/control' with type 'ros.ament_cmake' and name 'control'
[0.239s] colcon.colcon_core.package_identification Level 1 _identify(src/robot/costmap) by extensions ['ignore', 'ignore_ament_install']
[0.239s] colcon.colcon_core.package_identification Level 1 _identify(src/robot/costmap) by extension 'ignore'
[0.239s] colcon.colcon_core.package_identification Level 1 _identify(src/robot/costmap) by extension 'ignore_ament_install'
[0.239s] colcon.colcon_core.package_identification Level 1 _identify(src/robot/costmap) by extensions ['colcon_pkg']
[0.239s] colcon.colcon_core.package_identification Level 1 _identify(src/robot/costmap) by extension 'colcon_pkg'
[0.239s] colcon.colcon_core.package_identification Level 1 _identify(src/robot/costmap) by extensions ['colcon_meta']
[0.239s] colcon.colcon_core.package_identification Level 1 _identify(src/robot/costmap) by extension 'colcon_meta'
[0.239s] colcon.colcon_core.package_identification Level 1 _identify(src/robot/costmap) by extensions ['ros']
[0.239s] colcon.colcon_core.package_identification Level 1 _identify(src/robot/costmap) by extension 'ros'
[0.240s] colcon.colcon_core.package_identification DEBUG Package 'src/robot/costmap' with type 'ros.ament_cmake' and name 'costmap'
[0.240s] colcon.colcon_core.package_identification Level 1 _identify(src/robot/dynamic_tracker) by extensions ['ignore', 'ignore_ament_install']
[0.240s] colcon.colcon_core.package_identification Level 1 _identify(src/robot/dynamic_tracker) by extension 'ignore'
[0.240s] colcon.colcon_core.package_identification Level 1 _identify(src/robot/dynamic_tracker) by extension 'ignore_ament_install'
[0.240s] colcon.colcon_core.package_identification Level 1 _identify(src/robot/dynamic_tracker) by extensions ['colcon_pkg']
[0.240s] colcon.colcon_core.package_identification Level 1 _identify(src/robot/dynamic_tracker) by extension 'colcon_pkg'
[0.240s] colcon.colcon_core.package_identification Level 1 _identify(src/robot/dynamic_tracker) by extensions ['colcon_meta']
[0.240s] colcon.colcon_core.package_identification Level 1 _identify(src/robot/dynamic_tracker) by extension 'colcon_meta'
[0.240s] colcon.colcon_core.package_identification Level 1 _identify(src/robot/dynamic_tracker) by extensions ['ros']
[0.240s] colcon.colcon_core.package_identification Level 1 _identify(src/robot/dynamic_tracker) by extension 'ros'
[0.240s] colcon.colcon_core.package_identification DEBUG Package 'src/robot/dynamic_tracker' with type 'ros.ament_cmake' and name 'dynamic_tracker'
[0.241s] colcon.colcon_core.package_identification Level 1 _identify(src/robot/map_memory) by extensions ['ignore', 'ignore_ament_install']
[0.241s] colcon.colcon_core.package_identification Level 1 _identify(src/robot/map_memory) by extension 'ignore'
[0.241s] colcon.colcon_core.package_identification Level 1 _identify(src/robot/map_memory) by extension 'ignore_ament_install'
[0.241s] colcon.colcon_core.package_identification Level 1 _identify(src/robot/map_memory) by extensions ['colcon_pkg']
[0.241s] colcon.colcon_core.package_identification Level 1 _identify(src/robot/map_memory) by extension 'colcon_pkg'
[0.241s] colcon.colcon_core.package_identification Level 1 _identify(src/robot/map_memory) by extensions ['colcon_meta']
[0.241s] colcon.colcon_core.package_identification Level 1 _identify(src/robot/map_memory) by extension 'colcon_meta'
[0.241s] colcon.colcon_core.package_identification Level 1 _identify(src/robot/map_memory) by extensions ['ros']
[0.241s] colcon.colcon_core.package_identification Level 1 _identify(src/robot/map_memory) by extension 'ros'
[0.241s] colcon.colcon_core.package_identification DEBUG Package 'src/robot/map_memory' with type 'ros.ament_cmake' and name 'map_memory'
[0.241s] colcon.colcon_core.package_identification Level 1 _identify(src/robot/moving_obstacles) by extensions ['ignore', 'ignore_ament_install']
[0.241s] colcon.colcon_core.package_identification Level 1 _identify(src/robot/moving_obstacles) by extension 'ignore'
[0.241s] colcon.colcon_core.package_identification Level 1 _identify(src/robot/moving_obstacles) by extension 'ignore_ament_install'
[0.241s] colcon.colcon_core.package_identification Level 1 _identify(src/robot/moving_obstacles) by extensions ['colcon_pkg']
[0.241s] colcon.colcon_core.package_identification Level 1 _identify(src/robot/moving_obstacles) by extension 'colcon_pkg'
[0.241s] colcon.colcon_core.package_identification Level 1 _identify(src/robot/moving_obstacles) by extensions ['colcon_meta']
[0.241s] colcon.colcon_core.package_identification Level 1 _identify(src/robot/moving_obstacles) by extension 'colcon_meta'
[0.241s] colcon.colcon_core.package_identification Level 1 _identify(src/robot/moving_obstacles) by extensions ['ros']
[0.241s] colcon.colcon_core.package_identification Level 1 _identify(src/robot/moving_obstacles) by extension 'ros'
[0.242s] colcon.colcon_core.package_identification DEBUG Package 'src/robot/moving_obstacles' with type 'ros.ament_cmake' and name 'moving_obstacles'
[0.242s] colcon.colcon_core.package_identification Level 1 _identify(src/robot/odometry_spoof) by extensions ['ignore', 'ignore_ament_install']
[0.242s] colcon.colcon_core.package_identification Level 1 _identify(src/robot/odometry_spoof) by extension 'ignore'
[0.242s] colcon.colcon_core.package_identification Level 1 _identify(src/robot/odometry_spoof) by extension 'ignore_ament_install'
[0.242s] colcon.colcon_core.package_identification Level 1 _identify(src/robot/odometry_spoof) by extensions ['colcon_pkg']
[0.242s] colcon.colcon_core.package_identification Level 1 _identify(src/robot/odometry_spoof) by extension 'colcon_pkg'
[0.242s] colcon.colcon_core.package_identification Level 1 _identify(src/robot/odometry_spoof) by extensions ['colcon_meta']
[0.242s] colcon.colcon_core.package_identification Level 1 _identify(src/robot/odometry_spoof) by extension 'colcon_meta'
[0.242s] colcon.colcon_core.package_identification Level 1 _identify(src/robot/odometry_spoof) by extensions ['ros']
[0.242s] colcon.colcon_core.package_identification Level 1 _identify(src/robot/odometry_spoof) by extension 'ros'
[0.242s] colcon.colcon_core.package_identification DEBUG Package 'src/robot/odometry_spoof' with type 'ros.ament_cmake' and name 'odometry_spoof'
[0.242s] colcon.colcon_core.package_identification Level 1 _identify(src/robot/planner) by extensions ['ignore', 'ignore_ament_install']
[0.242s] colcon.colcon_core.package_identification Level 1 _identify(src/robot/planner) by extension 'ignore'
[0.242s] colcon.colcon_core.package_identification Level 1 _identify(src/robot/planner) by extension 'ignore_ament_install'
[0.242s] colcon.colcon_core.package_identification Level 1 _identify(src/robot/planner) by extensions ['colcon_pkg']
[0.242s] colcon.colcon_core.package_identification Level 1 _identify(src/robot/planner) by extension 'colcon_pkg'
[0.242s] colcon.colcon_core.package_identification Level 1 _identify(src/robot/planner) by extensions ['colcon_meta']
[0.242s] colcon.colcon_core.package_identification Level 1 _identify(src/robot/planner) by extension 'colcon_meta'
[0.242s] colcon.colcon_core.package_identification Level 1 _identify(src/robot/planner) by extensions ['ros']
[0.242s] colcon.colcon_core.package_identification Level 1 _identify(src/robot/planner) by extension 'ros'
[0.243s] colcon.colcon_core.package_identification DEBUG Package 'src/robot/planner' with type 'ros.ament_cmake' and name 'planner'
[0.243s] colcon.colcon_core.package_identification Level 1 _identify(src/samples) by extensions ['ignore', 'ignore_ament_install']
[0.243s] colcon.colcon_core.package_identification Level 1 _identify(src/samples) by extension 'ignore'
[0.243s] colcon.colcon_core.package_identification Level 1 _identify(src/samples) by extension 'ignore_ament_install'
[0.243s] colcon.colcon_core.package_identification Level 1 _identify(src/samples) by extensions ['colcon_pkg']
[0.243s] colcon.colcon_core.package_identification Level 1 _identify(src/samples) by extension 'colcon_pkg'
[0.243s] colcon.colcon_core.package_identification Level 1 _identify(src/samples) by extensions ['colcon_meta']
[0.243s] colcon.colcon_core.package_identification Level 1 _identify(src/samples) by extension 'colcon_meta'
[0.243s] colcon.colcon_core.package_identification Level 1 _identify(src/samples) by extensions ['ros']
[0.243s] colcon.colcon_core.package_identification Level 1 _identify(src/samples) by extension 'ros'
[0.243s] colcon.colcon_core.package_identification Level 1 _identify(src/samples) by extensions ['cmake', 'python']
[0.243s] colcon.colcon_core.package_identification Level 1 _identify(src/samples) by extension 'cmake'
[0.243s] colcon.colcon_core.package_identification Level 1 _identify(src/samples) by extension 'python'
[0.243s] colcon.colcon_core.package_identification Level 1 _identify(src/samples) by extensions ['python_setup_py']
[0.243s] colcon.colcon_core.package_identification Level 1 _identify(src/samples) by extension 'python_setup_py'
[0.243s] colcon.colcon_core.package_identification Level 1 _identify(src/samples/cpp) by extensions ['ignore', 'ignore_ament_install']
[0.243s] colcon.colcon_core.package_identification Level 1 _identify(src/samples/cpp) by extension 'ignore'
[0.243s] colcon.colcon_core.package_identification Level 1 _identify(src/samples/cpp) by extension 'ignore_ament_install'
[0.243s] colcon.colcon_core.package_identification Level 1 _identify(src/samples/cpp) by extensions ['colcon_pkg']
[0.243s] colcon.colcon_core.package_identification Level 1 _identify(src/samples/cpp) by extension 'colcon_pkg'
[0.243s] colcon.colcon_core.package_identification Level 1 _identify(src/samples/cpp) by extensions ['colcon_meta']
[0.243s] colcon.colcon_core.package_identification Level 1 _identify(src/samples/cpp) by extension 'colcon_meta'
[0.243s] colcon.colcon_core.package_identification Level 1 _identify(src/samples/cpp) by extensions ['ros']
[0.243s] colcon.colcon_core.package_identification Level 1 _identify(src/samples/cpp) by extension 'ros'
[0.243s] colcon.colcon_core.package_identification Level 1 _identify(src/samples/cpp) by extensions ['cmake', 'python']
[0.243s] colcon.colcon_core.package_identification Level 1 _identify(src/samples/cpp) by extension 'cmake'
[0.243s] colcon.colcon_core.package_identification Level 1 _identify(src/samples/cpp) by extension 'python'
[0.243s] colcon.colcon_core.package_identification Level 1 _identify(src/samples/cpp) by extensions ['python_setup_py']
[0.243s] colcon.colcon_core.package_identification Level 1 _identify(src/samples/cpp) by extension 'python_setup_py'
[0.243s] colcon.colcon_core.package_identification Level 1 _identify(src/samples/cpp/aggregator) by extensions ['ignore', 'ignore_ament_install']
[0.243s] colcon.colcon_core.package_identification Level 1 _identify(src/samples/cpp/aggregator) by extension 'ignore'
[0.243s] colcon.colcon_core.package_identification Level 1 _identify(src/samples/cpp/aggregator) by extension 'ignore_ament_install'
[0.243s] colcon.colcon_core.package_identification Level 1 _identify(src/samples/cpp/aggregator) by extensions ['colcon_pkg']
[0.243s] colcon.colcon_core.package_identification Level 1 _identify(src/samples/cpp/aggregator) by extension 'colcon_pkg'
[0.243s] colcon.colcon_core.package_identification Level 1 _identify(src/samples/cpp/aggregator) by extensions ['colcon_meta']
[0.243s] colcon.colcon_core.package_identification Level 1 _identify(src/samples/cpp/aggregator) by extension 'colcon_meta'
[0.243s] colcon.colcon_core.package_identification Level 1 _identify(src/samples/cpp/aggregator) by extensions ['ros']
[0.243s] colcon.colcon_core.package_identification Level 1 _identify(src/samples/cpp/aggregator) by extension 'ros'
[0.244s] colcon.colcon_core.package_identification DEBUG Package 'src/samples/cpp/aggregator' with type 'ros.ament_cmake' and name 'aggregator'
[0.244s] colcon.colcon_core.package_identification Level 1 _identify(src/samples/cpp/producer) by extensions ['ignore', 'ignore_ament_install']
[0.244s] colcon.colcon_core.package_identification Level 1 _identify(src/samples/cpp/producer) by extension 'ignore'
[0.244s] colcon.colcon_core.package_identification Level 1 _identify(src/samples/cpp/producer) by extension 'ignore_ament_install'
[0.244s] colcon.colcon_core.package_identification Level 1 _identify(src/samples/cpp/producer) by extensions ['colcon_pkg']
[0.244s] colcon.colcon_core.package_identification Level 1 _identify(src/samples/cpp/producer) by extension 'colcon_pkg'
[0.244s] colcon.colcon_core.package_identification Level 1 _identify(src/samples/cpp/producer) by extensions ['colcon_meta']
[0.244s] colcon.colcon_core.package_identification Level 1 _identify(src/samples/cpp/producer) by extension 'colcon_meta'
[0.244s] colcon.colcon_core.package_identification Level 1 _identify(src/samples/cpp/producer) by extensions ['ros']
[0.244s] colcon.colcon_core.package_identification Level 1 _identify(src/samples/cpp/producer) by extension 'ros'
[0.245s] colcon.colcon_core.package_identification DEBUG Package 'src/samples/cpp/producer' with type 'ros.ament_cmake' and name 'producer'
[0.245s] colcon.colcon_core.package_identification Level 1 _identify(src/samples/cpp/transformer) by extensions ['ignore', 'ignore_ament_install']
[0.245s] colcon.colcon_core.package_identification Level 1 _identify(src/samples/cpp/transformer) by extension 'ignore'
[0.245s] colcon.colcon_core.package_identification Level 1 _identify(src/samples/cpp/transformer) by extension 'ignore_ament_install'
[0.245s] colcon.colcon_core.package_identification Level 1 _identify(src/samples/cpp/transformer) by extensions ['colcon_pkg']
[0.245s] colcon.colcon_core.package_identification Level 1 _identify(src/samples/cpp/transformer) by extension 'colcon_pkg'
[0.245s] colcon.colcon_core.package_identification Level 1 _identify(src/samples/cpp/transformer) by extensions ['colcon_meta']
[0.245s] colcon.colcon_core.package_identification Level 1 _identify(src/samples/cpp/transformer) by extension 'colcon_meta'
[0.245s] colcon.colcon_core.package_identification Level 1 _identify(src/samples/cpp/transformer) by extensions ['ros']
[0.245s] colcon.colcon_core.package_identification Level 1 _identify(src/samples/cpp/transformer) by extension 'ros'
[0.245s] colcon.colcon_core.package_identification DEBUG Package 'src/samples/cpp/transformer' with type 'ros.ament_cmake' and name 'transformer'
[0.245s] colcon.colcon_core.package_identification Level 1 _identify(src/samples/python) by extensions ['ignore', 'ignore_ament_install']
[0.245s] colcon.colcon_core.package_identification Level 1 _identify(src/samples/python) by extension 'ignore'
[0.245s] colcon.colcon_core.package_identification Level 1 _identify(src/samples/python) by extension 'ignore_ament_install'
[0.245s] colcon.colcon_core.package_identification Level 1 _identify(src/samples/python) by extensions ['colcon_pkg']
[0.245s] colcon.colcon_core.package_identification Level 1 _identify(src/samples/python) by extension 'colcon_pkg'
[0.245s] colcon.colcon_core.package_identification Level 1 _identify(src/samples/python) by extensions ['colcon_meta']
[0.245s] colcon.colcon_core.package_identification Level 1 _identify(src/samples/python) by extension 'colcon_meta'
[0.245s] colcon.colcon_core.package_identification Level 1 _identify(src/samples/python) by extensions ['ros']
[0.245s] colcon.colcon_core.package_identification Level 1 _identify(src/samples/python) by extension 'ros'
[0.245s] colcon.colcon_core.package_identification Level 1 _identify(src/samples/python) by extensions ['cmake', 'python']
[0.245s] colcon.colcon_core.package_identification Level 1 _identify(src/samples/python) by extension 'cmake'
[0.245s] colcon.colcon_core.package_identification Level 1 _identify(src/samples/python) by extension 'python'
[0.245s] colcon.colcon_core.package_identification Level 1 _identify(src/samples/python) by extensions ['python_setup_py']
[0.245s] colcon.colcon_core.package_identification Level 1 _identify(src/samples/python) by extension 'python_setup_py'
[0.245s] colcon.colcon_core.package_identification Level 1 _identify(src/samples/python/aggregator) by extensions ['ignore', 'ignore_ament_install']
[0.245s] colcon.colcon_core.package_identification Level 1 _identify(src/samples/python/aggregator) by extension 'ignore'
[0.245s] colcon.colcon_core.package_identification Level 1 _identify(src/samples/python/aggregator) by extension 'ignore_ament_install'
[0.245s] colcon.colcon_core.package_identification Level 1 _identify(src/samples/python/aggregator) by extensions ['colcon_pkg']
[0.245s] colcon.colcon_core.package_identification Level 1 _identify(src/samples/python/aggregator) by extension 'colcon_pkg'
[0.246s] colcon.colcon_core.package_identification Level 1 _identify(src/samples/python/aggregator) by extensions ['colcon_meta']
[0.246s] colcon.colcon_core.package_identification Level 1 _identify(src/samples/python/aggregator) by extension 'colcon_meta'
[0.246s] colcon.colcon_core.package_identification Level 1 _identify(src/samples/python/aggregator) by extensions ['ros']
[0.246s] colcon.colcon_core.package_identification Level 1 _identify(src/samples/python/aggregator) by extension 'ros'
[0.246s] colcon.colcon_core.package_identification DEBUG Package 'src/samples/python/aggregator' with type 'ros.ament_python' and name 'aggregator'
[0.246s] colcon.colcon_core.package_identification Level 1 _identify(src/samples/python/producer) by extensions ['ignore', 'ignore_ament_install']
[0.246s] colcon.colcon_core.package_identification Level 1 _identify(src/samples/python/producer) by extension 'ignore'
[0.246s] colcon.colcon_core.package_identification Level 1 _identify(src/samples/python/producer) by extension 'ignore_ament_install'
[0.246s] colcon.colcon_core.package_identification Level 1 _identify(src/samples/python/producer) by extensions ['colcon_pkg']
[0.246s] colcon.colcon_core.package_identification Level 1 _identify(src/samples/python/producer) by extension 'colcon_pkg'
[0.246s] colcon.colcon_core.package_identification Level 1 _identify(src/samples/python/producer) by extensions ['colcon_meta']
[0.246s] colcon.colcon_core.package_identification Level 1 _identify(src/samples/python/producer) by extension 'colcon_meta'
[0.246s] colcon.colcon_core.package_identification Level 1 _identify(src/samples/python/producer) by extensions ['ros']
[0.246s] colcon.colcon_core.package_identification Level 1 _identify(src/samples/python/producer) by extension 'ros'
[0.246s] colcon.colcon_core.package_identification DEBUG Package 'src/samples/python/producer' with type 'ros.ament_python' and name 'producer'
[0.246s] colcon.colcon_core.package_identification Level 1 _identify(src/samples/python/transformer) by extensions ['ignore', 'ignore_ament_install']
[0.246s] colcon.colcon_core.package_identification Level 1 _identify(src/samples/python/transformer) by extension 'ignore'
[0.246s] colcon.colcon_core.package_identification Level 1 _identify(src/samples/python/transformer) by extension 'ignore_ament_install'
[0.246s] colcon.colcon_core.package_identification Level 1 _identify(src/samples/python/transformer) by extensions ['colcon_pkg']
[0.246s] colcon.colcon_core.package_identification Level 1 _identify(src/samples/python/transformer) by extension 'colcon_pkg'
[0.246s] colcon.colcon_core.package_identification Level 1 _identify(src/samples/python/transformer) by extensions ['colcon_meta']
[0.246s] colcon.colcon_core.package_identification Level 1 _identify(src/samples/python/transformer) by extension 'colcon_meta'
[0.247s] colcon.colcon_core.package_identification Level 1 _identify(src/samples/python/transformer) by extensions ['ros']
[0.247s] colcon.colcon_core.package_identification Level 1 _identify(src/samples/python/transformer) by extension 'ros'
[0.247s] colcon.colcon_core.package_identification DEBUG Package 'src/samples/python/transformer' with type 'ros.ament_python' and name 'transformer'
[0.247s] colcon.colcon_core.package_identification Level 1 _identify(src/samples/sample_msgs) by extensions ['ignore', 'ignore_ament_install']
[0.247s] colcon.colcon_core.package_identification Level 1 _identify(src/samples/sample_msgs) by extension 'ignore'
[0.247s] colcon.colcon_core.package_identification Level 1 _identify(src/samples/sample_msgs) by extension 'ignore_ament_install'
[0.247s] colcon.colcon_core.package_identification Level 1 _identify(src/samples/sample_msgs) by extensions ['colcon_pkg']
[0.247s] colcon.colcon_core.package_identification Level 1 _identify(src/samples/sample_msgs) by extension 'colcon_pkg'
[0.247s] colcon.colcon_core.package_identification Level 1 _identify(src/samples/sample_msgs) by extensions ['colcon_meta']
[0.247s] colcon.colcon_core.package_identification Level 1 _identify(src/samples/sample_msgs) by extension 'colcon_meta'
[0.247s] colcon.colcon_core.package_identification Level 1 _identify(src/samples/sample_msgs) by extensions ['ros']
[0.247s] colcon.colcon_core.package_identification Level 1 _identify(src/samples/sample_msgs) by extension 'ros'
[0.247s] colcon.colcon_core.package_identification DEBUG Package 'src/samples/sample_msgs' with type 'ros.ament_cmake' and name 'sample_msgs'
[0.247s] colcon.colcon_core.package_identification Level 1 _identify(src/wato_msgs) by extensions ['ignore', 'ignore_ament_install']
[0.247s] colcon.colcon_core.package_identification Level 1 _identify(src/wato_msgs) by extension 'ignore'
[0.248s] colcon.colcon_core.package_identification Level 1 _identify(src/wato_msgs) by extension 'ignore_ament_install'
[0.248s] colcon.colcon_core.package_identification Level 1 _identify(src/wato_msgs) by extensions ['colcon_pkg']
[0.248s] colcon.colcon_core.package_identification Level 1 _identify(src/wato_msgs) by extension 'colcon_pkg'
[0.248s] colcon.colcon_core.package_identification Level 1 _identify(src/wato_msgs) by extensions ['colcon_meta']
[0.248s] colcon.colcon_core.package_identification Level 1 _identify(src/wato_msgs) by extension 'colcon_meta'
[0.248s] colcon.colcon_core.package_identification Level 1 _identify(src/wato_msgs) by extensions ['ros']
[0.248s] colcon.colcon_core.package_identification Level 1 _identify(src/wato_msgs) by extension 'ros'
[0.248s] colcon.colcon_core.package_identification Level 1 _identify(src/wato_msgs) by extensions ['cmake', 'python']
[0.248s] colcon.colcon_core.package_identification Level 1 _identify(src/wato_msgs) by extension 'cmake'
[0.248s] colcon.colcon_core.package_identification Level 1 _identify(src/wato_msgs) by extension 'python'
[0.248s] colcon.colcon_core.package_identification Level 1 _identify(src/wato_msgs) by extensions ['python_setup_py']
[0.248s] colcon.colcon_core.package_identification Level 1 _identify(src/wato_msgs) by extension 'python_setup_py'
[0.248s] colcon.colcon_core.package_identification Level 1 _identify(src/wato_msgs/sample_msgs) by extensions ['ignore', 'ignore_ament_install']
[0.248s] colcon.colcon_core.package_identification Level 1 _identify(src/wato_msgs/sample_msgs) by extension 'ignore'
[0.248s] colcon.colcon_core.package_identification Level 1 _identify(src/wato_msgs/sample_msgs) by extension 'ignore_ament_install'
[0.248s] colcon.colcon_core.package_identification Level 1 _identify(src/wato_msgs/sample_msgs) by extensions ['colcon_pkg']
[0.248s] colcon.colcon_core.package_identification Level 1 _identify(src/wato_msgs/sample_msgs) by extension 'colcon_pkg'
[0.248s] colcon.colcon_core.package_identification Level 1 _identify(src/wato_msgs/sample_msgs) by extensions ['colcon_meta']
[0.248s] colcon.colcon_core.package_identification Level 1 _identify(src/wato_msgs/sample_msgs) by extension 'colcon_meta'
[0.248s] colcon.colcon_core.package_identification Level 1 _identify(src/wato_msgs/sample_msgs) by extensions ['ros']
[0.248s] colcon.colcon_core.package_identification Level 1 _identify(src/wato_msgs/sample_msgs) by extension 'ros'
[0.248s] colcon.colcon_core.package_identification DEBUG Package 'src/wato_msgs/sample_msgs' with type 'ros.ament_cmake' and name 'sample_msgs'
[0.248s] colcon.colcon_core.package_identification Level 1 _identify(watod_scripts) by extensions ['ignore', 'ignore_ament_install']
[0.248s] colcon.colcon_core.package_identification Level 1 _identify(watod_scripts) by extension 'ignore'
[0.248s] colcon.colcon_core.package_identification Level 1 _identify(watod_scripts) by extension 'ignore_ament_install'
[0.248s] colcon.colcon_core.package_identification Level 1 _identify(watod_scripts) by extensions ['colcon_pkg']
[0.248s] colcon.colcon_core.package_identification Level 1 _identify(watod_scripts) by extension 'colcon_pkg'
[0.248s] colcon.colcon_core.package_identification Level 1 _identify(watod_scripts) by extensions ['colcon_meta']
[0.248s] colcon.colcon_core.package_identification Level 1 _identify(watod_scripts) by extension 'colcon_meta'
[0.248s] colcon.colcon_core.package_identification Level 1 _identify(watod_scripts) by extensions ['ros']
[0.248s] colcon.colcon_core.package_identification Level 1 _identify(watod_scripts) by extension 'ros'
[0.248s] colcon.colcon_core.package_identification Level 1 _identify(watod_scripts) by extensions ['cmake', 'python']
[0.248s] colcon.colcon_core.package_identification Level 1 _identify(watod_scripts) by extension 'cmake'
[0.248s] colcon.colcon_core.package_identification Level 1 _identify(watod_scripts) by extension 'python'
[0.248s] colcon.colcon_core.package_identification Level 1 _identify(watod_scripts) by extensions ['python_setup_py']
[0.248s] colcon.colcon_core.package_identification Level 1 _identify(watod_scripts) by extension 'python_setup_py'
[0.248s] colcon.colcon_core.package_discovery Level 1 discover_packages(recursive) using defaults
[0.248s] colcon.colcon_core.package_discovery Level 1 discover_packages(ignore) discover
[0.248s] colcon.colcon_core.package_discovery Level 1 discover_packages(ignore) using defaults
[0.248s] colcon.colcon_core.package_discovery Level 1 discover_packages(path) discover
[0.248s] colcon.colcon_core.package_discovery Level 1 discover_packages(path) using defaults
[0.261s] colcon.colcon_core.package_selection INFO Skipping not selected package 'aggregator' in 'src/samples/python/aggregator'
[0.261s] colcon.colcon_core.package_selection INFO Skipping not selected package 'gazebo' in 'src/gazebo'
[0.261s] colcon.colcon_core.package_selection INFO Skipping not selected package 'map_memory' in 'src/robot/map_memory'
[0.261s] colcon.colcon_core.package_selection INFO Skipping not selected package 'odometry_spoof' in 'src/robot/odometry_spoof'
[0.261s] colcon.colcon_core.package_selection INFO Skipping not selected package 'producer' in 'src/samples/python/producer'
[0.261s] colcon.colcon_core.package_selection INFO Skipping not selected package 'sample_msgs' in 'src/samples/sample_msgs'
[0.261s] colcon.colcon_core.package_selection INFO Skipping not selected package 'sample_msgs' in 'src/wato_msgs/sample_msgs'
[0.261s] colcon.colcon_core.package_selection INFO Skipping not selected package 'transformer' in 'src/samples/python/transformer'
[0.261s] colcon.colcon_core.package_selection INFO Skipping not selected package 'aggregator' in 'src/samples/cpp/aggregator'
[0.261s] colcon.colcon_core.package_selection INFO Skipping not selected package 'producer' in 'src/samples/cpp/producer'
[0.261s] colcon.colcon_core.package_selection INFO Skipping not selected package 'transformer' in 'src/samples/cpp/transformer'
[0.261s] colcon.colcon_core.verb Level 5 set package 'control' build argument 'cmake_args' from command line to 'None'
[0.261s] colcon.colcon_core.verb Level 5 set package 'control' build argument 'cmake_target' from command line to 'None'
[0.261s] colcon.colcon_core.verb Level 5 set package 'control' build argument 'cmake_target_skip_unavailable' from command line to 'False'
[0.261s] colcon.colcon_core.verb Level 5 set package 'control' build argument 'cmake_clean_cache' from command line to 'False'
[0.261s] colcon.colcon_core.verb Level 5 set package 'control' build argument 'cmake_clean_first' from command line to 'False'
[0.261s] colcon.colcon_core.verb Level 5 set package 'control' build argument 'cmake_force_configure' from command line to 'False'
[0.261s] colcon.colcon_core.verb Level 5 set package 'control' build argument 'ament_cmake_args' from command line to 'None'
[0.261s] colcon.colcon_core.verb Level 5 set package 'control' build argument 'catkin_cmake_args' from command line to 'None'
[0.261s] colcon.colcon_core.verb Level 5 set package 'control' build argument 'catkin_skip_building_tests' from command line to 'False'
[0.261s] colcon.colcon_core.verb DEBUG Building package 'control' with the following arguments: {'ament_cmake_args': None, 'build_base': '/Users/user/Desktop/VsCode/WATO/wato_asd_training/build/control', 'catkin_cmake_args': None, 'catkin_skip_building_tests': False, 'cmake_args': None, 'cmake_clean_cache': False, 'cmake_clean_first': False, 'cmake_force_configure': False, 'cmake_target': None, 'cmake_target_skip_unavailable': False, 'install_base': '/Users/user/Desktop/VsCode/WATO/wato_asd_training/install/control', 'merge_install': False, 'path': '/Users/user/Desktop/VsCode/WATO/wato_asd_training/src/robot/control', 'symlink_install': False, 'test_result_base': None}
[0.261s] colcon.colcon_core.verb Level 5 set package 'costmap' build argument 'cmake_args' from command line to 'None'
[0.261s] colcon.colcon_core.verb Level 5 set package 'costmap' build argument 'cmake_target' from command line to 'None'
[0.261s] colcon.colcon_core.verb Level 5 set package 'costmap' build argument 'cmake_target_skip_unavailable' from command line to 'False'
[0.261s] colcon.colcon_core.verb Level 5 set package 'costmap' build argument 'cmake_clean_cache' from command line to 'False'
[0.261s] colcon.colcon_core.verb Level 5 set package 'costmap' build argument 'cmake_clean_first' from command line to 'False'
[0.261s] colcon.colcon_core.verb Level 5 set package 'costmap' build argument 'cmake_force_configure' from command line to 'False'
[0.261s] colcon.colcon_core.verb Level 5 set package 'costmap' build argument 'ament_cmake_args' from command line to 'None'
[0.261s] colcon.colcon_core.verb Level 5 set package 'costmap' build argument 'catkin_cmake_args' from command line to 'None'
[0.261s] colcon.colcon_core.verb Level 5 set package 'costmap' build argument 'catkin_skip_building_tests' from command line to 'False'
[0.261s] colcon.colcon_core.verb DEBUG Building package 'costmap' with the following arguments: {'ament_cmake_args': None, 'build_base': '/Users/user/Desktop/VsCode/WATO/wato_asd_training/build/costmap', 'catkin_cmake_args': None, 'catkin_skip_building_tests': False, 'cmake_args': None, 'cmake_clean_cache': False, 'cmake_clean_first': False, 'cmake_force_configure': False, 'cmake_target': None, 'cmake_target_skip_unavailable': False, 'install_base': '/Users/user/Desktop/VsCode/WATO/wato_asd_training/install/costmap', 'merge_install': False, 'path': '/Users/user/Desktop/VsCode/WATO/wato_asd_training/src/robot/costmap', 'symlink_install': False, 'test_result_base': None}
[0.261s] colcon.colcon_core.verb Level 5 set package 'dynamic_tracker' build argument 'cmake_args' from command line to 'None'
[0.261s] colcon.colcon_core.verb Level 5 set package 'dynamic_tracker' build argument 'cmake_target' from command line to 'None'
[0.261s] colcon.colcon_core.verb Level 5 set package 'dynamic_tracker' build argument 'cmake_target_skip_unavailable' from command line to 'False'
[0.261s] colcon.colcon_core.verb Level 5 set package 'dynamic_tracker' build argument 'cmake_clean_cache' from command line to 'False'
[0.261s] colcon.colcon_core.verb Level 5 set package 'dynamic_tracker' build argument 'cmake_clean_first' from command line to 'False'
[0.261s] colcon.colcon_core.verb Level 5 set package 'dynamic_tracker' build argument 'cmake_force_configure' from command line to 'False'
[0.261s] colcon.colcon_core.verb Level 5 set package 'dynamic_tracker' build argument 'ament_cmake_args' from command line to 'None'
[0.261s] colcon.colcon_core.verb Level 5 set package 'dynamic_tracker' build argument 'catkin_cmake_args' from command line to 'None'
[0.261s] colcon.colcon_core.verb Level 5 set package 'dynamic_tracker' build argument 'catkin_skip_building_tests' from command line to 'False'
[0.261s] colcon.colcon_core.verb DEBUG Building package 'dynamic_tracker' with the following arguments: {'ament_cmake_args': None, 'build_base': '/Users/user/Desktop/VsCode/WATO/wato_asd_training/build/dynamic_tracker', 'catkin_cmake_args': None, 'catkin_skip_building_tests': False, 'cmake_args': None, 'cmake_clean_cache': False, 'cmake_clean_first': False, 'cmake_force_configure': False, 'cmake_target': None, 'cmake_target_skip_unavailable': False, 'install_base': '/Users/user/Desktop/VsCode/WATO/wato_asd_training/install/dynamic_tracker', 'merge_install': False, 'path': '/Users/user/Desktop/VsCode/WATO/wato_asd_training/src/robot/dynamic_tracker', 'symlink_install': False, 'test_result_base': None}
[0.261s] colcon.colcon_core.verb Level 5 set package 'moving_obstacles' build argument 'cmake_args' from command line to 'None'
[0.261s] colcon.colcon_core.verb Level 5 set package 'moving_obstacles' build argument 'cmake_target' from command line to 'None'
[0.261s] colcon.colcon_core.verb Level 5 set package 'moving_obstacles' build argument 'cmake_target_skip_unavailable' from command line to 'False'
[0.261s] colcon.colcon_core.verb Level 5 set package 'moving_obstacles' build argument 'cmake_clean_cache' from command line to 'False'
[0.261s] colcon.colcon_core.verb Level 5 set package 'moving_obstacles' build argument 'cmake_clean_first' from command line to 'False'
[0.261s] colcon.colcon_core.verb Level 5 set package 'moving_obstacles' build argument 'cmake_force_configure' from command line to 'False'
[0.261s] colcon.colcon_core.verb Level 5 set package 'moving_obstacles' build argument 'ament_cmake_args' from command line to 'None'
[0.261s] colcon.colcon_core.verb Level 5 set package 'moving_obstacles' build argument 'catkin_cmake_args' from command line to 'None'
[0.261s] colcon.colcon_core.verb Level 5 set package 'moving_obstacles' build argument 'catkin_skip_building_tests' from command line to 'False'
[0.261s] colcon.colcon_core.verb DEBUG Building package 'moving_obstacles' with the following arguments: {'ament_cmake_args': None, 'build_base': '/Users/user/Desktop/VsCode/WATO/wato_asd_training/build/moving_obstacles', 'catkin_cmake_args': None, 'catkin_skip_building_tests': False, 'cmake_args': None, 'cmake_clean_cache': False, 'cmake_clean_first': False, 'cmake_force_configure': False, 'cmake_target': None, 'cmake_target_skip_unavailable': False, 'install_base': '/Users/user/Desktop/VsCode/WATO/wato_asd_training/install/moving_obstacles', 'merge_install': False, 'path': '/Users/user/Desktop/VsCode/WATO/wato_asd_training/src/robot/moving_obstacles', 'symlink_install': False, 'test_result_base': None}
[0.261s] colcon.colcon_core.verb Level 5 set package 'planner' build argument 'cmake_args' from command line to 'None'
[0.261s] colcon.colcon_core.verb Level 5 set package 'planner' build argument 'cmake_target' from command line to 'None'
[0.261s] colcon.colcon_core.verb Level 5 set package 'planner' build argument 'cmake_target_skip_unavailable' from command line to 'False'
[0.261s] colcon.colcon_core.verb Level 5 set package 'planner' build argument 'cmake_clean_cache' from command line to 'False'
[0.261s] colcon.colcon_core.verb Level 5 set package 'planner' build argument 'cmake_clean_first' from command line to 'False'
[0.261s] colcon.colcon_core.verb Level 5 set package 'planner' build argument 'cmake_force_configure' from command line to 'False'
[0.261s] colcon.colcon_core.verb Level 5 set package 'planner' build argument 'ament_cmake_args' from command line to 'None'
[0.261s] colcon.colcon_core.verb Level 5 set package 'planner' build argument 'catkin_cmake_args' from command line to 'None'
[0.261s] colcon.colcon_core.verb Level 5 set package 'planner' build argument 'catkin_skip_building_tests' from command line to 'False'
[0.261s] colcon.colcon_core.verb DEBUG Building package 'planner' with the following arguments: {'ament_cmake_args': None, 'build_base': '/Users/user/Desktop/VsCode/WATO/wato_asd_training/build/planner', 'catkin_cmake_args': None, 'catkin_skip_building_tests': False, 'cmake_args': None, 'cmake_clean_cache': False, 'cmake_clean_first': False, 'cmake_force_configure': False, 'cmake_target': None, 'cmake_target_skip_unavailable': False, 'install_base': '/Users/user/Desktop/VsCode/WATO/wato_asd_training/install/planner', 'merge_install': False, 'path': '/Users/user/Desktop/VsCode/WATO/wato_asd_training/src/robot/planner', 'symlink_install': False, 'test_result_base': None}
[0.262s] colcon.colcon_core.verb Level 5 set package 'bringup_robot' build argument 'cmake_args' from command line to 'None'
[0.262s] colcon.colcon_core.verb Level 5 set package 'bringup_robot' build argument 'cmake_target' from command line to 'None'
[0.262s] colcon.colcon_core.verb Level 5 set package 'bringup_robot' build argument 'cmake_target_skip_unavailable' from command line to 'False'
[0.262s] colcon.colcon_core.verb Level 5 set package 'bringup_robot' build argument 'cmake_clean_cache' from command line to 'False'
[0.262s] colcon.colcon_core.verb Level 5 set package 'bringup_robot' build argument 'cmake_clean_first' from command line to 'False'
[0.262s] colcon.colcon_core.verb Level 5 set package 'bringup_robot' build argument 'cmake_force_configure' from command line to 'False'
[0.262s] colcon.colcon_core.verb Level 5 set package 'bringup_robot' build argument 'ament_cmake_args' from command line to 'None'
[0.262s] colcon.colcon_core.verb Level 5 set package 'bringup_robot' build argument 'catkin_cmake_args' from command line to 'None'
[0.262s] colcon.colcon_core.verb Level 5 set package 'bringup_robot' build argument 'catkin_skip_building_tests' from command line to 'False'
[0.262s] colcon.colcon_core.verb DEBUG Building package 'bringup_robot' with the following arguments: {'ament_cmake_args': None, 'build_base': '/Users/user/Desktop/VsCode/WATO/wato_asd_training/build/bringup_robot', 'catkin_cmake_args': None, 'catkin_skip_building_tests': False, 'cmake_args': None, 'cmake_clean_cache': False, 'cmake_clean_first': False, 'cmake_force_configure': False, 'cmake_target': None, 'cmake_target_skip_unavailable': False, 'install_base': '/Users/user/Desktop/VsCode/WATO/wato_asd_training/install/bringup_robot', 'merge_install': False, 'path': '/Users/user/Desktop/VsCode/WATO/wato_asd_training/src/robot/bringup_robot', 'symlink_install': False, 'test_result_base': None}
[0.262s] colcon.colcon_core.executor INFO Executing jobs using 'parallel' executor
[0.262s] colcon.colcon_parallel_executor.executor.parallel DEBUG run_until_complete
[0.262s] colcon.colcon_ros.task.ament_cmake.build INFO Building ROS package in '/Users/user/Desktop/VsCode/WATO/wato_asd_training/src/robot/control' with build type 'ament_cmake'
[0.262s] colcon.colcon_cmake.task.cmake.build INFO Building CMake package in '/Users/user/Desktop/VsCode/WATO/wato_asd_training/src/robot/control'
[0.264s] colcon.colcon_core.plugin_system INFO Skipping extension 'colcon_core.shell.bat': Not used on non-Windows systems
[0.264s] colcon.colcon_core.shell INFO Skip shell extension 'powershell' for command environment: Not usable outside of PowerShell
[0.264s] colcon.colcon_core.shell DEBUG Skip shell extension 'dsv' for command environment
[0.269s] colcon.colcon_ros.task.ament_cmake.build INFO Building ROS package in '/Users/user/Desktop/VsCode/WATO/wato_asd_training/src/robot/costmap' with build type 'ament_cmake'
[0.269s] colcon.colcon_cmake.task.cmake.build INFO Building CMake package in '/Users/user/Desktop/VsCode/WATO/wato_asd_training/src/robot/costmap'
[0.269s] colcon.colcon_core.shell INFO Skip shell extension 'powershell' for command environment: Not usable outside of PowerShell
[0.269s] colcon.colcon_core.shell DEBUG Skip shell extension 'dsv' for command environment
[0.273s] colcon.colcon_ros.task.ament_cmake.build INFO Building ROS package in '/Users/user/Desktop/VsCode/WATO/wato_asd_training/src/robot/planner' with build type 'ament_cmake'
[0.273s] colcon.colcon_cmake.task.cmake.build INFO Building CMake package in '/Users/user/Desktop/VsCode/WATO/wato_asd_training/src/robot/planner'
[0.273s] colcon.colcon_core.shell INFO Skip shell extension 'powershell' for command environment: Not usable outside of PowerShell
[0.273s] colcon.colcon_core.shell DEBUG Skip shell extension 'dsv' for command environment
[0.276s] colcon.colcon_ros.task.ament_cmake.build INFO Building ROS package in '/Users/user/Desktop/VsCode/WATO/wato_asd_training/src/robot/dynamic_tracker' with build type 'ament_cmake'
[0.276s] colcon.colcon_cmake.task.cmake.build INFO Building CMake package in '/Users/user/Desktop/VsCode/WATO/wato_asd_training/src/robot/dynamic_tracker'
[0.277s] colcon.colcon_core.shell INFO Skip shell extension 'powershell' for command environment: Not usable outside of PowerShell
[0.277s] colcon.colcon_core.shell DEBUG Skip shell extension 'dsv' for command environment
[0.280s] colcon.colcon_ros.task.ament_cmake.build INFO Building ROS package in '/Users/user/Desktop/VsCode/WATO/wato_asd_training/src/robot/moving_obstacles' with build type 'ament_cmake'
[0.280s] colcon.colcon_cmake.task.cmake.build INFO Building CMake package in '/Users/user/Desktop/VsCode/WATO/wato_asd_training/src/robot/moving_obstacles'
[0.280s] colcon.colcon_core.shell INFO Skip shell extension 'powershell' for command environment: Not usable outside of PowerShell
[0.280s] colcon.colcon_core.shell DEBUG Skip shell extension 'dsv' for command environment
[0.290s] colcon.colcon_core.event_handler.log_command DEBUG Invoking command in '/Users/user/Desktop/VsCode/WATO/wato_asd_training/build/control': CMAKE_PREFIX_PATH=/Users/user/.local/share/mamba/envs/ros_humble CONDA_PROMPT_MODIFIER=(ros_humble) SHLVL=2 _=/usr/bin/env /opt/homebrew/bin/cmake --build /Users/user/Desktop/VsCode/WATO/wato_asd_training/build/control -- -j10 -l10
[0.294s] colcon.colcon_core.event_handler.log_command DEBUG Invoking command in '/Users/user/Desktop/VsCode/WATO/wato_asd_training/build/costmap': CMAKE_PREFIX_PATH=/Users/user/.local/share/mamba/envs/ros_humble CONDA_PROMPT_MODIFIER=(ros_humble) SHLVL=2 _=/usr/bin/env /opt/homebrew/bin/cmake --build /Users/user/Desktop/VsCode/WATO/wato_asd_training/build/costmap -- -j10 -l10
[0.297s] colcon.colcon_core.event_handler.log_command DEBUG Invoking command in '/Users/user/Desktop/VsCode/WATO/wato_asd_training/build/planner': CMAKE_PREFIX_PATH=/Users/user/.local/share/mamba/envs/ros_humble CONDA_PROMPT_MODIFIER=(ros_humble) SHLVL=2 _=/usr/bin/env /opt/homebrew/bin/cmake --build /Users/user/Desktop/VsCode/WATO/wato_asd_training/build/planner -- -j10 -l10
[0.301s] colcon.colcon_core.event_handler.log_command DEBUG Invoking command in '/Users/user/Desktop/VsCode/WATO/wato_asd_training/build/dynamic_tracker': CMAKE_PREFIX_PATH=/Users/user/.local/share/mamba/envs/ros_humble CONDA_PROMPT_MODIFIER=(ros_humble) SHLVL=2 _=/usr/bin/env /opt/homebrew/bin/cmake /Users/user/Desktop/VsCode/WATO/wato_asd_training/src/robot/dynamic_tracker -DCMAKE_INSTALL_PREFIX=/Users/user/Desktop/VsCode/WATO/wato_asd_training/install/dynamic_tracker
[0.306s] colcon.colcon_core.event_handler.log_command DEBUG Invoking command in '/Users/user/Desktop/VsCode/WATO/wato_asd_training/build/moving_obstacles': CMAKE_PREFIX_PATH=/Users/user/.local/share/mamba/envs/ros_humble CONDA_PROMPT_MODIFIER=(ros_humble) SHLVL=2 _=/usr/bin/env /opt/homebrew/bin/cmake /Users/user/Desktop/VsCode/WATO/wato_asd_training/src/robot/moving_obstacles -DCMAKE_INSTALL_PREFIX=/Users/user/Desktop/VsCode/WATO/wato_asd_training/install/moving_obstacles
[2.099s] colcon.colcon_core.event_handler.log_command DEBUG Invoked command in '/Users/user/Desktop/VsCode/WATO/wato_asd_training/build/costmap' returned '0': CMAKE_PREFIX_PATH=/Users/user/.local/share/mamba/envs/ros_humble CONDA_PROMPT_MODIFIER=(ros_humble) SHLVL=2 _=/usr/bin/env /opt/homebrew/bin/cmake --build /Users/user/Desktop/VsCode/WATO/wato_asd_training/build/costmap -- -j10 -l10
[2.118s] colcon.colcon_core.event_handler.log_command DEBUG Invoking command in '/Users/user/Desktop/VsCode/WATO/wato_asd_training/build/costmap': CMAKE_PREFIX_PATH=/Users/user/.local/share/mamba/envs/ros_humble CONDA_PROMPT_MODIFIER=(ros_humble) SHLVL=2 _=/usr/bin/env /opt/homebrew/bin/cmake --install /Users/user/Desktop/VsCode/WATO/wato_asd_training/build/costmap
[2.153s] colcon.colcon_core.environment Level 1 create_environment_scripts_only(costmap)
[2.154s] colcon.colcon_core.event_handler.log_command DEBUG Invoked command in '/Users/user/Desktop/VsCode/WATO/wato_asd_training/build/costmap' returned '0': CMAKE_PREFIX_PATH=/Users/user/.local/share/mamba/envs/ros_humble CONDA_PROMPT_MODIFIER=(ros_humble) SHLVL=2 _=/usr/bin/env /opt/homebrew/bin/cmake --install /Users/user/Desktop/VsCode/WATO/wato_asd_training/build/costmap
[2.157s] colcon.colcon_core.environment Level 1 checking '/Users/user/Desktop/VsCode/WATO/wato_asd_training/install/costmap' for CMake module files
[2.157s] colcon.colcon_core.environment Level 1 checking '/Users/user/Desktop/VsCode/WATO/wato_asd_training/install/costmap' for CMake config files
[2.157s] colcon.colcon_core.shell Level 1 create_environment_hook('costmap', 'cmake_prefix_path')
[2.157s] colcon.colcon_core.shell INFO Creating environment hook '/Users/user/Desktop/VsCode/WATO/wato_asd_training/install/costmap/share/costmap/hook/cmake_prefix_path.ps1'
[2.158s] colcon.colcon_core.shell INFO Creating environment descriptor '/Users/user/Desktop/VsCode/WATO/wato_asd_training/install/costmap/share/costmap/hook/cmake_prefix_path.dsv'
[2.159s] colcon.colcon_core.shell INFO Creating environment hook '/Users/user/Desktop/VsCode/WATO/wato_asd_training/install/costmap/share/costmap/hook/cmake_prefix_path.sh'
[2.160s] colcon.colcon_core.environment Level 1 checking '/Users/user/Desktop/VsCode/WATO/wato_asd_training/install/costmap/lib'
[2.160s] colcon.colcon_core.environment Level 1 checking '/Users/user/Desktop/VsCode/WATO/wato_asd_training/install/costmap/bin'
[2.160s] colcon.colcon_core.environment Level 1 checking '/Users/user/Desktop/VsCode/WATO/wato_asd_training/install/costmap/lib/pkgconfig/costmap.pc'
[2.160s] colcon.colcon_core.environment Level 1 checking '/Users/user/Desktop/VsCode/WATO/wato_asd_training/install/costmap/lib/python3.12/site-packages'
[2.160s] colcon.colcon_core.environment Level 1 checking '/Users/user/Desktop/VsCode/WATO/wato_asd_training/install/costmap/bin'
[2.160s] colcon.colcon_core.shell INFO Creating package script '/Users/user/Desktop/VsCode/WATO/wato_asd_training/install/costmap/share/costmap/package.ps1'
[2.161s] colcon.colcon_core.shell INFO Creating package descriptor '/Users/user/Desktop/VsCode/WATO/wato_asd_training/install/costmap/share/costmap/package.dsv'
[2.162s] colcon.colcon_core.shell INFO Creating package script '/Users/user/Desktop/VsCode/WATO/wato_asd_training/install/costmap/share/costmap/package.sh'
[2.163s] colcon.colcon_core.shell INFO Creating package script '/Users/user/Desktop/VsCode/WATO/wato_asd_training/install/costmap/share/costmap/package.bash'
[2.163s] colcon.colcon_core.shell INFO Creating package script '/Users/user/Desktop/VsCode/WATO/wato_asd_training/install/costmap/share/costmap/package.zsh'
[2.164s] colcon.colcon_core.environment Level 1 create_file_with_runtime_dependencies(/Users/user/Desktop/VsCode/WATO/wato_asd_training/install/costmap/share/colcon-core/packages/costmap)
[2.165s] colcon.colcon_core.environment Level 1 create_environment_scripts_only(costmap)
[2.165s] colcon.colcon_core.environment Level 1 checking '/Users/user/Desktop/VsCode/WATO/wato_asd_training/install/costmap' for CMake module files
[2.165s] colcon.colcon_core.environment Level 1 checking '/Users/user/Desktop/VsCode/WATO/wato_asd_training/install/costmap' for CMake config files
[2.165s] colcon.colcon_core.shell Level 1 create_environment_hook('costmap', 'cmake_prefix_path')
[2.165s] colcon.colcon_core.shell INFO Creating environment hook '/Users/user/Desktop/VsCode/WATO/wato_asd_training/install/costmap/share/costmap/hook/cmake_prefix_path.ps1'
[2.165s] colcon.colcon_core.shell INFO Creating environment descriptor '/Users/user/Desktop/VsCode/WATO/wato_asd_training/install/costmap/share/costmap/hook/cmake_prefix_path.dsv'
[2.166s] colcon.colcon_core.shell INFO Creating environment hook '/Users/user/Desktop/VsCode/WATO/wato_asd_training/install/costmap/share/costmap/hook/cmake_prefix_path.sh'
[2.166s] colcon.colcon_core.environment Level 1 checking '/Users/user/Desktop/VsCode/WATO/wato_asd_training/install/costmap/lib'
[2.166s] colcon.colcon_core.environment Level 1 checking '/Users/user/Desktop/VsCode/WATO/wato_asd_training/install/costmap/bin'
[2.166s] colcon.colcon_core.environment Level 1 checking '/Users/user/Desktop/VsCode/WATO/wato_asd_training/install/costmap/lib/pkgconfig/costmap.pc'
[2.166s] colcon.colcon_core.environment Level 1 checking '/Users/user/Desktop/VsCode/WATO/wato_asd_training/install/costmap/lib/python3.12/site-packages'
[2.166s] colcon.colcon_core.environment Level 1 checking '/Users/user/Desktop/VsCode/WATO/wato_asd_training/install/costmap/bin'
[2.166s] colcon.colcon_core.shell INFO Creating package script '/Users/user/Desktop/VsCode/WATO/wato_asd_training/install/costmap/share/costmap/package.ps1'
[2.167s] colcon.colcon_core.shell INFO Creating package descriptor '/Users/user/Desktop/VsCode/WATO/wato_asd_training/install/costmap/share/costmap/package.dsv'
[2.167s] colcon.colcon_core.shell INFO Creating package script '/Users/user/Desktop/VsCode/WATO/wato_asd_training/install/costmap/share/costmap/package.sh'
[2.167s] colcon.colcon_core.shell INFO Creating package script '/Users/user/Desktop/VsCode/WATO/wato_asd_training/install/costmap/share/costmap/package.bash'
[2.167s] colcon.colcon_core.shell INFO Creating package script '/Users/user/Desktop/VsCode/WATO/wato_asd_training/install/costmap/share/costmap/package.zsh'
[2.167s] colcon.colcon_core.environment Level 1 create_file_with_runtime_dependencies(/Users/user/Desktop/VsCode/WATO/wato_asd_training/install/costmap/share/colcon-core/packages/costmap)
[3.397s] colcon.colcon_core.event_handler.log_command DEBUG Invoked command in '/Users/user/Desktop/VsCode/WATO/wato_asd_training/build/moving_obstacles' returned '0': CMAKE_PREFIX_PATH=/Users/user/.local/share/mamba/envs/ros_humble CONDA_PROMPT_MODIFIER=(ros_humble) SHLVL=2 _=/usr/bin/env /opt/homebrew/bin/cmake /Users/user/Desktop/VsCode/WATO/wato_asd_training/src/robot/moving_obstacles -DCMAKE_INSTALL_PREFIX=/Users/user/Desktop/VsCode/WATO/wato_asd_training/install/moving_obstacles
[3.400s] colcon.colcon_core.event_handler.log_command DEBUG Invoking command in '/Users/user/Desktop/VsCode/WATO/wato_asd_training/build/moving_obstacles': CMAKE_PREFIX_PATH=/Users/user/.local/share/mamba/envs/ros_humble CONDA_PROMPT_MODIFIER=(ros_humble) SHLVL=2 _=/usr/bin/env /opt/homebrew/bin/cmake --build /Users/user/Desktop/VsCode/WATO/wato_asd_training/build/moving_obstacles -- -j10 -l10
[3.446s] colcon.colcon_core.event_handler.log_command DEBUG Invoked command in '/Users/user/Desktop/VsCode/WATO/wato_asd_training/build/planner' returned '0': CMAKE_PREFIX_PATH=/Users/user/.local/share/mamba/envs/ros_humble CONDA_PROMPT_MODIFIER=(ros_humble) SHLVL=2 _=/usr/bin/env /opt/homebrew/bin/cmake --build /Users/user/Desktop/VsCode/WATO/wato_asd_training/build/planner -- -j10 -l10
[3.449s] colcon.colcon_core.event_handler.log_command DEBUG Invoking command in '/Users/user/Desktop/VsCode/WATO/wato_asd_training/build/planner': CMAKE_PREFIX_PATH=/Users/user/.local/share/mamba/envs/ros_humble CONDA_PROMPT_MODIFIER=(ros_humble) SHLVL=2 _=/usr/bin/env /opt/homebrew/bin/cmake --install /Users/user/Desktop/VsCode/WATO/wato_asd_training/build/planner
[3.482s] colcon.colcon_core.environment Level 1 create_environment_scripts_only(planner)
[3.482s] colcon.colcon_core.environment Level 1 checking '/Users/user/Desktop/VsCode/WATO/wato_asd_training/install/planner' for CMake module files
[3.482s] colcon.colcon_core.event_handler.log_command DEBUG Invoked command in '/Users/user/Desktop/VsCode/WATO/wato_asd_training/build/planner' returned '0': CMAKE_PREFIX_PATH=/Users/user/.local/share/mamba/envs/ros_humble CONDA_PROMPT_MODIFIER=(ros_humble) SHLVL=2 _=/usr/bin/env /opt/homebrew/bin/cmake --install /Users/user/Desktop/VsCode/WATO/wato_asd_training/build/planner
[3.483s] colcon.colcon_core.environment Level 1 checking '/Users/user/Desktop/VsCode/WATO/wato_asd_training/install/planner' for CMake config files
[3.484s] colcon.colcon_core.shell Level 1 create_environment_hook('planner', 'cmake_prefix_path')
[3.484s] colcon.colcon_core.shell INFO Creating environment hook '/Users/user/Desktop/VsCode/WATO/wato_asd_training/install/planner/share/planner/hook/cmake_prefix_path.ps1'
[3.484s] colcon.colcon_core.shell INFO Creating environment descriptor '/Users/user/Desktop/VsCode/WATO/wato_asd_training/install/planner/share/planner/hook/cmake_prefix_path.dsv'
[3.485s] colcon.colcon_core.shell INFO Creating environment hook '/Users/user/Desktop/VsCode/WATO/wato_asd_training/install/planner/share/planner/hook/cmake_prefix_path.sh'
[3.485s] colcon.colcon_core.environment Level 1 checking '/Users/user/Desktop/VsCode/WATO/wato_asd_training/install/planner/lib'
[3.485s] colcon.colcon_core.environment Level 1 checking '/Users/user/Desktop/VsCode/WATO/wato_asd_training/install/planner/bin'
[3.485s] colcon.colcon_core.environment Level 1 checking '/Users/user/Desktop/VsCode/WATO/wato_asd_training/install/planner/lib/pkgconfig/planner.pc'
[3.485s] colcon.colcon_core.environment Level 1 checking '/Users/user/Desktop/VsCode/WATO/wato_asd_training/install/planner/lib/python3.12/site-packages'
[3.485s] colcon.colcon_core.environment Level 1 checking '/Users/user/Desktop/VsCode/WATO/wato_asd_training/install/planner/bin'
[3.485s] colcon.colcon_core.shell INFO Creating package script '/Users/user/Desktop/VsCode/WATO/wato_asd_training/install/planner/share/planner/package.ps1'
[3.486s] colcon.colcon_core.shell INFO Creating package descriptor '/Users/user/Desktop/VsCode/WATO/wato_asd_training/install/planner/share/planner/package.dsv'
[3.486s] colcon.colcon_core.shell INFO Creating package script '/Users/user/Desktop/VsCode/WATO/wato_asd_training/install/planner/share/planner/package.sh'
[3.486s] colcon.colcon_core.shell INFO Creating package script '/Users/user/Desktop/VsCode/WATO/wato_asd_training/install/planner/share/planner/package.bash'
[3.487s] colcon.colcon_core.shell INFO Creating package script '/Users/user/Desktop/VsCode/WATO/wato_asd_training/install/planner/share/planner/package.zsh'
[3.487s] colcon.colcon_core.environment Level 1 create_file_with_runtime_dependencies(/Users/user/Desktop/VsCode/WATO/wato_asd_training/install/planner/share/colcon-core/packages/planner)
[3.487s] colcon.colcon_core.environment Level 1 create_environment_scripts_only(planner)
[3.487s] colcon.colcon_core.environment Level 1 checking '/Users/user/Desktop/VsCode/WATO/wato_asd_training/install/planner' for CMake module files
[3.488s] colcon.colcon_core.environment Level 1 checking '/Users/user/Desktop/VsCode/WATO/wato_asd_training/install/planner' for CMake config files
[3.488s] colcon.colcon_core.shell Level 1 create_environment_hook('planner', 'cmake_prefix_path')
[3.488s] colcon.colcon_core.shell INFO Creating environment hook '/Users/user/Desktop/VsCode/WATO/wato_asd_training/install/planner/share/planner/hook/cmake_prefix_path.ps1'
[3.488s] colcon.colcon_core.shell INFO Creating environment descriptor '/Users/user/Desktop/VsCode/WATO/wato_asd_training/install/planner/share/planner/hook/cmake_prefix_path.dsv'
[3.488s] colcon.colcon_core.shell INFO Creating environment hook '/Users/user/Desktop/VsCode/WATO/wato_asd_training/install/planner/share/planner/hook/cmake_prefix_path.sh'
[3.489s] colcon.colcon_core.environment Level 1 checking '/Users/user/Desktop/VsCode/WATO/wato_asd_training/install/planner/lib'
[3.489s] colcon.colcon_core.environment Level 1 checking '/Users/user/Desktop/VsCode/WATO/wato_asd_training/install/planner/bin'
[3.489s] colcon.colcon_core.environment Level 1 checking '/Users/user/Desktop/VsCode/WATO/wato_asd_training/install/planner/lib/pkgconfig/planner.pc'
[3.489s] colcon.colcon_core.environment Level 1 checking '/Users/user/Desktop/VsCode/WATO/wato_asd_training/install/planner/lib/python3.12/site-packages'
[3.489s] colcon.colcon_core.environment Level 1 checking '/Users/user/Desktop/VsCode/WATO/wato_asd_training/install/planner/bin'
[3.489s] colcon.colcon_core.shell INFO Creating package script '/Users/user/Desktop/VsCode/WATO/wato_asd_training/install/planner/share/planner/package.ps1'
[3.489s] colcon.colcon_core.shell INFO Creating package descriptor '/Users/user/Desktop/VsCode/WATO/wato_asd_training/install/planner/share/planner/package.dsv'
[3.490s] colcon.colcon_core.shell INFO Creating package script '/Users/user/Desktop/VsCode/WATO/wato_asd_training/install/planner/share/planner/package.sh'
[3.490s] colcon.colcon_core.shell INFO Creating package script '/Users/user/Desktop/VsCode/WATO/wato_asd_training/install/planner/share/planner/package.bash'
[3.490s] colcon.colcon_core.shell INFO Creating package script '/Users/user/Desktop/VsCode/WATO/wato_asd_training/install/planner/share/planner/package.zsh'
[3.490s] colcon.colcon_core.environment Level 1 create_file_with_runtime_dependencies(/Users/user/Desktop/VsCode/WATO/wato_asd_training/install/planner/share/colcon-core/packages/planner)
[3.547s] colcon.colcon_core.event_handler.log_command DEBUG Invoked command in '/Users/user/Desktop/VsCode/WATO/wato_asd_training/build/dynamic_tracker' returned '0': CMAKE_PREFIX_PATH=/Users/user/.local/share/mamba/envs/ros_humble CONDA_PROMPT_MODIFIER=(ros_humble) SHLVL=2 _=/usr/bin/env /opt/homebrew/bin/cmake /Users/user/Desktop/VsCode/WATO/wato_asd_training/src/robot/dynamic_tracker -DCMAKE_INSTALL_PREFIX=/Users/user/Desktop/VsCode/WATO/wato_asd_training/install/dynamic_tracker
[3.550s] colcon.colcon_core.event_handler.log_command DEBUG Invoking command in '/Users/user/Desktop/VsCode/WATO/wato_asd_training/build/dynamic_tracker': CMAKE_PREFIX_PATH=/Users/user/.local/share/mamba/envs/ros_humble CONDA_PROMPT_MODIFIER=(ros_humble) SHLVL=2 _=/usr/bin/env /opt/homebrew/bin/cmake --build /Users/user/Desktop/VsCode/WATO/wato_asd_training/build/dynamic_tracker -- -j10 -l10
[4.609s] colcon.colcon_core.event_handler.log_command DEBUG Invoked command in '/Users/user/Desktop/VsCode/WATO/wato_asd_training/build/moving_obstacles' returned '0': CMAKE_PREFIX_PATH=/Users/user/.local/share/mamba/envs/ros_humble CONDA_PROMPT_MODIFIER=(ros_humble) SHLVL=2 _=/usr/bin/env /opt/homebrew/bin/cmake --build /Users/user/Desktop/VsCode/WATO/wato_asd_training/build/moving_obstacles -- -j10 -l10
[4.612s] colcon.colcon_core.event_handler.log_command DEBUG Invoking command in '/Users/user/Desktop/VsCode/WATO/wato_asd_training/build/moving_obstacles': CMAKE_PREFIX_PATH=/Users/user/.local/share/mamba/envs/ros_humble CONDA_PROMPT_MODIFIER=(ros_humble) SHLVL=2 _=/usr/bin/env /opt/homebrew/bin/cmake --install /Users/user/Desktop/VsCode/WATO/wato_asd_training/build/moving_obstacles
[4.636s] colcon.colcon_core.environment Level 1 create_environment_scripts_only(moving_obstacles)
[4.636s] colcon.colcon_core.environment Level 1 checking '/Users/user/Desktop/VsCode/WATO/wato_asd_training/install/moving_obstacles' for CMake module files
[4.637s] colcon.colcon_core.event_handler.log_command DEBUG Invoked command in '/Users/user/Desktop/VsCode/WATO/wato_asd_training/build/moving_obstacles' returned '0': CMAKE_PREFIX_PATH=/Users/user/.local/share/mamba/envs/ros_humble CONDA_PROMPT_MODIFIER=(ros_humble) SHLVL=2 _=/usr/bin/env /opt/homebrew/bin/cmake --install /Users/user/Desktop/VsCode/WATO/wato_asd_training/build/moving_obstacles
[4.637s] colcon.colcon_core.environment Level 1 checking '/Users/user/Desktop/VsCode/WATO/wato_asd_training/install/moving_obstacles' for CMake config files
[4.637s] colcon.colcon_core.shell Level 1 create_environment_hook('moving_obstacles', 'cmake_prefix_path')
[4.637s] colcon.colcon_core.shell INFO Creating environment hook '/Users/user/Desktop/VsCode/WATO/wato_asd_training/install/moving_obstacles/share/moving_obstacles/hook/cmake_prefix_path.ps1'
[4.638s] colcon.colcon_core.shell INFO Creating environment descriptor '/Users/user/Desktop/VsCode/WATO/wato_asd_training/install/moving_obstacles/share/moving_obstacles/hook/cmake_prefix_path.dsv'
[4.638s] colcon.colcon_core.shell INFO Creating environment hook '/Users/user/Desktop/VsCode/WATO/wato_asd_training/install/moving_obstacles/share/moving_obstacles/hook/cmake_prefix_path.sh'
[4.639s] colcon.colcon_core.environment Level 1 checking '/Users/user/Desktop/VsCode/WATO/wato_asd_training/install/moving_obstacles/lib'
[4.639s] colcon.colcon_core.environment Level 1 checking '/Users/user/Desktop/VsCode/WATO/wato_asd_training/install/moving_obstacles/bin'
[4.639s] colcon.colcon_core.environment Level 1 checking '/Users/user/Desktop/VsCode/WATO/wato_asd_training/install/moving_obstacles/lib/pkgconfig/moving_obstacles.pc'
[4.639s] colcon.colcon_core.environment Level 1 checking '/Users/user/Desktop/VsCode/WATO/wato_asd_training/install/moving_obstacles/lib/python3.12/site-packages'
[4.639s] colcon.colcon_core.environment Level 1 checking '/Users/user/Desktop/VsCode/WATO/wato_asd_training/install/moving_obstacles/bin'
[4.639s] colcon.colcon_core.shell INFO Creating package script '/Users/user/Desktop/VsCode/WATO/wato_asd_training/install/moving_obstacles/share/moving_obstacles/package.ps1'
[4.640s] colcon.colcon_core.shell INFO Creating package descriptor '/Users/user/Desktop/VsCode/WATO/wato_asd_training/install/moving_obstacles/share/moving_obstacles/package.dsv'
[4.640s] colcon.colcon_core.shell INFO Creating package script '/Users/user/Desktop/VsCode/WATO/wato_asd_training/install/moving_obstacles/share/moving_obstacles/package.sh'
[4.641s] colcon.colcon_core.shell INFO Creating package script '/Users/user/Desktop/VsCode/WATO/wato_asd_training/install/moving_obstacles/share/moving_obstacles/package.bash'
[4.641s] colcon.colcon_core.shell INFO Creating package script '/Users/user/Desktop/VsCode/WATO/wato_asd_training/install/moving_obstacles/share/moving_obstacles/package.zsh'
[4.641s] colcon.colcon_core.environment Level 1 create_file_with_runtime_dependencies(/Users/user/Desktop/VsCode/WATO/wato_asd_training/install/moving_obstacles/share/colcon-core/packages/moving_obstacles)
[4.642s] colcon.colcon_core.environment Level 1 create_environment_scripts_only(moving_obstacles)
[4.642s] colcon.colcon_core.environment Level 1 checking '/Users/user/Desktop/VsCode/WATO/wato_asd_training/install/moving_obstacles' for CMake module files
[4.642s] colcon.colcon_core.environment Level 1 checking '/Users/user/Desktop/VsCode/WATO/wato_asd_training/install/moving_obstacles' for CMake config files
[4.642s] colcon.colcon_core.shell Level 1 create_environment_hook('moving_obstacles', 'cmake_prefix_path')
[4.642s] colcon.colcon_core.shell INFO Creating environment hook '/Users/user/Desktop/VsCode/WATO/wato_asd_training/install/moving_obstacles/share/moving_obstacles/hook/cmake_prefix_path.ps1'
[4.643s] colcon.colcon_core.shell INFO Creating environment descriptor '/Users/user/Desktop/VsCode/WATO/wato_asd_training/install/moving_obstacles/share/moving_obstacles/hook/cmake_prefix_path.dsv'
[4.643s] colcon.colcon_core.shell INFO Creating environment hook '/Users/user/Desktop/VsCode/WATO/wato_asd_training/install/moving_obstacles/share/moving_obstacles/hook/cmake_prefix_path.sh'
[4.644s] colcon.colcon_core.environment Level 1 checking '/Users/user/Desktop/VsCode/WATO/wato_asd_training/install/moving_obstacles/lib'
[4.644s] colcon.colcon_core.environment Level 1 checking '/Users/user/Desktop/VsCode/WATO/wato_asd_training/install/moving_obstacles/bin'
[4.644s] colcon.colcon_core.environment Level 1 checking '/Users/user/Desktop/VsCode/WATO/wato_asd_training/install/moving_obstacles/lib/pkgconfig/moving_obstacles.pc'
[4.644s] colcon.colcon_core.environment Level 1 checking '/Users/user/Desktop/VsCode/WATO/wato_asd_training/install/moving_obstacles/lib/python3.12/site-packages'
[4.644s] colcon.colcon_core.environment Level 1 checking '/Users/user/Desktop/VsCode/WATO/wato_asd_training/install/moving_obstacles/bin'
[4.644s] colcon.colcon_core.shell INFO Creating package script '/Users/user/Desktop/VsCode/WATO/wato_asd_training/install/moving_obstacles/share/moving_obstacles/package.ps1'
[4.645s] colcon.colcon_core.shell INFO Creating package descriptor '/Users/user/Desktop/VsCode/WATO/wato_asd_training/install/moving_obstacles/share/moving_obstacles/package.dsv'
[4.645s] colcon.colcon_core.shell INFO Creating package script '/Users/user/Desktop/VsCode/WATO/wato_asd_training/install/moving_obstacles/share/moving_obstacles/package.sh'
[4.646s] colcon.colcon_core.shell INFO Creating package script '/Users/user/Desktop/VsCode/WATO/wato_asd_training/install/moving_obstacles/share/moving_obstacles/package.bash'
[4.646s] colcon.colcon_core.shell INFO Creating package script '/Users/user/Desktop/VsCode/WATO/wato_asd_training/install/moving_obstacles/share/moving_obstacles/package.zsh'
[4.646s] colcon.colcon_core.environment Level 1 create_file_with_runtime_dependencies(/Users/user/Desktop/VsCode/WATO/wato_asd_training/install/moving_obstacles/share/colcon-core/packages/moving_obstacles)
[4.965s] colcon.colcon_core.event_handler.log_command DEBUG Invoked command in '/Users/user/Desktop/VsCode/WATO/wato_asd_training/build/control' returned '0': CMAKE_PREFIX_PATH=/Users/user/.local/share/mamba/envs/ros_humble CONDA_PROMPT_MODIFIER=(ros_humble) SHLVL=2 _=/usr/bin/env /opt/homebrew/bin/cmake --build /Users/user/Desktop/VsCode/WATO/wato_asd_training/build/control -- -j10 -l10
[4.967s] colcon.colcon_core.event_handler.log_command DEBUG Invoking command in '/Users/user/Desktop/VsCode/WATO/wato_asd_training/build/control': CMAKE_PREFIX_PATH=/Users/user/.local/share/mamba/envs/ros_humble CONDA_PROMPT_MODIFIER=(ros_humble) SHLVL=2 _=/usr/bin/env /opt/homebrew/bin/cmake --install /Users/user/Desktop/VsCode/WATO/wato_asd_training/build/control
[4.996s] colcon.colcon_core.environment Level 1 create_environment_scripts_only(control)
[4.996s] colcon.colcon_core.environment Level 1 checking '/Users/user/Desktop/VsCode/WATO/wato_asd_training/install/control' for CMake module files
[4.996s] colcon.colcon_core.event_handler.log_command DEBUG Invoked command in '/Users/user/Desktop/VsCode/WATO/wato_asd_training/build/control' returned '0': CMAKE_PREFIX_PATH=/Users/user/.local/share/mamba/envs/ros_humble CONDA_PROMPT_MODIFIER=(ros_humble) SHLVL=2 _=/usr/bin/env /opt/homebrew/bin/cmake --install /Users/user/Desktop/VsCode/WATO/wato_asd_training/build/control
[4.996s] colcon.colcon_core.environment Level 1 checking '/Users/user/Desktop/VsCode/WATO/wato_asd_training/install/control' for CMake config files
[4.996s] colcon.colcon_core.shell Level 1 create_environment_hook('control', 'cmake_prefix_path')
[4.996s] colcon.colcon_core.shell INFO Creating environment hook '/Users/user/Desktop/VsCode/WATO/wato_asd_training/install/control/share/control/hook/cmake_prefix_path.ps1'
[4.997s] colcon.colcon_core.shell INFO Creating environment descriptor '/Users/user/Desktop/VsCode/WATO/wato_asd_training/install/control/share/control/hook/cmake_prefix_path.dsv'
[4.997s] colcon.colcon_core.shell INFO Creating environment hook '/Users/user/Desktop/VsCode/WATO/wato_asd_training/install/control/share/control/hook/cmake_prefix_path.sh'
[4.998s] colcon.colcon_core.environment Level 1 checking '/Users/user/Desktop/VsCode/WATO/wato_asd_training/install/control/lib'
[4.998s] colcon.colcon_core.environment Level 1 checking '/Users/user/Desktop/VsCode/WATO/wato_asd_training/install/control/bin'
[4.998s] colcon.colcon_core.environment Level 1 checking '/Users/user/Desktop/VsCode/WATO/wato_asd_training/install/control/lib/pkgconfig/control.pc'
[4.998s] colcon.colcon_core.environment Level 1 checking '/Users/user/Desktop/VsCode/WATO/wato_asd_training/install/control/lib/python3.12/site-packages'
[4.998s] colcon.colcon_core.environment Level 1 checking '/Users/user/Desktop/VsCode/WATO/wato_asd_training/install/control/bin'
[4.998s] colcon.colcon_core.shell INFO Creating package script '/Users/user/Desktop/VsCode/WATO/wato_asd_training/install/control/share/control/package.ps1'
[4.999s] colcon.colcon_core.shell INFO Creating package descriptor '/Users/user/Desktop/VsCode/WATO/wato_asd_training/install/control/share/control/package.dsv'
[4.999s] colcon.colcon_core.shell INFO Creating package script '/Users/user/Desktop/VsCode/WATO/wato_asd_training/install/control/share/control/package.sh'
[4.999s] colcon.colcon_core.shell INFO Creating package script '/Users/user/Desktop/VsCode/WATO/wato_asd_training/install/control/share/control/package.bash'
[4.999s] colcon.colcon_core.shell INFO Creating package script '/Users/user/Desktop/VsCode/WATO/wato_asd_training/install/control/share/control/package.zsh'
[5.000s] colcon.colcon_core.environment Level 1 create_file_with_runtime_dependencies(/Users/user/Desktop/VsCode/WATO/wato_asd_training/install/control/share/colcon-core/packages/control)
[5.000s] colcon.colcon_core.environment Level 1 create_environment_scripts_only(control)
[5.000s] colcon.colcon_core.environment Level 1 checking '/Users/user/Desktop/VsCode/WATO/wato_asd_training/install/control' for CMake module files
[5.001s] colcon.colcon_core.environment Level 1 checking '/Users/user/Desktop/VsCode/WATO/wato_asd_training/install/control' for CMake config files
[5.001s] colcon.colcon_core.shell Level 1 create_environment_hook('control', 'cmake_prefix_path')
[5.001s] colcon.colcon_core.shell INFO Creating environment hook '/Users/user/Desktop/VsCode/WATO/wato_asd_training/install/control/share/control/hook/cmake_prefix_path.ps1'
[5.001s] colcon.colcon_core.shell INFO Creating environment descriptor '/Users/user/Desktop/VsCode/WATO/wato_asd_training/install/control/share/control/hook/cmake_prefix_path.dsv'
[5.001s] colcon.colcon_core.shell INFO Creating environment hook '/Users/user/Desktop/VsCode/WATO/wato_asd_training/install/control/share/control/hook/cmake_prefix_path.sh'
[5.002s] colcon.colcon_core.environment Level 1 checking '/Users/user/Desktop/VsCode/WATO/wato_asd_training/install/control/lib'
[5.002s] colcon.colcon_core.environment Level 1 checking '/Users/user/Desktop/VsCode/WATO/wato_asd_training/install/control/bin'
[5.002s] colcon.colcon_core.environment Level 1 checking '/Users/user/Desktop/VsCode/WATO/wato_asd_training/install/control/lib/pkgconfig/control.pc'
[5.002s] colcon.colcon_core.environment Level 1 checking '/Users/user/Desktop/VsCode/WATO/wato_asd_training/install/control/lib/python3.12/site-packages'
[5.002s] colcon.colcon_core.environment Level 1 checking '/Users/user/Desktop/VsCode/WATO/wato_asd_training/install/control/bin'
[5.002s] colcon.colcon_core.shell INFO Creating package script '/Users/user/Desktop/VsCode/WATO/wato_asd_training/install/control/share/control/package.ps1'
[5.002s] colcon.colcon_core.shell INFO Creating package descriptor '/Users/user/Desktop/VsCode/WATO/wato_asd_training/install/control/share/control/package.dsv'
[5.003s] colcon.colcon_core.shell INFO Creating package script '/Users/user/Desktop/VsCode/WATO/wato_asd_training/install/control/share/control/package.sh'
[5.003s] colcon.colcon_core.shell INFO Creating package script '/Users/user/Desktop/VsCode/WATO/wato_asd_training/install/control/share/control/package.bash'
[5.003s] colcon.colcon_core.shell INFO Creating package script '/Users/user/Desktop/VsCode/WATO/wato_asd_training/install/control/share/control/package.zsh'
[5.003s] colcon.colcon_core.environment Level 1 create_file_with_runtime_dependencies(/Users/user/Desktop/VsCode/WATO/wato_asd_training/install/control/share/colcon-core/packages/control)
[5.003s] colcon.colcon_ros.task.ament_cmake.build INFO Building ROS package in '/Users/user/Desktop/VsCode/WATO/wato_asd_training/src/robot/bringup_robot' with build type 'ament_cmake'
[5.003s] colcon.colcon_cmake.task.cmake.build INFO Building CMake package in '/Users/user/Desktop/VsCode/WATO/wato_asd_training/src/robot/bringup_robot'
[5.003s] colcon.colcon_core.shell INFO Skip shell extension 'powershell' for command environment: Not usable outside of PowerShell
[5.003s] colcon.colcon_core.shell DEBUG Skip shell extension 'dsv' for command environment
[5.005s] colcon.colcon_cmake.task.cmake.build ERROR Failed to find the following files:
- /Users/user/Desktop/VsCode/WATO/wato_asd_training/install/odometry_spoof/share/odometry_spoof/package.sh
Check that the following packages have been built:
- odometry_spoof
[5.005s] colcon.colcon_core.environment Level 1 create_environment_scripts_only(bringup_robot)
[5.005s] colcon.colcon_core.environment Level 1 checking '/Users/user/Desktop/VsCode/WATO/wato_asd_training/install/bringup_robot' for CMake module files
[5.005s] colcon.colcon_core.environment Level 1 checking '/Users/user/Desktop/VsCode/WATO/wato_asd_training/install/bringup_robot' for CMake config files
[5.005s] colcon.colcon_core.environment Level 1 checking '/Users/user/Desktop/VsCode/WATO/wato_asd_training/install/bringup_robot/lib'
[5.005s] colcon.colcon_core.environment Level 1 checking '/Users/user/Desktop/VsCode/WATO/wato_asd_training/install/bringup_robot/bin'
[5.006s] colcon.colcon_core.environment Level 1 checking '/Users/user/Desktop/VsCode/WATO/wato_asd_training/install/bringup_robot/lib/pkgconfig/bringup_robot.pc'
[5.006s] colcon.colcon_core.environment Level 1 checking '/Users/user/Desktop/VsCode/WATO/wato_asd_training/install/bringup_robot/lib/python3.12/site-packages'
[5.006s] colcon.colcon_core.environment Level 1 checking '/Users/user/Desktop/VsCode/WATO/wato_asd_training/install/bringup_robot/bin'
[5.006s] colcon.colcon_core.shell INFO Creating package script '/Users/user/Desktop/VsCode/WATO/wato_asd_training/install/bringup_robot/share/bringup_robot/package.ps1'
[5.006s] colcon.colcon_core.shell INFO Creating package descriptor '/Users/user/Desktop/VsCode/WATO/wato_asd_training/install/bringup_robot/share/bringup_robot/package.dsv'
[5.007s] colcon.colcon_core.shell INFO Creating package script '/Users/user/Desktop/VsCode/WATO/wato_asd_training/install/bringup_robot/share/bringup_robot/package.sh'
[5.007s] colcon.colcon_core.shell INFO Creating package script '/Users/user/Desktop/VsCode/WATO/wato_asd_training/install/bringup_robot/share/bringup_robot/package.bash'
[5.007s] colcon.colcon_core.shell INFO Creating package script '/Users/user/Desktop/VsCode/WATO/wato_asd_training/install/bringup_robot/share/bringup_robot/package.zsh'
[5.007s] colcon.colcon_core.environment Level 1 create_file_with_runtime_dependencies(/Users/user/Desktop/VsCode/WATO/wato_asd_training/install/bringup_robot/share/colcon-core/packages/bringup_robot)
[6.833s] colcon.colcon_parallel_executor.executor.parallel DEBUG closing loop
[6.833s] colcon.colcon_parallel_executor.executor.parallel DEBUG loop closed
[6.833s] colcon.colcon_parallel_executor.executor.parallel DEBUG run_until_complete finished with '1'
[6.833s] colcon.colcon_core.event_reactor DEBUG joining thread
[6.834s] colcon.colcon_core.event_reactor DEBUG joined thread
[6.834s] colcon.colcon_core.shell INFO Creating prefix script '/Users/user/Desktop/VsCode/WATO/wato_asd_training/install/local_setup.ps1'
[6.835s] colcon.colcon_core.shell INFO Creating prefix util module '/Users/user/Desktop/VsCode/WATO/wato_asd_training/install/_local_setup_util_ps1.py'
[6.836s] colcon.colcon_core.shell INFO Creating prefix chain script '/Users/user/Desktop/VsCode/WATO/wato_asd_training/install/setup.ps1'
[6.837s] colcon.colcon_core.shell INFO Creating prefix script '/Users/user/Desktop/VsCode/WATO/wato_asd_training/install/local_setup.sh'
[6.838s] colcon.colcon_core.shell INFO Creating prefix util module '/Users/user/Desktop/VsCode/WATO/wato_asd_training/install/_local_setup_util_sh.py'
[6.838s] colcon.colcon_core.shell INFO Creating prefix chain script '/Users/user/Desktop/VsCode/WATO/wato_asd_training/install/setup.sh'
[6.839s] colcon.colcon_core.shell INFO Creating prefix script '/Users/user/Desktop/VsCode/WATO/wato_asd_training/install/local_setup.bash'
[6.839s] colcon.colcon_core.shell INFO Creating prefix chain script '/Users/user/Desktop/VsCode/WATO/wato_asd_training/install/setup.bash'
[6.840s] colcon.colcon_core.shell INFO Creating prefix script '/Users/user/Desktop/VsCode/WATO/wato_asd_training/install/local_setup.zsh'
[6.840s] colcon.colcon_core.shell INFO Creating prefix chain script '/Users/user/Desktop/VsCode/WATO/wato_asd_training/install/setup.zsh'
