-- Found ament_cmake: 1.3.14 (/Users/user/.local/share/mamba/envs/ros_humble/share/ament_cmake/cmake)
-- Found rclcpp: 16.0.19 (/Users/user/.local/share/mamba/envs/ros_humble/share/rclcpp/cmake)
-- Found rosidl_generator_c: 3.1.8 (/Users/user/.local/share/mamba/envs/ros_humble/share/rosidl_generator_c/cmake)
-- Found rosidl_adapter: 3.1.8 (/Users/user/.local/share/mamba/envs/ros_humble/share/rosidl_adapter/cmake)
-- Found rosidl_generator_cpp: 3.1.8 (/Users/user/.local/share/mamba/envs/ros_humble/share/rosidl_generator_cpp/cmake)
-- Using all available rosidl_typesupport_c: rosidl_typesupport_fastrtps_c;rosidl_typesupport_introspection_c
-- Using all available rosidl_typesupport_cpp: rosidl_typesupport_fastrtps_cpp;rosidl_typesupport_introspection_cpp
-- Found rmw_implementation_cmake: 6.1.2 (/Users/user/.local/share/mamba/envs/ros_humble/share/rmw_implementation_cmake/cmake)
-- Found rmw_cyclonedds_cpp: 1.3.4 (/Users/user/.local/share/mamba/envs/ros_humble/share/rmw_cyclonedds_cpp/cmake)
-- Using RMW implementation 'rmw_cyclonedds_cpp' as default
-- Found sensor_msgs: 4.9.1 (/Users/user/.local/share/mamba/envs/ros_humble/share/sensor_msgs/cmake)
-- Found nav_msgs: 4.9.1 (/Users/user/.local/share/mamba/envs/ros_humble/share/nav_msgs/cmake)
-- Configuring done (0.6s)
-- Generating done (0.0s)
-- Build files have been written to: /Users/user/Desktop/VsCode/WATO/wato_asd_training/build/costmap
[ 25%] Building CXX object CMakeFiles/costmap_lib.dir/src/costmap_core.cpp.o
[ 50%] Linking CXX static library libcostmap_lib.a
[ 50%] Built target costmap_lib
[ 75%] Building CXX object CMakeFiles/costmap_node.dir/src/costmap_node.cpp.o
[100%] Linking CXX executable costmap_node
ld: library 'atomic' not found
clang++: error: linker command failed with exit code 1 (use -v to see invocation)
make[2]: *** [costmap_node] Error 1
make[1]: *** [CMakeFiles/costmap_node.dir/all] Error 2
make: *** [all] Error 2
