[0.015s] Invoking command in '/Users/user/Desktop/VsCode/WATO/wato_asd_training/build/costmap': CMAKE_PREFIX_PATH=/Users/user/.local/share/mamba/envs/ros_humble CONDA_PROMPT_MODIFIER=(ros_humble) SHLVL=2 _=/usr/bin/env /opt/homebrew/bin/cmake --build /Users/user/Desktop/VsCode/WATO/wato_asd_training/build/costmap -- -j10 -l10
[0.108s] -- Found ament_cmake: 1.3.14 (/Users/user/.local/share/mamba/envs/ros_humble/share/ament_cmake/cmake)
[0.248s] -- Found rclcpp: 16.0.19 (/Users/user/.local/share/mamba/envs/ros_humble/share/rclcpp/cmake)
[0.295s] -- Found rosidl_generator_c: 3.1.8 (/Users/user/.local/share/mamba/envs/ros_humble/share/rosidl_generator_c/cmake)
[0.298s] -- Found rosidl_adapter: 3.1.8 (/Users/user/.local/share/mamba/envs/ros_humble/share/rosidl_adapter/cmake)
[0.307s] -- Found rosidl_generator_cpp: 3.1.8 (/Users/user/.local/share/mamba/envs/ros_humble/share/rosidl_generator_cpp/cmake)
[0.320s] -- Using all available rosidl_typesupport_c: rosidl_typesupport_fastrtps_c;rosidl_typesupport_introspection_c
[0.334s] -- Using all available rosidl_typesupport_cpp: rosidl_typesupport_fastrtps_cpp;rosidl_typesupport_introspection_cpp
[0.425s] -- Found rmw_implementation_cmake: 6.1.2 (/Users/user/.local/share/mamba/envs/ros_humble/share/rmw_implementation_cmake/cmake)
[0.426s] -- Found rmw_cyclonedds_cpp: 1.3.4 (/Users/user/.local/share/mamba/envs/ros_humble/share/rmw_cyclonedds_cpp/cmake)
[0.454s] -- Using RMW implementation 'rmw_cyclonedds_cpp' as default
[0.511s] -- Found sensor_msgs: 4.9.1 (/Users/user/.local/share/mamba/envs/ros_humble/share/sensor_msgs/cmake)
[0.573s] -- Found nav_msgs: 4.9.1 (/Users/user/.local/share/mamba/envs/ros_humble/share/nav_msgs/cmake)
[0.641s] -- Configuring done (0.6s)
[0.682s] -- Generating done (0.0s)
[0.714s] -- Build files have been written to: /Users/user/Desktop/VsCode/WATO/wato_asd_training/build/costmap
[0.764s] [ 25%] Building CXX object CMakeFiles/costmap_lib.dir/src/costmap_core.cpp.o
[1.525s] [ 50%] Linking CXX static library libcostmap_lib.a
[1.603s] [ 50%] Built target costmap_lib
[1.632s] [ 75%] Building CXX object CMakeFiles/costmap_node.dir/src/costmap_node.cpp.o
[2.855s] [100%] Linking CXX executable costmap_node
[2.880s] ld: library 'atomic' not found
[2.881s] clang++: error: linker command failed with exit code 1 (use -v to see invocation)
[2.882s] make[2]: *** [costmap_node] Error 1
[2.882s] make[1]: *** [CMakeFiles/costmap_node.dir/all] Error 2
[2.882s] make: *** [all] Error 2
[2.883s] Invoked command in '/Users/user/Desktop/VsCode/WATO/wato_asd_training/build/costmap' returned '2': CMAKE_PREFIX_PATH=/Users/user/.local/share/mamba/envs/ros_humble CONDA_PROMPT_MODIFIER=(ros_humble) SHLVL=2 _=/usr/bin/env /opt/homebrew/bin/cmake --build /Users/user/Desktop/VsCode/WATO/wato_asd_training/build/costmap -- -j10 -l10
