[0.018s] Invoking command in '/Users/user/Desktop/VsCode/WATO/wato_asd_training/build/odometry_spoof': CMAKE_PREFIX_PATH=/Users/user/.local/share/mamba/envs/ros_humble CONDA_PROMPT_MODIFIER=(ros_humble) SHLVL=2 _=/usr/bin/env /opt/homebrew/bin/cmake /Users/user/Desktop/VsCode/WATO/wato_asd_training/src/robot/odometry_spoof -DCMAKE_INSTALL_PREFIX=/Users/user/Desktop/VsCode/WATO/wato_asd_training/install/odometry_spoof
[0.239s] -- The C compiler identification is AppleClang 21.0.0.21000334
[0.319s] -- The CXX compiler identification is AppleClang 21.0.0.21000334
[0.336s] -- Detecting C compiler ABI info
[0.463s] -- Detecting C compiler ABI info - done
[0.474s] -- Check for working C compiler: /usr/bin/cc - skipped
[0.474s] -- Detecting C compile features
[0.474s] -- Detecting C compile features - done
[0.479s] -- Detecting CXX compiler ABI info
[0.600s] -- Detecting CXX compiler ABI info - done
[0.614s] -- Check for working CXX compiler: /usr/bin/c++ - skipped
[0.614s] -- Detecting CXX compile features
[0.615s] -- Detecting CXX compile features - done
[0.626s] -- Found ament_cmake: 1.3.14 (/Users/user/.local/share/mamba/envs/ros_humble/share/ament_cmake/cmake)
[0.756s] -- Found Python3: /Users/user/.local/share/mamba/envs/ros_humble/bin/python3 (found version "3.12.14") found components: Interpreter
[0.957s] -- Found rclcpp: 16.0.19 (/Users/user/.local/share/mamba/envs/ros_humble/share/rclcpp/cmake)
[1.075s] -- Found rosidl_generator_c: 3.1.8 (/Users/user/.local/share/mamba/envs/ros_humble/share/rosidl_generator_c/cmake)
[1.093s] -- Found rosidl_adapter: 3.1.8 (/Users/user/.local/share/mamba/envs/ros_humble/share/rosidl_adapter/cmake)
[1.116s] -- Found rosidl_generator_cpp: 3.1.8 (/Users/user/.local/share/mamba/envs/ros_humble/share/rosidl_generator_cpp/cmake)
[1.144s] -- Using all available rosidl_typesupport_c: rosidl_typesupport_fastrtps_c;rosidl_typesupport_introspection_c
[1.182s] -- Using all available rosidl_typesupport_cpp: rosidl_typesupport_fastrtps_cpp;rosidl_typesupport_introspection_cpp
[1.334s] -- Checking for module 'yaml-0.1'
[1.449s] --   Found yaml-0.1, version 0.2.5
[1.751s] -- Found rmw_implementation_cmake: 6.1.2 (/Users/user/.local/share/mamba/envs/ros_humble/share/rmw_implementation_cmake/cmake)
[1.760s] -- Found rmw_cyclonedds_cpp: 1.3.4 (/Users/user/.local/share/mamba/envs/ros_humble/share/rmw_cyclonedds_cpp/cmake)
[1.820s] -- Using RMW implementation 'rmw_cyclonedds_cpp' as default
[1.846s] -- Performing Test CMAKE_HAVE_LIBC_PTHREAD
[1.982s] -- Performing Test CMAKE_HAVE_LIBC_PTHREAD - Success
[1.982s] -- Found Threads: TRUE
[2.059s] -- Found geometry_msgs: 4.9.1 (/Users/user/.local/share/mamba/envs/ros_humble/share/geometry_msgs/cmake)
[2.113s] -- Found tf2: 0.25.20 (/Users/user/.local/share/mamba/envs/ros_humble/share/tf2/cmake)
[2.135s] -- Found tf2_ros: 0.25.20 (/Users/user/.local/share/mamba/envs/ros_humble/share/tf2_ros/cmake)
[2.326s] -- Found tf2_geometry_msgs: 0.25.20 (/Users/user/.local/share/mamba/envs/ros_humble/share/tf2_geometry_msgs/cmake)
[2.364s] -- Found eigen3_cmake_module: 0.1.1 (/Users/user/.local/share/mamba/envs/ros_humble/share/eigen3_cmake_module/cmake)
[2.365s] -- Found Eigen3: TRUE (found version "3.4.0")
[2.365s] -- Ensuring Eigen3 include directory is part of orocos-kdl CMake target
[2.375s] -- Found nav_msgs: 4.9.1 (/Users/user/.local/share/mamba/envs/ros_humble/share/nav_msgs/cmake)
[2.448s] -- Configuring done (2.4s)
[2.487s] -- Generating done (0.0s)
[2.528s] -- Build files have been written to: /Users/user/Desktop/VsCode/WATO/wato_asd_training/build/odometry_spoof
[2.531s] Invoked command in '/Users/user/Desktop/VsCode/WATO/wato_asd_training/build/odometry_spoof' returned '0': CMAKE_PREFIX_PATH=/Users/user/.local/share/mamba/envs/ros_humble CONDA_PROMPT_MODIFIER=(ros_humble) SHLVL=2 _=/usr/bin/env /opt/homebrew/bin/cmake /Users/user/Desktop/VsCode/WATO/wato_asd_training/src/robot/odometry_spoof -DCMAKE_INSTALL_PREFIX=/Users/user/Desktop/VsCode/WATO/wato_asd_training/install/odometry_spoof
[2.534s] Invoking command in '/Users/user/Desktop/VsCode/WATO/wato_asd_training/build/odometry_spoof': CMAKE_PREFIX_PATH=/Users/user/.local/share/mamba/envs/ros_humble CONDA_PROMPT_MODIFIER=(ros_humble) SHLVL=2 _=/usr/bin/env /opt/homebrew/bin/cmake --build /Users/user/Desktop/VsCode/WATO/wato_asd_training/build/odometry_spoof -- -j10 -l10
[2.582s] [ 50%] Building CXX object CMakeFiles/odometry_spoof.dir/src/odometry_spoof.cpp.o
[3.787s] [100%] Linking CXX executable odometry_spoof
[3.809s] ld: library 'atomic' not found
[3.810s] clang++: error: linker command failed with exit code 1 (use -v to see invocation)
[3.812s] make[2]: *** [odometry_spoof] Error 1
[3.812s] make[1]: *** [CMakeFiles/odometry_spoof.dir/all] Error 2
[3.812s] make: *** [all] Error 2
[3.813s] Invoked command in '/Users/user/Desktop/VsCode/WATO/wato_asd_training/build/odometry_spoof' returned '2': CMAKE_PREFIX_PATH=/Users/user/.local/share/mamba/envs/ros_humble CONDA_PROMPT_MODIFIER=(ros_humble) SHLVL=2 _=/usr/bin/env /opt/homebrew/bin/cmake --build /Users/user/Desktop/VsCode/WATO/wato_asd_training/build/odometry_spoof -- -j10 -l10
