In file included from /Users/user/Desktop/VsCode/WATO/wato_asd_training/src/robot/costmap/src/costmap_node.cpp:5:
In file included from /Users/user/Desktop/VsCode/WATO/wato_asd_training/src/robot/costmap/include/costmap_node.hpp:4:
In file included from /Users/user/.local/share/mamba/envs/ros_humble/include/rclcpp/rclcpp/rclcpp.hpp:155:
In file included from /Users/user/.local/share/mamba/envs/ros_humble/include/rclcpp/rclcpp/executors.hpp:21:
In file included from /Users/user/.local/share/mamba/envs/ros_humble/include/rclcpp/rclcpp/executors/multi_threaded_executor.hpp:25:
In file included from /Users/user/.local/share/mamba/envs/ros_humble/include/rclcpp/rclcpp/executor.hpp:37:
In file included from /Users/user/.local/share/mamba/envs/ros_humble/include/rclcpp/rclcpp/executor_options.hpp:20:
In file included from /Users/user/.local/share/mamba/envs/ros_humble/include/rclcpp/rclcpp/memory_strategies.hpp:18:
In file included from /Users/user/.local/share/mamba/envs/ros_humble/include/rclcpp/rclcpp/memory_strategy.hpp:25:
In file included from /Users/user/.local/share/mamba/envs/ros_humble/include/rclcpp/rclcpp/any_executable.hpp:20:
In file included from /Users/user/.local/share/mamba/envs/ros_humble/include/rclcpp/rclcpp/callback_group.hpp:29:
In file included from /Users/user/.local/share/mamba/envs/ros_humble/include/rclcpp/rclcpp/subscription_base.hpp:32:
/Users/user/.local/share/mamba/envs/ros_humble/include/rclcpp/rclcpp/any_subscription_callback.hpp:391:7: warning: 'set_deprecated<sensor_msgs::msg::LaserScan_<std::allocator<void>>>' is deprecated: use 'void(std::shared_ptr<const MessageT>)' instead [-Wdeprecated-declarations]
  391 |       set_deprecated(static_cast<typename scbth::callback_type>(callback));
      |       ^
/Users/user/.local/share/mamba/envs/ros_humble/include/rclcpp/rclcpp/subscription_factory.hpp:94:29: note: in instantiation of function template specialization 'rclcpp::AnySubscriptionCallback<sensor_msgs::msg::LaserScan_<std::allocator<void>>>::set<std::__bind<void (CostmapNode::*)(std::shared_ptr<sensor_msgs::msg::LaserScan_<std::allocator<void>>>), CostmapNode *, const std::placeholders::__ph<1> &>>' requested here
   94 |   any_subscription_callback.set(std::forward<CallbackT>(callback));
      |                             ^
/Users/user/.local/share/mamba/envs/ros_humble/include/rclcpp/rclcpp/create_subscription.hpp:122:26: note: in instantiation of function template specialization 'rclcpp::create_subscription_factory<sensor_msgs::msg::LaserScan_<std::allocator<void>>, std::__bind<void (CostmapNode::*)(std::shared_ptr<sensor_msgs::msg::LaserScan_<std::allocator<void>>>), CostmapNode *, const std::placeholders::__ph<1> &>, std::allocator<void>, rclcpp::Subscription<sensor_msgs::msg::LaserScan_<std::allocator<void>>>, rclcpp::message_memory_strategy::MessageMemoryStrategy<sensor_msgs::msg::LaserScan_<std::allocator<void>>>, sensor_msgs::msg::LaserScan_<std::allocator<void>>>' requested here
  122 |   auto factory = rclcpp::create_subscription_factory<MessageT>(
      |                          ^
/Users/user/.local/share/mamba/envs/ros_humble/include/rclcpp/rclcpp/create_subscription.hpp:190:26: note: in instantiation of function template specialization 'rclcpp::detail::create_subscription<sensor_msgs::msg::LaserScan_<std::allocator<void>>, std::__bind<void (CostmapNode::*)(std::shared_ptr<sensor_msgs::msg::LaserScan_<std::allocator<void>>>), CostmapNode *, const std::placeholders::__ph<1> &>, std::allocator<void>, rclcpp::Subscription<sensor_msgs::msg::LaserScan_<std::allocator<void>>>, rclcpp::message_memory_strategy::MessageMemoryStrategy<sensor_msgs::msg::LaserScan_<std::allocator<void>>>, rclcpp::Node, rclcpp::Node, sensor_msgs::msg::LaserScan_<std::allocator<void>>>' requested here
  190 |   return rclcpp::detail::create_subscription<
      |                          ^
/Users/user/.local/share/mamba/envs/ros_humble/include/rclcpp/rclcpp/node_impl.hpp:99:18: note: in instantiation of function template specialization 'rclcpp::create_subscription<sensor_msgs::msg::LaserScan_<std::allocator<void>>, std::__bind<void (CostmapNode::*)(std::shared_ptr<sensor_msgs::msg::LaserScan_<std::allocator<void>>>), CostmapNode *, const std::placeholders::__ph<1> &>, std::allocator<void>, rclcpp::Subscription<sensor_msgs::msg::LaserScan_<std::allocator<void>>>, rclcpp::message_memory_strategy::MessageMemoryStrategy<sensor_msgs::msg::LaserScan_<std::allocator<void>>>, rclcpp::Node>' requested here
   99 |   return rclcpp::create_subscription<MessageT>(
      |                  ^
/Users/user/Desktop/VsCode/WATO/wato_asd_training/src/robot/costmap/src/costmap_node.cpp:16:22: note: in instantiation of function template specialization 'rclcpp::Node::create_subscription<sensor_msgs::msg::LaserScan_<std::allocator<void>>, std::__bind<void (CostmapNode::*)(std::shared_ptr<sensor_msgs::msg::LaserScan_<std::allocator<void>>>), CostmapNode *, const std::placeholders::__ph<1> &>, std::allocator<void>, rclcpp::Subscription<sensor_msgs::msg::LaserScan_<std::allocator<void>>>, rclcpp::message_memory_strategy::MessageMemoryStrategy<sensor_msgs::msg::LaserScan_<std::allocator<void>>>>' requested here
   16 |   laser_sub_ = this->create_subscription<sensor_msgs::msg::LaserScan>(
      |                      ^
/Users/user/.local/share/mamba/envs/ros_humble/include/rclcpp/rclcpp/any_subscription_callback.hpp:405:5: note: 'set_deprecated<sensor_msgs::msg::LaserScan_<std::allocator<void>>>' has been explicitly marked deprecated here
  405 |   [[deprecated("use 'void(std::shared_ptr<const MessageT>)' instead")]]
      |     ^
1 warning generated.
ld: library 'atomic' not found
clang++: error: linker command failed with exit code 1 (use -v to see invocation)
make[2]: *** [costmap_node] Error 1
make[1]: *** [CMakeFiles/costmap_node.dir/all] Error 2
make: *** [all] Error 2
