-- The C compiler identification is AppleClang 21.0.0.21000334
-- The CXX compiler identification is AppleClang 21.0.0.21000334
-- Detecting C compiler ABI info
-- Detecting C compiler ABI info - done
-- Check for working C compiler: /usr/bin/cc - skipped
-- Detecting C compile features
-- Detecting C compile features - done
-- Detecting CXX compiler ABI info
-- Detecting CXX compiler ABI info - done
-- Check for working CXX compiler: /usr/bin/c++ - skipped
-- Detecting CXX compile features
-- Detecting CXX compile features - done
-- Found ament_cmake: 1.3.14 (/Users/user/.local/share/mamba/envs/ros_humble/share/ament_cmake/cmake)
-- Found Python3: /Users/user/.local/share/mamba/envs/ros_humble/bin/python3 (found version "3.12.14") found components: Interpreter
-- Found rclcpp: 16.0.19 (/Users/user/.local/share/mamba/envs/ros_humble/share/rclcpp/cmake)
-- Found rosidl_generator_c: 3.1.8 (/Users/user/.local/share/mamba/envs/ros_humble/share/rosidl_generator_c/cmake)
-- Found rosidl_adapter: 3.1.8 (/Users/user/.local/share/mamba/envs/ros_humble/share/rosidl_adapter/cmake)
-- Found rosidl_generator_cpp: 3.1.8 (/Users/user/.local/share/mamba/envs/ros_humble/share/rosidl_generator_cpp/cmake)
-- Using all available rosidl_typesupport_c: rosidl_typesupport_fastrtps_c;rosidl_typesupport_introspection_c
-- Using all available rosidl_typesupport_cpp: rosidl_typesupport_fastrtps_cpp;rosidl_typesupport_introspection_cpp
-- Checking for module 'yaml-0.1'
--   Found yaml-0.1, version 0.2.5
-- Found rmw_implementation_cmake: 6.1.2 (/Users/user/.local/share/mamba/envs/ros_humble/share/rmw_implementation_cmake/cmake)
-- Found rmw_cyclonedds_cpp: 1.3.4 (/Users/user/.local/share/mamba/envs/ros_humble/share/rmw_cyclonedds_cpp/cmake)
-- Using RMW implementation 'rmw_cyclonedds_cpp' as default
-- Performing Test CMAKE_HAVE_LIBC_PTHREAD
-- Performing Test CMAKE_HAVE_LIBC_PTHREAD - Success
-- Found Threads: TRUE
-- Found sensor_msgs: 4.9.1 (/Users/user/.local/share/mamba/envs/ros_humble/share/sensor_msgs/cmake)
-- Found nav_msgs: 4.9.1 (/Users/user/.local/share/mamba/envs/ros_humble/share/nav_msgs/cmake)
-- Configuring done (4.1s)
-- Generating done (0.4s)
-- Build files have been written to: /Users/user/Desktop/VsCode/WATO/wato_asd_training/build/costmap
[ 25%] Building CXX object CMakeFiles/costmap_lib.dir/src/costmap_core.cpp.o
[ 50%] Linking CXX static library libcostmap_lib.a
[ 50%] Built target costmap_lib
[ 75%] Building CXX object CMakeFiles/costmap_node.dir/src/costmap_node.cpp.o
In file included from /Users/user/Desktop/VsCode/WATO/wato_asd_training/src/robot/costmap/src/costmap_node.cpp:5:
In file included from /Users/user/Desktop/VsCode/WATO/wato_asd_training/src/robot/costmap/include/costmap_node.hpp:4:
In file included from /Users/user/.local/share/mamba/envs/ros_humble/include/rclcpp/rclcpp/rclcpp.hpp:155:
In file included from /Users/user/.local/share/mamba/envs/ros_humble/include/rclcpp/rclcpp/executors.hpp:21:
In file included from /Users/user/.local/share/mamba/envs/ros_humble/include/rclcpp/rclcpp/executors/multi_threaded_executor.hpp:25:
In file included from /Users/user/.local/share/mamba/envs/ros_humble/include/rclcpp/rclcpp/executor.hpp:37:
In file included from /Users/user/.local/share/mamba/envs/ros_humble/include/rclcpp/rclcpp/executor_options.hpp:20:
In file included from /Users/user/.local/share/mamba/envs/ros_humble/include/rclcpp/rclcpp/memory_strategies.hpp:18:
In file included from /Users/user/.local/share/mamba/envs/ros_humble/include/rclcpp/rclcpp/memory_strategy.hpp:25:
In file included from /Users/user/.local/share/mamba/envs/ros_humble/include/rclcpp/rclcpp/any_executable.hpp:20:
In file included from /Users/user/.local/share/mamba/envs/ros_humble/include/rclcpp/rclcpp/callback_group.hpp:29:
In file included from /Users/user/.local/share/mamba/envs/ros_humble/include/rclcpp/rclcpp/subscription_base.hpp:32:
/Users/user/.local/share/mamba/envs/ros_humble/include/rclcpp/rclcpp/any_subscription_callback.hpp:391:7: warning: 'set_deprecated<sensor_msgs::msg::LaserScan_<std::allocator<void>>>' is deprecated: use 'void(std::shared_ptr<const MessageT>)' instead [-Wdeprecated-declarations]
  391 |       set_deprecated(static_cast<typename scbth::callback_type>(callback));
      |       ^
/Users/user/.local/share/mamba/envs/ros_humble/include/rclcpp/rclcpp/subscription_factory.hpp:94:29: note: in instantiation of function template specialization 'rclcpp::AnySubscriptionCallback<sensor_msgs::msg::LaserScan_<std::allocator<void>>>::set<std::__bind<void (CostmapNode::*)(std::shared_ptr<sensor_msgs::msg::LaserScan_<std::allocator<void>>>), CostmapNode *, const std::placeholders::__ph<1> &>>' requested here
   94 |   any_subscription_callback.set(std::forward<CallbackT>(callback));
      |                             ^
/Users/user/.local/share/mamba/envs/ros_humble/include/rclcpp/rclcpp/create_subscription.hpp:122:26: note: in instantiation of function template specialization 'rclcpp::create_subscription_factory<sensor_msgs::msg::LaserScan_<std::allocator<void>>, std::__bind<void (CostmapNode::*)(std::shared_ptr<sensor_msgs::msg::LaserScan_<std::allocator<void>>>), CostmapNode *, const std::placeholders::__ph<1> &>, std::allocator<void>, rclcpp::Subscription<sensor_msgs::msg::LaserScan_<std::allocator<void>>>, rclcpp::message_memory_strategy::MessageMemoryStrategy<sensor_msgs::msg::LaserScan_<std::allocator<void>>>, sensor_msgs::msg::LaserScan_<std::allocator<void>>>' requested here
  122 |   auto factory = rclcpp::create_subscription_factory<MessageT>(
      |                          ^
/Users/user/.local/share/mamba/envs/ros_humble/include/rclcpp/rclcpp/create_subscription.hpp:190:26: note: in instantiation of function template specialization 'rclcpp::detail::create_subscription<sensor_msgs::msg::LaserScan_<std::allocator<void>>, std::__bind<void (CostmapNode::*)(std::shared_ptr<sensor_msgs::msg::LaserScan_<std::allocator<void>>>), CostmapNode *, const std::placeholders::__ph<1> &>, std::allocator<void>, rclcpp::Subscription<sensor_msgs::msg::LaserScan_<std::allocator<void>>>, rclcpp::message_memory_strategy::MessageMemoryStrategy<sensor_msgs::msg::LaserScan_<std::allocator<void>>>, rclcpp::Node, rclcpp::Node, sensor_msgs::msg::LaserScan_<std::allocator<void>>>' requested here
  190 |   return rclcpp::detail::create_subscription<
      |                          ^
/Users/user/.local/share/mamba/envs/ros_humble/include/rclcpp/rclcpp/node_impl.hpp:99:18: note: in instantiation of function template specialization 'rclcpp::create_subscription<sensor_msgs::msg::LaserScan_<std::allocator<void>>, std::__bind<void (CostmapNode::*)(std::shared_ptr<sensor_msgs::msg::LaserScan_<std::allocator<void>>>), CostmapNode *, const std::placeholders::__ph<1> &>, std::allocator<void>, rclcpp::Subscription<sensor_msgs::msg::LaserScan_<std::allocator<void>>>, rclcpp::message_memory_strategy::MessageMemoryStrategy<sensor_msgs::msg::LaserScan_<std::allocator<void>>>, rclcpp::Node>' requested here
   99 |   return rclcpp::create_subscription<MessageT>(
      |                  ^
/Users/user/Desktop/VsCode/WATO/wato_asd_training/src/robot/costmap/src/costmap_node.cpp:16:22: note: in instantiation of function template specialization 'rclcpp::Node::create_subscription<sensor_msgs::msg::LaserScan_<std::allocator<void>>, std::__bind<void (CostmapNode::*)(std::shared_ptr<sensor_msgs::msg::LaserScan_<std::allocator<void>>>), CostmapNode *, const std::placeholders::__ph<1> &>, std::allocator<void>, rclcpp::Subscription<sensor_msgs::msg::LaserScan_<std::allocator<void>>>, rclcpp::message_memory_strategy::MessageMemoryStrategy<sensor_msgs::msg::LaserScan_<std::allocator<void>>>>' requested here
   16 |   laser_sub_ = this->create_subscription<sensor_msgs::msg::LaserScan>(
      |                      ^
/Users/user/.local/share/mamba/envs/ros_humble/include/rclcpp/rclcpp/any_subscription_callback.hpp:405:5: note: 'set_deprecated<sensor_msgs::msg::LaserScan_<std::allocator<void>>>' has been explicitly marked deprecated here
  405 |   [[deprecated("use 'void(std::shared_ptr<const MessageT>)' instead")]]
      |     ^
1 warning generated.
[100%] Linking CXX executable costmap_node
ld: library 'atomic' not found
clang++: error: linker command failed with exit code 1 (use -v to see invocation)
make[2]: *** [costmap_node] Error 1
make[1]: *** [CMakeFiles/costmap_node.dir/all] Error 2
make: *** [all] Error 2
