[0.017s] Invoking command in '/Users/user/Desktop/VsCode/WATO/wato_asd_training/build/costmap': CMAKE_PREFIX_PATH=/Users/user/.local/share/mamba/envs/ros_humble CONDA_PROMPT_MODIFIER=(ros_humble) SHLVL=2 _=/usr/bin/env /opt/homebrew/bin/cmake /Users/user/Desktop/VsCode/WATO/wato_asd_training/src/robot/costmap -DCMAKE_INSTALL_PREFIX=/Users/user/Desktop/VsCode/WATO/wato_asd_training/install/costmap
[0.539s] -- The C compiler identification is AppleClang 21.0.0.21000334
[1.836s] -- The CXX compiler identification is AppleClang 21.0.0.21000334
[1.854s] -- Detecting C compiler ABI info
[2.294s] -- Detecting C compiler ABI info - done
[2.303s] -- Check for working C compiler: /usr/bin/cc - skipped
[2.304s] -- Detecting C compile features
[2.304s] -- Detecting C compile features - done
[2.309s] -- Detecting CXX compiler ABI info
[2.407s] -- Detecting CXX compiler ABI info - done
[2.416s] -- Check for working CXX compiler: /usr/bin/c++ - skipped
[2.416s] -- Detecting CXX compile features
[2.416s] -- Detecting CXX compile features - done
[2.435s] -- Found ament_cmake: 1.3.14 (/Users/user/.local/share/mamba/envs/ros_humble/share/ament_cmake/cmake)
[2.539s] -- Found Python3: /Users/user/.local/share/mamba/envs/ros_humble/bin/python3 (found version "3.12.14") found components: Interpreter
[2.710s] -- Found rclcpp: 16.0.19 (/Users/user/.local/share/mamba/envs/ros_humble/share/rclcpp/cmake)
[2.831s] -- Found rosidl_generator_c: 3.1.8 (/Users/user/.local/share/mamba/envs/ros_humble/share/rosidl_generator_c/cmake)
[2.849s] -- Found rosidl_adapter: 3.1.8 (/Users/user/.local/share/mamba/envs/ros_humble/share/rosidl_adapter/cmake)
[2.874s] -- Found rosidl_generator_cpp: 3.1.8 (/Users/user/.local/share/mamba/envs/ros_humble/share/rosidl_generator_cpp/cmake)
[2.904s] -- Using all available rosidl_typesupport_c: rosidl_typesupport_fastrtps_c;rosidl_typesupport_introspection_c
[2.943s] -- Using all available rosidl_typesupport_cpp: rosidl_typesupport_fastrtps_cpp;rosidl_typesupport_introspection_cpp
[3.503s] -- Checking for module 'yaml-0.1'
[3.599s] --   Found yaml-0.1, version 0.2.5
[3.853s] -- Found rmw_implementation_cmake: 6.1.2 (/Users/user/.local/share/mamba/envs/ros_humble/share/rmw_implementation_cmake/cmake)
[3.862s] -- Found rmw_cyclonedds_cpp: 1.3.4 (/Users/user/.local/share/mamba/envs/ros_humble/share/rmw_cyclonedds_cpp/cmake)
[3.923s] -- Using RMW implementation 'rmw_cyclonedds_cpp' as default
[3.948s] -- Performing Test CMAKE_HAVE_LIBC_PTHREAD
[4.063s] -- Performing Test CMAKE_HAVE_LIBC_PTHREAD - Success
[4.063s] -- Found Threads: TRUE
[4.149s] -- Found sensor_msgs: 4.9.1 (/Users/user/.local/share/mamba/envs/ros_humble/share/sensor_msgs/cmake)
[4.238s] -- Found nav_msgs: 4.9.1 (/Users/user/.local/share/mamba/envs/ros_humble/share/nav_msgs/cmake)
[4.308s] -- Configuring done (4.1s)
[4.684s] -- Generating done (0.4s)
[4.714s] -- Build files have been written to: /Users/user/Desktop/VsCode/WATO/wato_asd_training/build/costmap
[4.716s] Invoked command in '/Users/user/Desktop/VsCode/WATO/wato_asd_training/build/costmap' returned '0': CMAKE_PREFIX_PATH=/Users/user/.local/share/mamba/envs/ros_humble CONDA_PROMPT_MODIFIER=(ros_humble) SHLVL=2 _=/usr/bin/env /opt/homebrew/bin/cmake /Users/user/Desktop/VsCode/WATO/wato_asd_training/src/robot/costmap -DCMAKE_INSTALL_PREFIX=/Users/user/Desktop/VsCode/WATO/wato_asd_training/install/costmap
[4.718s] Invoking command in '/Users/user/Desktop/VsCode/WATO/wato_asd_training/build/costmap': CMAKE_PREFIX_PATH=/Users/user/.local/share/mamba/envs/ros_humble CONDA_PROMPT_MODIFIER=(ros_humble) SHLVL=2 _=/usr/bin/env /opt/homebrew/bin/cmake --build /Users/user/Desktop/VsCode/WATO/wato_asd_training/build/costmap -- -j10 -l10
[4.759s] [ 25%] Building CXX object CMakeFiles/costmap_lib.dir/src/costmap_core.cpp.o
[5.649s] [ 50%] Linking CXX static library libcostmap_lib.a
[6.324s] [ 50%] Built target costmap_lib
[6.341s] [ 75%] Building CXX object CMakeFiles/costmap_node.dir/src/costmap_node.cpp.o
[7.298s] In file included from /Users/user/Desktop/VsCode/WATO/wato_asd_training/src/robot/costmap/src/costmap_node.cpp:5:
[7.298s] In file included from /Users/user/Desktop/VsCode/WATO/wato_asd_training/src/robot/costmap/include/costmap_node.hpp:4:
[7.298s] In file included from /Users/user/.local/share/mamba/envs/ros_humble/include/rclcpp/rclcpp/rclcpp.hpp:155:
[7.299s] In file included from /Users/user/.local/share/mamba/envs/ros_humble/include/rclcpp/rclcpp/executors.hpp:21:
[7.299s] In file included from /Users/user/.local/share/mamba/envs/ros_humble/include/rclcpp/rclcpp/executors/multi_threaded_executor.hpp:25:
[7.299s] In file included from /Users/user/.local/share/mamba/envs/ros_humble/include/rclcpp/rclcpp/executor.hpp:37:
[7.299s] In file included from /Users/user/.local/share/mamba/envs/ros_humble/include/rclcpp/rclcpp/executor_options.hpp:20:
[7.299s] In file included from /Users/user/.local/share/mamba/envs/ros_humble/include/rclcpp/rclcpp/memory_strategies.hpp:18:
[7.299s] In file included from /Users/user/.local/share/mamba/envs/ros_humble/include/rclcpp/rclcpp/memory_strategy.hpp:25:
[7.299s] In file included from /Users/user/.local/share/mamba/envs/ros_humble/include/rclcpp/rclcpp/any_executable.hpp:20:
[7.299s] In file included from /Users/user/.local/share/mamba/envs/ros_humble/include/rclcpp/rclcpp/callback_group.hpp:29:
[7.299s] In file included from /Users/user/.local/share/mamba/envs/ros_humble/include/rclcpp/rclcpp/subscription_base.hpp:32:
[7.299s] /Users/user/.local/share/mamba/envs/ros_humble/include/rclcpp/rclcpp/any_subscription_callback.hpp:391:7: warning: 'set_deprecated<sensor_msgs::msg::LaserScan_<std::allocator<void>>>' is deprecated: use 'void(std::shared_ptr<const MessageT>)' instead [-Wdeprecated-declarations]
[7.299s]   391 |       set_deprecated(static_cast<typename scbth::callback_type>(callback));
[7.299s]       |       ^
[7.299s] /Users/user/.local/share/mamba/envs/ros_humble/include/rclcpp/rclcpp/subscription_factory.hpp:94:29: note: in instantiation of function template specialization 'rclcpp::AnySubscriptionCallback<sensor_msgs::msg::LaserScan_<std::allocator<void>>>::set<std::__bind<void (CostmapNode::*)(std::shared_ptr<sensor_msgs::msg::LaserScan_<std::allocator<void>>>), CostmapNode *, const std::placeholders::__ph<1> &>>' requested here
[7.299s]    94 |   any_subscription_callback.set(std::forward<CallbackT>(callback));
[7.299s]       |                             ^
[7.299s] /Users/user/.local/share/mamba/envs/ros_humble/include/rclcpp/rclcpp/create_subscription.hpp:122:26: note: in instantiation of function template specialization 'rclcpp::create_subscription_factory<sensor_msgs::msg::LaserScan_<std::allocator<void>>, std::__bind<void (CostmapNode::*)(std::shared_ptr<sensor_msgs::msg::LaserScan_<std::allocator<void>>>), CostmapNode *, const std::placeholders::__ph<1> &>, std::allocator<void>, rclcpp::Subscription<sensor_msgs::msg::LaserScan_<std::allocator<void>>>, rclcpp::message_memory_strategy::MessageMemoryStrategy<sensor_msgs::msg::LaserScan_<std::allocator<void>>>, sensor_msgs::msg::LaserScan_<std::allocator<void>>>' requested here
[7.299s]   122 |   auto factory = rclcpp::create_subscription_factory<MessageT>(
[7.299s]       |                          ^
[7.300s] /Users/user/.local/share/mamba/envs/ros_humble/include/rclcpp/rclcpp/create_subscription.hpp:190:26: note: in instantiation of function template specialization 'rclcpp::detail::create_subscription<sensor_msgs::msg::LaserScan_<std::allocator<void>>, std::__bind<void (CostmapNode::*)(std::shared_ptr<sensor_msgs::msg::LaserScan_<std::allocator<void>>>), CostmapNode *, const std::placeholders::__ph<1> &>, std::allocator<void>, rclcpp::Subscription<sensor_msgs::msg::LaserScan_<std::allocator<void>>>, rclcpp::message_memory_strategy::MessageMemoryStrategy<sensor_msgs::msg::LaserScan_<std::allocator<void>>>, rclcpp::Node, rclcpp::Node, sensor_msgs::msg::LaserScan_<std::allocator<void>>>' requested here
[7.300s]   190 |   return rclcpp::detail::create_subscription<
[7.300s]       |                          ^
[7.300s] /Users/user/.local/share/mamba/envs/ros_humble/include/rclcpp/rclcpp/node_impl.hpp:99:18: note: in instantiation of function template specialization 'rclcpp::create_subscription<sensor_msgs::msg::LaserScan_<std::allocator<void>>, std::__bind<void (CostmapNode::*)(std::shared_ptr<sensor_msgs::msg::LaserScan_<std::allocator<void>>>), CostmapNode *, const std::placeholders::__ph<1> &>, std::allocator<void>, rclcpp::Subscription<sensor_msgs::msg::LaserScan_<std::allocator<void>>>, rclcpp::message_memory_strategy::MessageMemoryStrategy<sensor_msgs::msg::LaserScan_<std::allocator<void>>>, rclcpp::Node>' requested here
[7.300s]    99 |   return rclcpp::create_subscription<MessageT>(
[7.300s]       |                  ^
[7.300s] /Users/user/Desktop/VsCode/WATO/wato_asd_training/src/robot/costmap/src/costmap_node.cpp:16:22: note: in instantiation of function template specialization 'rclcpp::Node::create_subscription<sensor_msgs::msg::LaserScan_<std::allocator<void>>, std::__bind<void (CostmapNode::*)(std::shared_ptr<sensor_msgs::msg::LaserScan_<std::allocator<void>>>), CostmapNode *, const std::placeholders::__ph<1> &>, std::allocator<void>, rclcpp::Subscription<sensor_msgs::msg::LaserScan_<std::allocator<void>>>, rclcpp::message_memory_strategy::MessageMemoryStrategy<sensor_msgs::msg::LaserScan_<std::allocator<void>>>>' requested here
[7.300s]    16 |   laser_sub_ = this->create_subscription<sensor_msgs::msg::LaserScan>(
[7.300s]       |                      ^
[7.300s] /Users/user/.local/share/mamba/envs/ros_humble/include/rclcpp/rclcpp/any_subscription_callback.hpp:405:5: note: 'set_deprecated<sensor_msgs::msg::LaserScan_<std::allocator<void>>>' has been explicitly marked deprecated here
[7.300s]   405 |   [[deprecated("use 'void(std::shared_ptr<const MessageT>)' instead")]]
[7.300s]       |     ^
[7.917s] 1 warning generated.
[7.933s] [100%] Linking CXX executable costmap_node
[7.954s] ld: library 'atomic' not found
[7.955s] clang++: error: linker command failed with exit code 1 (use -v to see invocation)
[7.956s] make[2]: *** [costmap_node] Error 1
[7.957s] make[1]: *** [CMakeFiles/costmap_node.dir/all] Error 2
[7.957s] make: *** [all] Error 2
[7.958s] Invoked command in '/Users/user/Desktop/VsCode/WATO/wato_asd_training/build/costmap' returned '2': CMAKE_PREFIX_PATH=/Users/user/.local/share/mamba/envs/ros_humble CONDA_PROMPT_MODIFIER=(ros_humble) SHLVL=2 _=/usr/bin/env /opt/homebrew/bin/cmake --build /Users/user/Desktop/VsCode/WATO/wato_asd_training/build/costmap -- -j10 -l10
