[0.292s] colcon DEBUG Command line arguments: ['/Users/user/.local/share/mamba/envs/ros_humble/bin/colcon', 'build', '--packages-select', 'costmap', 'map_memory']
[0.292s] colcon DEBUG Parsed command line arguments: Namespace(log_base=None, log_level=None, verb_name='build', build_base='build', install_base='install', merge_install=False, symlink_install=False, test_result_base=None, continue_on_error=False, executor='parallel', parallel_workers=10, event_handlers=None, ignore_user_meta=False, metas=['./colcon.meta'], base_paths=['.'], packages_ignore=None, packages_ignore_regex=None, paths=None, packages_up_to=None, packages_up_to_regex=None, packages_above=None, packages_above_and_dependencies=None, packages_above_depth=None, packages_select_by_dep=None, packages_skip_by_dep=None, packages_skip_up_to=None, packages_select_build_failed=False, packages_skip_build_finished=False, packages_select_test_failures=False, packages_skip_test_passed=False, packages_select=['costmap', 'map_memory'], packages_skip=None, packages_select_regex=None, packages_skip_regex=None, packages_start=None, packages_end=None, cmake_args=None, cmake_target=None, cmake_target_skip_unavailable=False, cmake_clean_cache=False, cmake_clean_first=False, cmake_force_configure=False, ament_cmake_args=None, catkin_cmake_args=None, catkin_skip_building_tests=False, verb_parser=<colcon_defaults.argument_parser.defaults.DefaultArgumentsDecorator object at 0x107d4d1c0>, verb_extension=<colcon_core.verb.build.BuildVerb object at 0x107d4cf20>, main=<bound method BuildVerb.main of <colcon_core.verb.build.BuildVerb object at 0x107d4cf20>>)
[0.338s] colcon.colcon_core.package_discovery Level 1 discover_packages(colcon_meta) check parameters
[0.338s] colcon.colcon_core.package_discovery Level 1 discover_packages(recursive) check parameters
[0.339s] colcon.colcon_core.package_discovery Level 1 discover_packages(ignore) check parameters
[0.339s] colcon.colcon_core.package_discovery Level 1 discover_packages(path) check parameters
[0.339s] colcon.colcon_core.package_discovery Level 1 discover_packages(colcon_meta) discover
[0.339s] colcon.colcon_core.package_discovery Level 1 discover_packages(recursive) discover
[0.339s] colcon.colcon_core.package_discovery INFO Crawling recursively for packages in '/Users/user/Desktop/VsCode/WATO/wato_asd_training'
[0.339s] colcon.colcon_core.package_identification Level 1 _identify(.) by extensions ['ignore', 'ignore_ament_install']
[0.339s] colcon.colcon_core.package_identification Level 1 _identify(.) by extension 'ignore'
[0.339s] colcon.colcon_core.package_identification Level 1 _identify(.) by extension 'ignore_ament_install'
[0.339s] colcon.colcon_core.package_identification Level 1 _identify(.) by extensions ['colcon_pkg']
[0.339s] colcon.colcon_core.package_identification Level 1 _identify(.) by extension 'colcon_pkg'
[0.339s] colcon.colcon_core.package_identification Level 1 _identify(.) by extensions ['colcon_meta']
[0.339s] colcon.colcon_core.package_identification Level 1 _identify(.) by extension 'colcon_meta'
[0.339s] colcon.colcon_core.package_identification Level 1 _identify(.) by extensions ['ros']
[0.339s] colcon.colcon_core.package_identification Level 1 _identify(.) by extension 'ros'
[0.369s] colcon.colcon_core.package_identification Level 1 _identify(.) by extensions ['cmake', 'python']
[0.369s] colcon.colcon_core.package_identification Level 1 _identify(.) by extension 'cmake'
[0.369s] colcon.colcon_core.package_identification Level 1 _identify(.) by extension 'python'
[0.369s] colcon.colcon_core.package_identification Level 1 _identify(.) by extensions ['python_setup_py']
[0.369s] colcon.colcon_core.package_identification Level 1 _identify(.) by extension 'python_setup_py'
[0.370s] colcon.colcon_core.package_identification Level 1 _identify(build) by extensions ['ignore', 'ignore_ament_install']
[0.370s] colcon.colcon_core.package_identification Level 1 _identify(build) by extension 'ignore'
[0.370s] colcon.colcon_core.package_identification Level 1 _identify(build) ignored
[0.370s] colcon.colcon_core.package_identification Level 1 _identify(config) by extensions ['ignore', 'ignore_ament_install']
[0.370s] colcon.colcon_core.package_identification Level 1 _identify(config) by extension 'ignore'
[0.370s] colcon.colcon_core.package_identification Level 1 _identify(config) by extension 'ignore_ament_install'
[0.370s] colcon.colcon_core.package_identification Level 1 _identify(config) by extensions ['colcon_pkg']
[0.370s] colcon.colcon_core.package_identification Level 1 _identify(config) by extension 'colcon_pkg'
[0.370s] colcon.colcon_core.package_identification Level 1 _identify(config) by extensions ['colcon_meta']
[0.370s] colcon.colcon_core.package_identification Level 1 _identify(config) by extension 'colcon_meta'
[0.370s] colcon.colcon_core.package_identification Level 1 _identify(config) by extensions ['ros']
[0.370s] colcon.colcon_core.package_identification Level 1 _identify(config) by extension 'ros'
[0.370s] colcon.colcon_core.package_identification Level 1 _identify(config) by extensions ['cmake', 'python']
[0.370s] colcon.colcon_core.package_identification Level 1 _identify(config) by extension 'cmake'
[0.370s] colcon.colcon_core.package_identification Level 1 _identify(config) by extension 'python'
[0.370s] colcon.colcon_core.package_identification Level 1 _identify(config) by extensions ['python_setup_py']
[0.370s] colcon.colcon_core.package_identification Level 1 _identify(config) by extension 'python_setup_py'
[0.371s] colcon.colcon_core.package_identification Level 1 _identify(docker) by extensions ['ignore', 'ignore_ament_install']
[0.371s] colcon.colcon_core.package_identification Level 1 _identify(docker) by extension 'ignore'
[0.371s] colcon.colcon_core.package_identification Level 1 _identify(docker) by extension 'ignore_ament_install'
[0.371s] colcon.colcon_core.package_identification Level 1 _identify(docker) by extensions ['colcon_pkg']
[0.371s] colcon.colcon_core.package_identification Level 1 _identify(docker) by extension 'colcon_pkg'
[0.371s] colcon.colcon_core.package_identification Level 1 _identify(docker) by extensions ['colcon_meta']
[0.371s] colcon.colcon_core.package_identification Level 1 _identify(docker) by extension 'colcon_meta'
[0.371s] colcon.colcon_core.package_identification Level 1 _identify(docker) by extensions ['ros']
[0.371s] colcon.colcon_core.package_identification Level 1 _identify(docker) by extension 'ros'
[0.371s] colcon.colcon_core.package_identification Level 1 _identify(docker) by extensions ['cmake', 'python']
[0.371s] colcon.colcon_core.package_identification Level 1 _identify(docker) by extension 'cmake'
[0.371s] colcon.colcon_core.package_identification Level 1 _identify(docker) by extension 'python'
[0.371s] colcon.colcon_core.package_identification Level 1 _identify(docker) by extensions ['python_setup_py']
[0.371s] colcon.colcon_core.package_identification Level 1 _identify(docker) by extension 'python_setup_py'
[0.371s] colcon.colcon_core.package_identification Level 1 _identify(docker/gazebo) by extensions ['ignore', 'ignore_ament_install']
[0.371s] colcon.colcon_core.package_identification Level 1 _identify(docker/gazebo) by extension 'ignore'
[0.371s] colcon.colcon_core.package_identification Level 1 _identify(docker/gazebo) by extension 'ignore_ament_install'
[0.371s] colcon.colcon_core.package_identification Level 1 _identify(docker/gazebo) by extensions ['colcon_pkg']
[0.371s] colcon.colcon_core.package_identification Level 1 _identify(docker/gazebo) by extension 'colcon_pkg'
[0.371s] colcon.colcon_core.package_identification Level 1 _identify(docker/gazebo) by extensions ['colcon_meta']
[0.371s] colcon.colcon_core.package_identification Level 1 _identify(docker/gazebo) by extension 'colcon_meta'
[0.371s] colcon.colcon_core.package_identification Level 1 _identify(docker/gazebo) by extensions ['ros']
[0.371s] colcon.colcon_core.package_identification Level 1 _identify(docker/gazebo) by extension 'ros'
[0.371s] colcon.colcon_core.package_identification Level 1 _identify(docker/gazebo) by extensions ['cmake', 'python']
[0.371s] colcon.colcon_core.package_identification Level 1 _identify(docker/gazebo) by extension 'cmake'
[0.371s] colcon.colcon_core.package_identification Level 1 _identify(docker/gazebo) by extension 'python'
[0.371s] colcon.colcon_core.package_identification Level 1 _identify(docker/gazebo) by extensions ['python_setup_py']
[0.371s] colcon.colcon_core.package_identification Level 1 _identify(docker/gazebo) by extension 'python_setup_py'
[0.371s] colcon.colcon_core.package_identification Level 1 _identify(docker/robot) by extensions ['ignore', 'ignore_ament_install']
[0.371s] colcon.colcon_core.package_identification Level 1 _identify(docker/robot) by extension 'ignore'
[0.371s] colcon.colcon_core.package_identification Level 1 _identify(docker/robot) by extension 'ignore_ament_install'
[0.371s] colcon.colcon_core.package_identification Level 1 _identify(docker/robot) by extensions ['colcon_pkg']
[0.371s] colcon.colcon_core.package_identification Level 1 _identify(docker/robot) by extension 'colcon_pkg'
[0.371s] colcon.colcon_core.package_identification Level 1 _identify(docker/robot) by extensions ['colcon_meta']
[0.371s] colcon.colcon_core.package_identification Level 1 _identify(docker/robot) by extension 'colcon_meta'
[0.371s] colcon.colcon_core.package_identification Level 1 _identify(docker/robot) by extensions ['ros']
[0.371s] colcon.colcon_core.package_identification Level 1 _identify(docker/robot) by extension 'ros'
[0.371s] colcon.colcon_core.package_identification Level 1 _identify(docker/robot) by extensions ['cmake', 'python']
[0.371s] colcon.colcon_core.package_identification Level 1 _identify(docker/robot) by extension 'cmake'
[0.371s] colcon.colcon_core.package_identification Level 1 _identify(docker/robot) by extension 'python'
[0.371s] colcon.colcon_core.package_identification Level 1 _identify(docker/robot) by extensions ['python_setup_py']
[0.371s] colcon.colcon_core.package_identification Level 1 _identify(docker/robot) by extension 'python_setup_py'
[0.372s] colcon.colcon_core.package_identification Level 1 _identify(docker/samples) by extensions ['ignore', 'ignore_ament_install']
[0.372s] colcon.colcon_core.package_identification Level 1 _identify(docker/samples) by extension 'ignore'
[0.372s] colcon.colcon_core.package_identification Level 1 _identify(docker/samples) by extension 'ignore_ament_install'
[0.372s] colcon.colcon_core.package_identification Level 1 _identify(docker/samples) by extensions ['colcon_pkg']
[0.372s] colcon.colcon_core.package_identification Level 1 _identify(docker/samples) by extension 'colcon_pkg'
[0.372s] colcon.colcon_core.package_identification Level 1 _identify(docker/samples) by extensions ['colcon_meta']
[0.372s] colcon.colcon_core.package_identification Level 1 _identify(docker/samples) by extension 'colcon_meta'
[0.372s] colcon.colcon_core.package_identification Level 1 _identify(docker/samples) by extensions ['ros']
[0.372s] colcon.colcon_core.package_identification Level 1 _identify(docker/samples) by extension 'ros'
[0.372s] colcon.colcon_core.package_identification Level 1 _identify(docker/samples) by extensions ['cmake', 'python']
[0.372s] colcon.colcon_core.package_identification Level 1 _identify(docker/samples) by extension 'cmake'
[0.372s] colcon.colcon_core.package_identification Level 1 _identify(docker/samples) by extension 'python'
[0.372s] colcon.colcon_core.package_identification Level 1 _identify(docker/samples) by extensions ['python_setup_py']
[0.372s] colcon.colcon_core.package_identification Level 1 _identify(docker/samples) by extension 'python_setup_py'
[0.372s] colcon.colcon_core.package_identification Level 1 _identify(docker/vis_tools) by extensions ['ignore', 'ignore_ament_install']
[0.372s] colcon.colcon_core.package_identification Level 1 _identify(docker/vis_tools) by extension 'ignore'
[0.372s] colcon.colcon_core.package_identification Level 1 _identify(docker/vis_tools) by extension 'ignore_ament_install'
[0.372s] colcon.colcon_core.package_identification Level 1 _identify(docker/vis_tools) by extensions ['colcon_pkg']
[0.372s] colcon.colcon_core.package_identification Level 1 _identify(docker/vis_tools) by extension 'colcon_pkg'
[0.372s] colcon.colcon_core.package_identification Level 1 _identify(docker/vis_tools) by extensions ['colcon_meta']
[0.372s] colcon.colcon_core.package_identification Level 1 _identify(docker/vis_tools) by extension 'colcon_meta'
[0.372s] colcon.colcon_core.package_identification Level 1 _identify(docker/vis_tools) by extensions ['ros']
[0.372s] colcon.colcon_core.package_identification Level 1 _identify(docker/vis_tools) by extension 'ros'
[0.372s] colcon.colcon_core.package_identification Level 1 _identify(docker/vis_tools) by extensions ['cmake', 'python']
[0.372s] colcon.colcon_core.package_identification Level 1 _identify(docker/vis_tools) by extension 'cmake'
[0.372s] colcon.colcon_core.package_identification Level 1 _identify(docker/vis_tools) by extension 'python'
[0.372s] colcon.colcon_core.package_identification Level 1 _identify(docker/vis_tools) by extensions ['python_setup_py']
[0.372s] colcon.colcon_core.package_identification Level 1 _identify(docker/vis_tools) by extension 'python_setup_py'
[0.372s] colcon.colcon_core.package_identification Level 1 _identify(install) by extensions ['ignore', 'ignore_ament_install']
[0.372s] colcon.colcon_core.package_identification Level 1 _identify(install) by extension 'ignore'
[0.372s] colcon.colcon_core.package_identification Level 1 _identify(install) ignored
[0.372s] colcon.colcon_core.package_identification Level 1 _identify(log) by extensions ['ignore', 'ignore_ament_install']
[0.372s] colcon.colcon_core.package_identification Level 1 _identify(log) by extension 'ignore'
[0.372s] colcon.colcon_core.package_identification Level 1 _identify(log) ignored
[0.372s] colcon.colcon_core.package_identification Level 1 _identify(modules) by extensions ['ignore', 'ignore_ament_install']
[0.372s] colcon.colcon_core.package_identification Level 1 _identify(modules) by extension 'ignore'
[0.372s] colcon.colcon_core.package_identification Level 1 _identify(modules) by extension 'ignore_ament_install'
[0.372s] colcon.colcon_core.package_identification Level 1 _identify(modules) by extensions ['colcon_pkg']
[0.372s] colcon.colcon_core.package_identification Level 1 _identify(modules) by extension 'colcon_pkg'
[0.372s] colcon.colcon_core.package_identification Level 1 _identify(modules) by extensions ['colcon_meta']
[0.372s] colcon.colcon_core.package_identification Level 1 _identify(modules) by extension 'colcon_meta'
[0.372s] colcon.colcon_core.package_identification Level 1 _identify(modules) by extensions ['ros']
[0.372s] colcon.colcon_core.package_identification Level 1 _identify(modules) by extension 'ros'
[0.372s] colcon.colcon_core.package_identification Level 1 _identify(modules) by extensions ['cmake', 'python']
[0.372s] colcon.colcon_core.package_identification Level 1 _identify(modules) by extension 'cmake'
[0.372s] colcon.colcon_core.package_identification Level 1 _identify(modules) by extension 'python'
[0.372s] colcon.colcon_core.package_identification Level 1 _identify(modules) by extensions ['python_setup_py']
[0.372s] colcon.colcon_core.package_identification Level 1 _identify(modules) by extension 'python_setup_py'
[0.372s] colcon.colcon_core.package_identification Level 1 _identify(src) by extensions ['ignore', 'ignore_ament_install']
[0.372s] colcon.colcon_core.package_identification Level 1 _identify(src) by extension 'ignore'
[0.372s] colcon.colcon_core.package_identification Level 1 _identify(src) by extension 'ignore_ament_install'
[0.372s] colcon.colcon_core.package_identification Level 1 _identify(src) by extensions ['colcon_pkg']
[0.372s] colcon.colcon_core.package_identification Level 1 _identify(src) by extension 'colcon_pkg'
[0.372s] colcon.colcon_core.package_identification Level 1 _identify(src) by extensions ['colcon_meta']
[0.372s] colcon.colcon_core.package_identification Level 1 _identify(src) by extension 'colcon_meta'
[0.373s] colcon.colcon_core.package_identification Level 1 _identify(src) by extensions ['ros']
[0.373s] colcon.colcon_core.package_identification Level 1 _identify(src) by extension 'ros'
[0.373s] colcon.colcon_core.package_identification Level 1 _identify(src) by extensions ['cmake', 'python']
[0.373s] colcon.colcon_core.package_identification Level 1 _identify(src) by extension 'cmake'
[0.373s] colcon.colcon_core.package_identification Level 1 _identify(src) by extension 'python'
[0.373s] colcon.colcon_core.package_identification Level 1 _identify(src) by extensions ['python_setup_py']
[0.373s] colcon.colcon_core.package_identification Level 1 _identify(src) by extension 'python_setup_py'
[0.373s] colcon.colcon_core.package_identification Level 1 _identify(src/gazebo) by extensions ['ignore', 'ignore_ament_install']
[0.373s] colcon.colcon_core.package_identification Level 1 _identify(src/gazebo) by extension 'ignore'
[0.373s] colcon.colcon_core.package_identification Level 1 _identify(src/gazebo) by extension 'ignore_ament_install'
[0.373s] colcon.colcon_core.package_identification Level 1 _identify(src/gazebo) by extensions ['colcon_pkg']
[0.373s] colcon.colcon_core.package_identification Level 1 _identify(src/gazebo) by extension 'colcon_pkg'
[0.373s] colcon.colcon_core.package_identification Level 1 _identify(src/gazebo) by extensions ['colcon_meta']
[0.373s] colcon.colcon_core.package_identification Level 1 _identify(src/gazebo) by extension 'colcon_meta'
[0.373s] colcon.colcon_core.package_identification Level 1 _identify(src/gazebo) by extensions ['ros']
[0.373s] colcon.colcon_core.package_identification Level 1 _identify(src/gazebo) by extension 'ros'
[0.379s] colcon.colcon_core.package_identification DEBUG Package 'src/gazebo' with type 'ros.ament_cmake' and name 'gazebo'
[0.379s] colcon.colcon_core.package_identification Level 1 _identify(src/robot) by extensions ['ignore', 'ignore_ament_install']
[0.379s] colcon.colcon_core.package_identification Level 1 _identify(src/robot) by extension 'ignore'
[0.379s] colcon.colcon_core.package_identification Level 1 _identify(src/robot) by extension 'ignore_ament_install'
[0.379s] colcon.colcon_core.package_identification Level 1 _identify(src/robot) by extensions ['colcon_pkg']
[0.379s] colcon.colcon_core.package_identification Level 1 _identify(src/robot) by extension 'colcon_pkg'
[0.379s] colcon.colcon_core.package_identification Level 1 _identify(src/robot) by extensions ['colcon_meta']
[0.379s] colcon.colcon_core.package_identification Level 1 _identify(src/robot) by extension 'colcon_meta'
[0.379s] colcon.colcon_core.package_identification Level 1 _identify(src/robot) by extensions ['ros']
[0.379s] colcon.colcon_core.package_identification Level 1 _identify(src/robot) by extension 'ros'
[0.379s] colcon.colcon_core.package_identification Level 1 _identify(src/robot) by extensions ['cmake', 'python']
[0.379s] colcon.colcon_core.package_identification Level 1 _identify(src/robot) by extension 'cmake'
[0.379s] colcon.colcon_core.package_identification Level 1 _identify(src/robot) by extension 'python'
[0.379s] colcon.colcon_core.package_identification Level 1 _identify(src/robot) by extensions ['python_setup_py']
[0.379s] colcon.colcon_core.package_identification Level 1 _identify(src/robot) by extension 'python_setup_py'
[0.379s] colcon.colcon_core.package_identification Level 1 _identify(src/robot/bringup_robot) by extensions ['ignore', 'ignore_ament_install']
[0.379s] colcon.colcon_core.package_identification Level 1 _identify(src/robot/bringup_robot) by extension 'ignore'
[0.379s] colcon.colcon_core.package_identification Level 1 _identify(src/robot/bringup_robot) by extension 'ignore_ament_install'
[0.379s] colcon.colcon_core.package_identification Level 1 _identify(src/robot/bringup_robot) by extensions ['colcon_pkg']
[0.379s] colcon.colcon_core.package_identification Level 1 _identify(src/robot/bringup_robot) by extension 'colcon_pkg'
[0.379s] colcon.colcon_core.package_identification Level 1 _identify(src/robot/bringup_robot) by extensions ['colcon_meta']
[0.379s] colcon.colcon_core.package_identification Level 1 _identify(src/robot/bringup_robot) by extension 'colcon_meta'
[0.379s] colcon.colcon_core.package_identification Level 1 _identify(src/robot/bringup_robot) by extensions ['ros']
[0.379s] colcon.colcon_core.package_identification Level 1 _identify(src/robot/bringup_robot) by extension 'ros'
[0.380s] colcon.colcon_core.package_identification DEBUG Package 'src/robot/bringup_robot' with type 'ros.ament_cmake' and name 'bringup_robot'
[0.380s] colcon.colcon_core.package_identification Level 1 _identify(src/robot/control) by extensions ['ignore', 'ignore_ament_install']
[0.380s] colcon.colcon_core.package_identification Level 1 _identify(src/robot/control) by extension 'ignore'
[0.380s] colcon.colcon_core.package_identification Level 1 _identify(src/robot/control) by extension 'ignore_ament_install'
[0.380s] colcon.colcon_core.package_identification Level 1 _identify(src/robot/control) by extensions ['colcon_pkg']
[0.380s] colcon.colcon_core.package_identification Level 1 _identify(src/robot/control) by extension 'colcon_pkg'
[0.380s] colcon.colcon_core.package_identification Level 1 _identify(src/robot/control) by extensions ['colcon_meta']
[0.380s] colcon.colcon_core.package_identification Level 1 _identify(src/robot/control) by extension 'colcon_meta'
[0.380s] colcon.colcon_core.package_identification Level 1 _identify(src/robot/control) by extensions ['ros']
[0.380s] colcon.colcon_core.package_identification Level 1 _identify(src/robot/control) by extension 'ros'
[0.380s] colcon.colcon_core.package_identification DEBUG Package 'src/robot/control' with type 'ros.ament_cmake' and name 'control'
[0.380s] colcon.colcon_core.package_identification Level 1 _identify(src/robot/costmap) by extensions ['ignore', 'ignore_ament_install']
[0.380s] colcon.colcon_core.package_identification Level 1 _identify(src/robot/costmap) by extension 'ignore'
[0.380s] colcon.colcon_core.package_identification Level 1 _identify(src/robot/costmap) by extension 'ignore_ament_install'
[0.380s] colcon.colcon_core.package_identification Level 1 _identify(src/robot/costmap) by extensions ['colcon_pkg']
[0.380s] colcon.colcon_core.package_identification Level 1 _identify(src/robot/costmap) by extension 'colcon_pkg'
[0.380s] colcon.colcon_core.package_identification Level 1 _identify(src/robot/costmap) by extensions ['colcon_meta']
[0.380s] colcon.colcon_core.package_identification Level 1 _identify(src/robot/costmap) by extension 'colcon_meta'
[0.380s] colcon.colcon_core.package_identification Level 1 _identify(src/robot/costmap) by extensions ['ros']
[0.380s] colcon.colcon_core.package_identification Level 1 _identify(src/robot/costmap) by extension 'ros'
[0.381s] colcon.colcon_core.package_identification DEBUG Package 'src/robot/costmap' with type 'ros.ament_cmake' and name 'costmap'
[0.381s] colcon.colcon_core.package_identification Level 1 _identify(src/robot/map_memory) by extensions ['ignore', 'ignore_ament_install']
[0.381s] colcon.colcon_core.package_identification Level 1 _identify(src/robot/map_memory) by extension 'ignore'
[0.381s] colcon.colcon_core.package_identification Level 1 _identify(src/robot/map_memory) by extension 'ignore_ament_install'
[0.381s] colcon.colcon_core.package_identification Level 1 _identify(src/robot/map_memory) by extensions ['colcon_pkg']
[0.381s] colcon.colcon_core.package_identification Level 1 _identify(src/robot/map_memory) by extension 'colcon_pkg'
[0.381s] colcon.colcon_core.package_identification Level 1 _identify(src/robot/map_memory) by extensions ['colcon_meta']
[0.381s] colcon.colcon_core.package_identification Level 1 _identify(src/robot/map_memory) by extension 'colcon_meta'
[0.381s] colcon.colcon_core.package_identification Level 1 _identify(src/robot/map_memory) by extensions ['ros']
[0.381s] colcon.colcon_core.package_identification Level 1 _identify(src/robot/map_memory) by extension 'ros'
[0.382s] colcon.colcon_core.package_identification DEBUG Package 'src/robot/map_memory' with type 'ros.ament_cmake' and name 'map_memory'
[0.382s] colcon.colcon_core.package_identification Level 1 _identify(src/robot/odometry_spoof) by extensions ['ignore', 'ignore_ament_install']
[0.382s] colcon.colcon_core.package_identification Level 1 _identify(src/robot/odometry_spoof) by extension 'ignore'
[0.382s] colcon.colcon_core.package_identification Level 1 _identify(src/robot/odometry_spoof) by extension 'ignore_ament_install'
[0.382s] colcon.colcon_core.package_identification Level 1 _identify(src/robot/odometry_spoof) by extensions ['colcon_pkg']
[0.382s] colcon.colcon_core.package_identification Level 1 _identify(src/robot/odometry_spoof) by extension 'colcon_pkg'
[0.382s] colcon.colcon_core.package_identification Level 1 _identify(src/robot/odometry_spoof) by extensions ['colcon_meta']
[0.382s] colcon.colcon_core.package_identification Level 1 _identify(src/robot/odometry_spoof) by extension 'colcon_meta'
[0.382s] colcon.colcon_core.package_identification Level 1 _identify(src/robot/odometry_spoof) by extensions ['ros']
[0.382s] colcon.colcon_core.package_identification Level 1 _identify(src/robot/odometry_spoof) by extension 'ros'
[0.382s] colcon.colcon_core.package_identification DEBUG Package 'src/robot/odometry_spoof' with type 'ros.ament_cmake' and name 'odometry_spoof'
[0.383s] colcon.colcon_core.package_identification Level 1 _identify(src/robot/planner) by extensions ['ignore', 'ignore_ament_install']
[0.383s] colcon.colcon_core.package_identification Level 1 _identify(src/robot/planner) by extension 'ignore'
[0.383s] colcon.colcon_core.package_identification Level 1 _identify(src/robot/planner) by extension 'ignore_ament_install'
[0.383s] colcon.colcon_core.package_identification Level 1 _identify(src/robot/planner) by extensions ['colcon_pkg']
[0.383s] colcon.colcon_core.package_identification Level 1 _identify(src/robot/planner) by extension 'colcon_pkg'
[0.383s] colcon.colcon_core.package_identification Level 1 _identify(src/robot/planner) by extensions ['colcon_meta']
[0.383s] colcon.colcon_core.package_identification Level 1 _identify(src/robot/planner) by extension 'colcon_meta'
[0.383s] colcon.colcon_core.package_identification Level 1 _identify(src/robot/planner) by extensions ['ros']
[0.383s] colcon.colcon_core.package_identification Level 1 _identify(src/robot/planner) by extension 'ros'
[0.383s] colcon.colcon_core.package_identification DEBUG Package 'src/robot/planner' with type 'ros.ament_cmake' and name 'planner'
[0.383s] colcon.colcon_core.package_identification Level 1 _identify(src/samples) by extensions ['ignore', 'ignore_ament_install']
[0.383s] colcon.colcon_core.package_identification Level 1 _identify(src/samples) by extension 'ignore'
[0.383s] colcon.colcon_core.package_identification Level 1 _identify(src/samples) by extension 'ignore_ament_install'
[0.383s] colcon.colcon_core.package_identification Level 1 _identify(src/samples) by extensions ['colcon_pkg']
[0.383s] colcon.colcon_core.package_identification Level 1 _identify(src/samples) by extension 'colcon_pkg'
[0.383s] colcon.colcon_core.package_identification Level 1 _identify(src/samples) by extensions ['colcon_meta']
[0.383s] colcon.colcon_core.package_identification Level 1 _identify(src/samples) by extension 'colcon_meta'
[0.383s] colcon.colcon_core.package_identification Level 1 _identify(src/samples) by extensions ['ros']
[0.383s] colcon.colcon_core.package_identification Level 1 _identify(src/samples) by extension 'ros'
[0.383s] colcon.colcon_core.package_identification Level 1 _identify(src/samples) by extensions ['cmake', 'python']
[0.383s] colcon.colcon_core.package_identification Level 1 _identify(src/samples) by extension 'cmake'
[0.383s] colcon.colcon_core.package_identification Level 1 _identify(src/samples) by extension 'python'
[0.383s] colcon.colcon_core.package_identification Level 1 _identify(src/samples) by extensions ['python_setup_py']
[0.383s] colcon.colcon_core.package_identification Level 1 _identify(src/samples) by extension 'python_setup_py'
[0.383s] colcon.colcon_core.package_identification Level 1 _identify(src/samples/cpp) by extensions ['ignore', 'ignore_ament_install']
[0.383s] colcon.colcon_core.package_identification Level 1 _identify(src/samples/cpp) by extension 'ignore'
[0.383s] colcon.colcon_core.package_identification Level 1 _identify(src/samples/cpp) by extension 'ignore_ament_install'
[0.383s] colcon.colcon_core.package_identification Level 1 _identify(src/samples/cpp) by extensions ['colcon_pkg']
[0.384s] colcon.colcon_core.package_identification Level 1 _identify(src/samples/cpp) by extension 'colcon_pkg'
[0.384s] colcon.colcon_core.package_identification Level 1 _identify(src/samples/cpp) by extensions ['colcon_meta']
[0.384s] colcon.colcon_core.package_identification Level 1 _identify(src/samples/cpp) by extension 'colcon_meta'
[0.384s] colcon.colcon_core.package_identification Level 1 _identify(src/samples/cpp) by extensions ['ros']
[0.384s] colcon.colcon_core.package_identification Level 1 _identify(src/samples/cpp) by extension 'ros'
[0.384s] colcon.colcon_core.package_identification Level 1 _identify(src/samples/cpp) by extensions ['cmake', 'python']
[0.384s] colcon.colcon_core.package_identification Level 1 _identify(src/samples/cpp) by extension 'cmake'
[0.384s] colcon.colcon_core.package_identification Level 1 _identify(src/samples/cpp) by extension 'python'
[0.384s] colcon.colcon_core.package_identification Level 1 _identify(src/samples/cpp) by extensions ['python_setup_py']
[0.384s] colcon.colcon_core.package_identification Level 1 _identify(src/samples/cpp) by extension 'python_setup_py'
[0.384s] colcon.colcon_core.package_identification Level 1 _identify(src/samples/cpp/aggregator) by extensions ['ignore', 'ignore_ament_install']
[0.384s] colcon.colcon_core.package_identification Level 1 _identify(src/samples/cpp/aggregator) by extension 'ignore'
[0.384s] colcon.colcon_core.package_identification Level 1 _identify(src/samples/cpp/aggregator) by extension 'ignore_ament_install'
[0.384s] colcon.colcon_core.package_identification Level 1 _identify(src/samples/cpp/aggregator) by extensions ['colcon_pkg']
[0.384s] colcon.colcon_core.package_identification Level 1 _identify(src/samples/cpp/aggregator) by extension 'colcon_pkg'
[0.384s] colcon.colcon_core.package_identification Level 1 _identify(src/samples/cpp/aggregator) by extensions ['colcon_meta']
[0.384s] colcon.colcon_core.package_identification Level 1 _identify(src/samples/cpp/aggregator) by extension 'colcon_meta'
[0.384s] colcon.colcon_core.package_identification Level 1 _identify(src/samples/cpp/aggregator) by extensions ['ros']
[0.384s] colcon.colcon_core.package_identification Level 1 _identify(src/samples/cpp/aggregator) by extension 'ros'
[0.385s] colcon.colcon_core.package_identification DEBUG Package 'src/samples/cpp/aggregator' with type 'ros.ament_cmake' and name 'aggregator'
[0.385s] colcon.colcon_core.package_identification Level 1 _identify(src/samples/cpp/producer) by extensions ['ignore', 'ignore_ament_install']
[0.385s] colcon.colcon_core.package_identification Level 1 _identify(src/samples/cpp/producer) by extension 'ignore'
[0.385s] colcon.colcon_core.package_identification Level 1 _identify(src/samples/cpp/producer) by extension 'ignore_ament_install'
[0.385s] colcon.colcon_core.package_identification Level 1 _identify(src/samples/cpp/producer) by extensions ['colcon_pkg']
[0.385s] colcon.colcon_core.package_identification Level 1 _identify(src/samples/cpp/producer) by extension 'colcon_pkg'
[0.385s] colcon.colcon_core.package_identification Level 1 _identify(src/samples/cpp/producer) by extensions ['colcon_meta']
[0.385s] colcon.colcon_core.package_identification Level 1 _identify(src/samples/cpp/producer) by extension 'colcon_meta'
[0.385s] colcon.colcon_core.package_identification Level 1 _identify(src/samples/cpp/producer) by extensions ['ros']
[0.385s] colcon.colcon_core.package_identification Level 1 _identify(src/samples/cpp/producer) by extension 'ros'
[0.386s] colcon.colcon_core.package_identification DEBUG Package 'src/samples/cpp/producer' with type 'ros.ament_cmake' and name 'producer'
[0.386s] colcon.colcon_core.package_identification Level 1 _identify(src/samples/cpp/transformer) by extensions ['ignore', 'ignore_ament_install']
[0.386s] colcon.colcon_core.package_identification Level 1 _identify(src/samples/cpp/transformer) by extension 'ignore'
[0.386s] colcon.colcon_core.package_identification Level 1 _identify(src/samples/cpp/transformer) by extension 'ignore_ament_install'
[0.386s] colcon.colcon_core.package_identification Level 1 _identify(src/samples/cpp/transformer) by extensions ['colcon_pkg']
[0.386s] colcon.colcon_core.package_identification Level 1 _identify(src/samples/cpp/transformer) by extension 'colcon_pkg'
[0.386s] colcon.colcon_core.package_identification Level 1 _identify(src/samples/cpp/transformer) by extensions ['colcon_meta']
[0.387s] colcon.colcon_core.package_identification Level 1 _identify(src/samples/cpp/transformer) by extension 'colcon_meta'
[0.387s] colcon.colcon_core.package_identification Level 1 _identify(src/samples/cpp/transformer) by extensions ['ros']
[0.387s] colcon.colcon_core.package_identification Level 1 _identify(src/samples/cpp/transformer) by extension 'ros'
[0.387s] colcon.colcon_core.package_identification DEBUG Package 'src/samples/cpp/transformer' with type 'ros.ament_cmake' and name 'transformer'
[0.387s] colcon.colcon_core.package_identification Level 1 _identify(src/samples/python) by extensions ['ignore', 'ignore_ament_install']
[0.387s] colcon.colcon_core.package_identification Level 1 _identify(src/samples/python) by extension 'ignore'
[0.387s] colcon.colcon_core.package_identification Level 1 _identify(src/samples/python) by extension 'ignore_ament_install'
[0.387s] colcon.colcon_core.package_identification Level 1 _identify(src/samples/python) by extensions ['colcon_pkg']
[0.387s] colcon.colcon_core.package_identification Level 1 _identify(src/samples/python) by extension 'colcon_pkg'
[0.387s] colcon.colcon_core.package_identification Level 1 _identify(src/samples/python) by extensions ['colcon_meta']
[0.387s] colcon.colcon_core.package_identification Level 1 _identify(src/samples/python) by extension 'colcon_meta'
[0.387s] colcon.colcon_core.package_identification Level 1 _identify(src/samples/python) by extensions ['ros']
[0.387s] colcon.colcon_core.package_identification Level 1 _identify(src/samples/python) by extension 'ros'
[0.387s] colcon.colcon_core.package_identification Level 1 _identify(src/samples/python) by extensions ['cmake', 'python']
[0.387s] colcon.colcon_core.package_identification Level 1 _identify(src/samples/python) by extension 'cmake'
[0.387s] colcon.colcon_core.package_identification Level 1 _identify(src/samples/python) by extension 'python'
[0.387s] colcon.colcon_core.package_identification Level 1 _identify(src/samples/python) by extensions ['python_setup_py']
[0.387s] colcon.colcon_core.package_identification Level 1 _identify(src/samples/python) by extension 'python_setup_py'
[0.387s] colcon.colcon_core.package_identification Level 1 _identify(src/samples/python/aggregator) by extensions ['ignore', 'ignore_ament_install']
[0.388s] colcon.colcon_core.package_identification Level 1 _identify(src/samples/python/aggregator) by extension 'ignore'
[0.388s] colcon.colcon_core.package_identification Level 1 _identify(src/samples/python/aggregator) by extension 'ignore_ament_install'
[0.388s] colcon.colcon_core.package_identification Level 1 _identify(src/samples/python/aggregator) by extensions ['colcon_pkg']
[0.388s] colcon.colcon_core.package_identification Level 1 _identify(src/samples/python/aggregator) by extension 'colcon_pkg'
[0.388s] colcon.colcon_core.package_identification Level 1 _identify(src/samples/python/aggregator) by extensions ['colcon_meta']
[0.388s] colcon.colcon_core.package_identification Level 1 _identify(src/samples/python/aggregator) by extension 'colcon_meta'
[0.388s] colcon.colcon_core.package_identification Level 1 _identify(src/samples/python/aggregator) by extensions ['ros']
[0.388s] colcon.colcon_core.package_identification Level 1 _identify(src/samples/python/aggregator) by extension 'ros'
[0.388s] colcon.colcon_core.package_identification DEBUG Package 'src/samples/python/aggregator' with type 'ros.ament_python' and name 'aggregator'
[0.388s] colcon.colcon_core.package_identification Level 1 _identify(src/samples/python/producer) by extensions ['ignore', 'ignore_ament_install']
[0.388s] colcon.colcon_core.package_identification Level 1 _identify(src/samples/python/producer) by extension 'ignore'
[0.388s] colcon.colcon_core.package_identification Level 1 _identify(src/samples/python/producer) by extension 'ignore_ament_install'
[0.388s] colcon.colcon_core.package_identification Level 1 _identify(src/samples/python/producer) by extensions ['colcon_pkg']
[0.388s] colcon.colcon_core.package_identification Level 1 _identify(src/samples/python/producer) by extension 'colcon_pkg'
[0.388s] colcon.colcon_core.package_identification Level 1 _identify(src/samples/python/producer) by extensions ['colcon_meta']
[0.388s] colcon.colcon_core.package_identification Level 1 _identify(src/samples/python/producer) by extension 'colcon_meta'
[0.388s] colcon.colcon_core.package_identification Level 1 _identify(src/samples/python/producer) by extensions ['ros']
[0.388s] colcon.colcon_core.package_identification Level 1 _identify(src/samples/python/producer) by extension 'ros'
[0.389s] colcon.colcon_core.package_identification DEBUG Package 'src/samples/python/producer' with type 'ros.ament_python' and name 'producer'
[0.389s] colcon.colcon_core.package_identification Level 1 _identify(src/samples/python/transformer) by extensions ['ignore', 'ignore_ament_install']
[0.389s] colcon.colcon_core.package_identification Level 1 _identify(src/samples/python/transformer) by extension 'ignore'
[0.389s] colcon.colcon_core.package_identification Level 1 _identify(src/samples/python/transformer) by extension 'ignore_ament_install'
[0.389s] colcon.colcon_core.package_identification Level 1 _identify(src/samples/python/transformer) by extensions ['colcon_pkg']
[0.389s] colcon.colcon_core.package_identification Level 1 _identify(src/samples/python/transformer) by extension 'colcon_pkg'
[0.389s] colcon.colcon_core.package_identification Level 1 _identify(src/samples/python/transformer) by extensions ['colcon_meta']
[0.389s] colcon.colcon_core.package_identification Level 1 _identify(src/samples/python/transformer) by extension 'colcon_meta'
[0.389s] colcon.colcon_core.package_identification Level 1 _identify(src/samples/python/transformer) by extensions ['ros']
[0.389s] colcon.colcon_core.package_identification Level 1 _identify(src/samples/python/transformer) by extension 'ros'
[0.389s] colcon.colcon_core.package_identification DEBUG Package 'src/samples/python/transformer' with type 'ros.ament_python' and name 'transformer'
[0.389s] colcon.colcon_core.package_identification Level 1 _identify(src/samples/sample_msgs) by extensions ['ignore', 'ignore_ament_install']
[0.389s] colcon.colcon_core.package_identification Level 1 _identify(src/samples/sample_msgs) by extension 'ignore'
[0.389s] colcon.colcon_core.package_identification Level 1 _identify(src/samples/sample_msgs) by extension 'ignore_ament_install'
[0.389s] colcon.colcon_core.package_identification Level 1 _identify(src/samples/sample_msgs) by extensions ['colcon_pkg']
[0.389s] colcon.colcon_core.package_identification Level 1 _identify(src/samples/sample_msgs) by extension 'colcon_pkg'
[0.389s] colcon.colcon_core.package_identification Level 1 _identify(src/samples/sample_msgs) by extensions ['colcon_meta']
[0.389s] colcon.colcon_core.package_identification Level 1 _identify(src/samples/sample_msgs) by extension 'colcon_meta'
[0.389s] colcon.colcon_core.package_identification Level 1 _identify(src/samples/sample_msgs) by extensions ['ros']
[0.389s] colcon.colcon_core.package_identification Level 1 _identify(src/samples/sample_msgs) by extension 'ros'
[0.390s] colcon.colcon_core.package_identification DEBUG Package 'src/samples/sample_msgs' with type 'ros.ament_cmake' and name 'sample_msgs'
[0.390s] colcon.colcon_core.package_identification Level 1 _identify(src/wato_msgs) by extensions ['ignore', 'ignore_ament_install']
[0.390s] colcon.colcon_core.package_identification Level 1 _identify(src/wato_msgs) by extension 'ignore'
[0.390s] colcon.colcon_core.package_identification Level 1 _identify(src/wato_msgs) by extension 'ignore_ament_install'
[0.390s] colcon.colcon_core.package_identification Level 1 _identify(src/wato_msgs) by extensions ['colcon_pkg']
[0.390s] colcon.colcon_core.package_identification Level 1 _identify(src/wato_msgs) by extension 'colcon_pkg'
[0.390s] colcon.colcon_core.package_identification Level 1 _identify(src/wato_msgs) by extensions ['colcon_meta']
[0.390s] colcon.colcon_core.package_identification Level 1 _identify(src/wato_msgs) by extension 'colcon_meta'
[0.390s] colcon.colcon_core.package_identification Level 1 _identify(src/wato_msgs) by extensions ['ros']
[0.390s] colcon.colcon_core.package_identification Level 1 _identify(src/wato_msgs) by extension 'ros'
[0.390s] colcon.colcon_core.package_identification Level 1 _identify(src/wato_msgs) by extensions ['cmake', 'python']
[0.390s] colcon.colcon_core.package_identification Level 1 _identify(src/wato_msgs) by extension 'cmake'
[0.390s] colcon.colcon_core.package_identification Level 1 _identify(src/wato_msgs) by extension 'python'
[0.390s] colcon.colcon_core.package_identification Level 1 _identify(src/wato_msgs) by extensions ['python_setup_py']
[0.390s] colcon.colcon_core.package_identification Level 1 _identify(src/wato_msgs) by extension 'python_setup_py'
[0.390s] colcon.colcon_core.package_identification Level 1 _identify(src/wato_msgs/sample_msgs) by extensions ['ignore', 'ignore_ament_install']
[0.390s] colcon.colcon_core.package_identification Level 1 _identify(src/wato_msgs/sample_msgs) by extension 'ignore'
[0.390s] colcon.colcon_core.package_identification Level 1 _identify(src/wato_msgs/sample_msgs) by extension 'ignore_ament_install'
[0.390s] colcon.colcon_core.package_identification Level 1 _identify(src/wato_msgs/sample_msgs) by extensions ['colcon_pkg']
[0.390s] colcon.colcon_core.package_identification Level 1 _identify(src/wato_msgs/sample_msgs) by extension 'colcon_pkg'
[0.390s] colcon.colcon_core.package_identification Level 1 _identify(src/wato_msgs/sample_msgs) by extensions ['colcon_meta']
[0.390s] colcon.colcon_core.package_identification Level 1 _identify(src/wato_msgs/sample_msgs) by extension 'colcon_meta'
[0.390s] colcon.colcon_core.package_identification Level 1 _identify(src/wato_msgs/sample_msgs) by extensions ['ros']
[0.390s] colcon.colcon_core.package_identification Level 1 _identify(src/wato_msgs/sample_msgs) by extension 'ros'
[0.390s] colcon.colcon_core.package_identification DEBUG Package 'src/wato_msgs/sample_msgs' with type 'ros.ament_cmake' and name 'sample_msgs'
[0.390s] colcon.colcon_core.package_identification Level 1 _identify(watod_scripts) by extensions ['ignore', 'ignore_ament_install']
[0.391s] colcon.colcon_core.package_identification Level 1 _identify(watod_scripts) by extension 'ignore'
[0.391s] colcon.colcon_core.package_identification Level 1 _identify(watod_scripts) by extension 'ignore_ament_install'
[0.391s] colcon.colcon_core.package_identification Level 1 _identify(watod_scripts) by extensions ['colcon_pkg']
[0.391s] colcon.colcon_core.package_identification Level 1 _identify(watod_scripts) by extension 'colcon_pkg'
[0.391s] colcon.colcon_core.package_identification Level 1 _identify(watod_scripts) by extensions ['colcon_meta']
[0.391s] colcon.colcon_core.package_identification Level 1 _identify(watod_scripts) by extension 'colcon_meta'
[0.391s] colcon.colcon_core.package_identification Level 1 _identify(watod_scripts) by extensions ['ros']
[0.391s] colcon.colcon_core.package_identification Level 1 _identify(watod_scripts) by extension 'ros'
[0.391s] colcon.colcon_core.package_identification Level 1 _identify(watod_scripts) by extensions ['cmake', 'python']
[0.391s] colcon.colcon_core.package_identification Level 1 _identify(watod_scripts) by extension 'cmake'
[0.391s] colcon.colcon_core.package_identification Level 1 _identify(watod_scripts) by extension 'python'
[0.391s] colcon.colcon_core.package_identification Level 1 _identify(watod_scripts) by extensions ['python_setup_py']
[0.391s] colcon.colcon_core.package_identification Level 1 _identify(watod_scripts) by extension 'python_setup_py'
[0.391s] colcon.colcon_core.package_discovery Level 1 discover_packages(recursive) using defaults
[0.391s] colcon.colcon_core.package_discovery Level 1 discover_packages(ignore) discover
[0.391s] colcon.colcon_core.package_discovery Level 1 discover_packages(ignore) using defaults
[0.391s] colcon.colcon_core.package_discovery Level 1 discover_packages(path) discover
[0.391s] colcon.colcon_core.package_discovery Level 1 discover_packages(path) using defaults
[0.438s] colcon.colcon_core.package_selection INFO Skipping not selected package 'aggregator' in 'src/samples/python/aggregator'
[0.438s] colcon.colcon_core.package_selection INFO Skipping not selected package 'control' in 'src/robot/control'
[0.438s] colcon.colcon_core.package_selection INFO Skipping not selected package 'gazebo' in 'src/gazebo'
[0.438s] colcon.colcon_core.package_selection INFO Skipping not selected package 'odometry_spoof' in 'src/robot/odometry_spoof'
[0.438s] colcon.colcon_core.package_selection INFO Skipping not selected package 'planner' in 'src/robot/planner'
[0.438s] colcon.colcon_core.package_selection INFO Skipping not selected package 'producer' in 'src/samples/python/producer'
[0.438s] colcon.colcon_core.package_selection INFO Skipping not selected package 'sample_msgs' in 'src/samples/sample_msgs'
[0.438s] colcon.colcon_core.package_selection INFO Skipping not selected package 'sample_msgs' in 'src/wato_msgs/sample_msgs'
[0.438s] colcon.colcon_core.package_selection INFO Skipping not selected package 'transformer' in 'src/samples/python/transformer'
[0.438s] colcon.colcon_core.package_selection INFO Skipping not selected package 'aggregator' in 'src/samples/cpp/aggregator'
[0.438s] colcon.colcon_core.package_selection INFO Skipping not selected package 'bringup_robot' in 'src/robot/bringup_robot'
[0.438s] colcon.colcon_core.package_selection INFO Skipping not selected package 'producer' in 'src/samples/cpp/producer'
[0.438s] colcon.colcon_core.package_selection INFO Skipping not selected package 'transformer' in 'src/samples/cpp/transformer'
[0.439s] colcon.colcon_core.verb Level 5 set package 'costmap' build argument 'cmake_args' from command line to 'None'
[0.439s] colcon.colcon_core.verb Level 5 set package 'costmap' build argument 'cmake_target' from command line to 'None'
[0.439s] colcon.colcon_core.verb Level 5 set package 'costmap' build argument 'cmake_target_skip_unavailable' from command line to 'False'
[0.439s] colcon.colcon_core.verb Level 5 set package 'costmap' build argument 'cmake_clean_cache' from command line to 'False'
[0.439s] colcon.colcon_core.verb Level 5 set package 'costmap' build argument 'cmake_clean_first' from command line to 'False'
[0.439s] colcon.colcon_core.verb Level 5 set package 'costmap' build argument 'cmake_force_configure' from command line to 'False'
[0.439s] colcon.colcon_core.verb Level 5 set package 'costmap' build argument 'ament_cmake_args' from command line to 'None'
[0.439s] colcon.colcon_core.verb Level 5 set package 'costmap' build argument 'catkin_cmake_args' from command line to 'None'
[0.439s] colcon.colcon_core.verb Level 5 set package 'costmap' build argument 'catkin_skip_building_tests' from command line to 'False'
[0.439s] colcon.colcon_core.verb DEBUG Building package 'costmap' with the following arguments: {'ament_cmake_args': None, 'build_base': '/Users/user/Desktop/VsCode/WATO/wato_asd_training/build/costmap', 'catkin_cmake_args': None, 'catkin_skip_building_tests': False, 'cmake_args': None, 'cmake_clean_cache': False, 'cmake_clean_first': False, 'cmake_force_configure': False, 'cmake_target': None, 'cmake_target_skip_unavailable': False, 'install_base': '/Users/user/Desktop/VsCode/WATO/wato_asd_training/install/costmap', 'merge_install': False, 'path': '/Users/user/Desktop/VsCode/WATO/wato_asd_training/src/robot/costmap', 'symlink_install': False, 'test_result_base': None}
[0.440s] colcon.colcon_core.verb Level 5 set package 'map_memory' build argument 'cmake_args' from command line to 'None'
[0.440s] colcon.colcon_core.verb Level 5 set package 'map_memory' build argument 'cmake_target' from command line to 'None'
[0.440s] colcon.colcon_core.verb Level 5 set package 'map_memory' build argument 'cmake_target_skip_unavailable' from command line to 'False'
[0.440s] colcon.colcon_core.verb Level 5 set package 'map_memory' build argument 'cmake_clean_cache' from command line to 'False'
[0.440s] colcon.colcon_core.verb Level 5 set package 'map_memory' build argument 'cmake_clean_first' from command line to 'False'
[0.440s] colcon.colcon_core.verb Level 5 set package 'map_memory' build argument 'cmake_force_configure' from command line to 'False'
[0.440s] colcon.colcon_core.verb Level 5 set package 'map_memory' build argument 'ament_cmake_args' from command line to 'None'
[0.440s] colcon.colcon_core.verb Level 5 set package 'map_memory' build argument 'catkin_cmake_args' from command line to 'None'
[0.440s] colcon.colcon_core.verb Level 5 set package 'map_memory' build argument 'catkin_skip_building_tests' from command line to 'False'
[0.440s] colcon.colcon_core.verb DEBUG Building package 'map_memory' with the following arguments: {'ament_cmake_args': None, 'build_base': '/Users/user/Desktop/VsCode/WATO/wato_asd_training/build/map_memory', 'catkin_cmake_args': None, 'catkin_skip_building_tests': False, 'cmake_args': None, 'cmake_clean_cache': False, 'cmake_clean_first': False, 'cmake_force_configure': False, 'cmake_target': None, 'cmake_target_skip_unavailable': False, 'install_base': '/Users/user/Desktop/VsCode/WATO/wato_asd_training/install/map_memory', 'merge_install': False, 'path': '/Users/user/Desktop/VsCode/WATO/wato_asd_training/src/robot/map_memory', 'symlink_install': False, 'test_result_base': None}
[0.440s] colcon.colcon_core.executor INFO Executing jobs using 'parallel' executor
[0.441s] colcon.colcon_parallel_executor.executor.parallel DEBUG run_until_complete
[0.442s] colcon.colcon_ros.task.ament_cmake.build INFO Building ROS package in '/Users/user/Desktop/VsCode/WATO/wato_asd_training/src/robot/costmap' with build type 'ament_cmake'
[0.442s] colcon.colcon_cmake.task.cmake.build INFO Building CMake package in '/Users/user/Desktop/VsCode/WATO/wato_asd_training/src/robot/costmap'
[0.448s] colcon.colcon_core.plugin_system INFO Skipping extension 'colcon_core.shell.bat': Not used on non-Windows systems
[0.448s] colcon.colcon_core.shell INFO Skip shell extension 'powershell' for command environment: Not usable outside of PowerShell
[0.448s] colcon.colcon_core.shell DEBUG Skip shell extension 'dsv' for command environment
[0.460s] colcon.colcon_ros.task.ament_cmake.build INFO Building ROS package in '/Users/user/Desktop/VsCode/WATO/wato_asd_training/src/robot/map_memory' with build type 'ament_cmake'
[0.460s] colcon.colcon_cmake.task.cmake.build INFO Building CMake package in '/Users/user/Desktop/VsCode/WATO/wato_asd_training/src/robot/map_memory'
[0.461s] colcon.colcon_core.shell INFO Skip shell extension 'powershell' for command environment: Not usable outside of PowerShell
[0.461s] colcon.colcon_core.shell DEBUG Skip shell extension 'dsv' for command environment
[0.513s] colcon.colcon_core.event_handler.log_command DEBUG Invoking command in '/Users/user/Desktop/VsCode/WATO/wato_asd_training/build/costmap': CMAKE_PREFIX_PATH=/Users/user/.local/share/mamba/envs/ros_humble CONDA_PROMPT_MODIFIER=(ros_humble) SHLVL=2 _=/usr/bin/env /opt/homebrew/bin/cmake --build /Users/user/Desktop/VsCode/WATO/wato_asd_training/build/costmap -- -j10 -l10
[0.523s] colcon.colcon_core.event_handler.log_command DEBUG Invoking command in '/Users/user/Desktop/VsCode/WATO/wato_asd_training/build/map_memory': CMAKE_PREFIX_PATH=/Users/user/.local/share/mamba/envs/ros_humble CONDA_PROMPT_MODIFIER=(ros_humble) SHLVL=2 _=/usr/bin/env /opt/homebrew/bin/cmake --build /Users/user/Desktop/VsCode/WATO/wato_asd_training/build/map_memory -- -j10 -l10
[3.955s] colcon.colcon_core.event_handler.log_command DEBUG Invoked command in '/Users/user/Desktop/VsCode/WATO/wato_asd_training/build/map_memory' returned '0': CMAKE_PREFIX_PATH=/Users/user/.local/share/mamba/envs/ros_humble CONDA_PROMPT_MODIFIER=(ros_humble) SHLVL=2 _=/usr/bin/env /opt/homebrew/bin/cmake --build /Users/user/Desktop/VsCode/WATO/wato_asd_training/build/map_memory -- -j10 -l10
[3.968s] colcon.colcon_core.event_handler.log_command DEBUG Invoking command in '/Users/user/Desktop/VsCode/WATO/wato_asd_training/build/map_memory': CMAKE_PREFIX_PATH=/Users/user/.local/share/mamba/envs/ros_humble CONDA_PROMPT_MODIFIER=(ros_humble) SHLVL=2 _=/usr/bin/env /opt/homebrew/bin/cmake --install /Users/user/Desktop/VsCode/WATO/wato_asd_training/build/map_memory
[3.999s] colcon.colcon_core.environment Level 1 create_environment_scripts_only(map_memory)
[3.999s] colcon.colcon_core.event_handler.log_command DEBUG Invoked command in '/Users/user/Desktop/VsCode/WATO/wato_asd_training/build/map_memory' returned '0': CMAKE_PREFIX_PATH=/Users/user/.local/share/mamba/envs/ros_humble CONDA_PROMPT_MODIFIER=(ros_humble) SHLVL=2 _=/usr/bin/env /opt/homebrew/bin/cmake --install /Users/user/Desktop/VsCode/WATO/wato_asd_training/build/map_memory
[4.003s] colcon.colcon_core.environment Level 1 checking '/Users/user/Desktop/VsCode/WATO/wato_asd_training/install/map_memory' for CMake module files
[4.003s] colcon.colcon_core.environment Level 1 checking '/Users/user/Desktop/VsCode/WATO/wato_asd_training/install/map_memory' for CMake config files
[4.003s] colcon.colcon_core.shell Level 1 create_environment_hook('map_memory', 'cmake_prefix_path')
[4.003s] colcon.colcon_core.shell INFO Creating environment hook '/Users/user/Desktop/VsCode/WATO/wato_asd_training/install/map_memory/share/map_memory/hook/cmake_prefix_path.ps1'
[4.004s] colcon.colcon_core.shell INFO Creating environment descriptor '/Users/user/Desktop/VsCode/WATO/wato_asd_training/install/map_memory/share/map_memory/hook/cmake_prefix_path.dsv'
[4.005s] colcon.colcon_core.shell INFO Creating environment hook '/Users/user/Desktop/VsCode/WATO/wato_asd_training/install/map_memory/share/map_memory/hook/cmake_prefix_path.sh'
[4.006s] colcon.colcon_core.environment Level 1 checking '/Users/user/Desktop/VsCode/WATO/wato_asd_training/install/map_memory/lib'
[4.006s] colcon.colcon_core.environment Level 1 checking '/Users/user/Desktop/VsCode/WATO/wato_asd_training/install/map_memory/bin'
[4.006s] colcon.colcon_core.environment Level 1 checking '/Users/user/Desktop/VsCode/WATO/wato_asd_training/install/map_memory/lib/pkgconfig/map_memory.pc'
[4.006s] colcon.colcon_core.environment Level 1 checking '/Users/user/Desktop/VsCode/WATO/wato_asd_training/install/map_memory/lib/python3.12/site-packages'
[4.006s] colcon.colcon_core.environment Level 1 checking '/Users/user/Desktop/VsCode/WATO/wato_asd_training/install/map_memory/bin'
[4.006s] colcon.colcon_core.shell INFO Creating package script '/Users/user/Desktop/VsCode/WATO/wato_asd_training/install/map_memory/share/map_memory/package.ps1'
[4.007s] colcon.colcon_core.shell INFO Creating package descriptor '/Users/user/Desktop/VsCode/WATO/wato_asd_training/install/map_memory/share/map_memory/package.dsv'
[4.008s] colcon.colcon_core.shell INFO Creating package script '/Users/user/Desktop/VsCode/WATO/wato_asd_training/install/map_memory/share/map_memory/package.sh'
[4.009s] colcon.colcon_core.shell INFO Creating package script '/Users/user/Desktop/VsCode/WATO/wato_asd_training/install/map_memory/share/map_memory/package.bash'
[4.010s] colcon.colcon_core.shell INFO Creating package script '/Users/user/Desktop/VsCode/WATO/wato_asd_training/install/map_memory/share/map_memory/package.zsh'
[4.011s] colcon.colcon_core.environment Level 1 create_file_with_runtime_dependencies(/Users/user/Desktop/VsCode/WATO/wato_asd_training/install/map_memory/share/colcon-core/packages/map_memory)
[4.011s] colcon.colcon_core.environment Level 1 create_environment_scripts_only(map_memory)
[4.012s] colcon.colcon_core.environment Level 1 checking '/Users/user/Desktop/VsCode/WATO/wato_asd_training/install/map_memory' for CMake module files
[4.012s] colcon.colcon_core.environment Level 1 checking '/Users/user/Desktop/VsCode/WATO/wato_asd_training/install/map_memory' for CMake config files
[4.012s] colcon.colcon_core.shell Level 1 create_environment_hook('map_memory', 'cmake_prefix_path')
[4.012s] colcon.colcon_core.shell INFO Creating environment hook '/Users/user/Desktop/VsCode/WATO/wato_asd_training/install/map_memory/share/map_memory/hook/cmake_prefix_path.ps1'
[4.012s] colcon.colcon_core.shell INFO Creating environment descriptor '/Users/user/Desktop/VsCode/WATO/wato_asd_training/install/map_memory/share/map_memory/hook/cmake_prefix_path.dsv'
[4.013s] colcon.colcon_core.shell INFO Creating environment hook '/Users/user/Desktop/VsCode/WATO/wato_asd_training/install/map_memory/share/map_memory/hook/cmake_prefix_path.sh'
[4.013s] colcon.colcon_core.environment Level 1 checking '/Users/user/Desktop/VsCode/WATO/wato_asd_training/install/map_memory/lib'
[4.013s] colcon.colcon_core.environment Level 1 checking '/Users/user/Desktop/VsCode/WATO/wato_asd_training/install/map_memory/bin'
[4.013s] colcon.colcon_core.environment Level 1 checking '/Users/user/Desktop/VsCode/WATO/wato_asd_training/install/map_memory/lib/pkgconfig/map_memory.pc'
[4.013s] colcon.colcon_core.environment Level 1 checking '/Users/user/Desktop/VsCode/WATO/wato_asd_training/install/map_memory/lib/python3.12/site-packages'
[4.013s] colcon.colcon_core.environment Level 1 checking '/Users/user/Desktop/VsCode/WATO/wato_asd_training/install/map_memory/bin'
[4.013s] colcon.colcon_core.shell INFO Creating package script '/Users/user/Desktop/VsCode/WATO/wato_asd_training/install/map_memory/share/map_memory/package.ps1'
[4.014s] colcon.colcon_core.shell INFO Creating package descriptor '/Users/user/Desktop/VsCode/WATO/wato_asd_training/install/map_memory/share/map_memory/package.dsv'
[4.014s] colcon.colcon_core.shell INFO Creating package script '/Users/user/Desktop/VsCode/WATO/wato_asd_training/install/map_memory/share/map_memory/package.sh'
[4.014s] colcon.colcon_core.shell INFO Creating package script '/Users/user/Desktop/VsCode/WATO/wato_asd_training/install/map_memory/share/map_memory/package.bash'
[4.014s] colcon.colcon_core.shell INFO Creating package script '/Users/user/Desktop/VsCode/WATO/wato_asd_training/install/map_memory/share/map_memory/package.zsh'
[4.015s] colcon.colcon_core.environment Level 1 create_file_with_runtime_dependencies(/Users/user/Desktop/VsCode/WATO/wato_asd_training/install/map_memory/share/colcon-core/packages/map_memory)
[4.557s] colcon.colcon_core.event_handler.log_command DEBUG Invoked command in '/Users/user/Desktop/VsCode/WATO/wato_asd_training/build/costmap' returned '0': CMAKE_PREFIX_PATH=/Users/user/.local/share/mamba/envs/ros_humble CONDA_PROMPT_MODIFIER=(ros_humble) SHLVL=2 _=/usr/bin/env /opt/homebrew/bin/cmake --build /Users/user/Desktop/VsCode/WATO/wato_asd_training/build/costmap -- -j10 -l10
[4.559s] colcon.colcon_core.event_handler.log_command DEBUG Invoking command in '/Users/user/Desktop/VsCode/WATO/wato_asd_training/build/costmap': CMAKE_PREFIX_PATH=/Users/user/.local/share/mamba/envs/ros_humble CONDA_PROMPT_MODIFIER=(ros_humble) SHLVL=2 _=/usr/bin/env /opt/homebrew/bin/cmake --install /Users/user/Desktop/VsCode/WATO/wato_asd_training/build/costmap
[4.583s] colcon.colcon_core.environment Level 1 create_environment_scripts_only(costmap)
[4.583s] colcon.colcon_core.environment Level 1 checking '/Users/user/Desktop/VsCode/WATO/wato_asd_training/install/costmap' for CMake module files
[4.583s] colcon.colcon_core.event_handler.log_command DEBUG Invoked command in '/Users/user/Desktop/VsCode/WATO/wato_asd_training/build/costmap' returned '0': CMAKE_PREFIX_PATH=/Users/user/.local/share/mamba/envs/ros_humble CONDA_PROMPT_MODIFIER=(ros_humble) SHLVL=2 _=/usr/bin/env /opt/homebrew/bin/cmake --install /Users/user/Desktop/VsCode/WATO/wato_asd_training/build/costmap
[4.584s] colcon.colcon_core.environment Level 1 checking '/Users/user/Desktop/VsCode/WATO/wato_asd_training/install/costmap' for CMake config files
[4.584s] colcon.colcon_core.shell Level 1 create_environment_hook('costmap', 'cmake_prefix_path')
[4.584s] colcon.colcon_core.shell INFO Creating environment hook '/Users/user/Desktop/VsCode/WATO/wato_asd_training/install/costmap/share/costmap/hook/cmake_prefix_path.ps1'
[4.585s] colcon.colcon_core.shell INFO Creating environment descriptor '/Users/user/Desktop/VsCode/WATO/wato_asd_training/install/costmap/share/costmap/hook/cmake_prefix_path.dsv'
[4.585s] colcon.colcon_core.shell INFO Creating environment hook '/Users/user/Desktop/VsCode/WATO/wato_asd_training/install/costmap/share/costmap/hook/cmake_prefix_path.sh'
[4.586s] colcon.colcon_core.environment Level 1 checking '/Users/user/Desktop/VsCode/WATO/wato_asd_training/install/costmap/lib'
[4.586s] colcon.colcon_core.environment Level 1 checking '/Users/user/Desktop/VsCode/WATO/wato_asd_training/install/costmap/bin'
[4.586s] colcon.colcon_core.environment Level 1 checking '/Users/user/Desktop/VsCode/WATO/wato_asd_training/install/costmap/lib/pkgconfig/costmap.pc'
[4.586s] colcon.colcon_core.environment Level 1 checking '/Users/user/Desktop/VsCode/WATO/wato_asd_training/install/costmap/lib/python3.12/site-packages'
[4.586s] colcon.colcon_core.environment Level 1 checking '/Users/user/Desktop/VsCode/WATO/wato_asd_training/install/costmap/bin'
[4.586s] colcon.colcon_core.shell INFO Creating package script '/Users/user/Desktop/VsCode/WATO/wato_asd_training/install/costmap/share/costmap/package.ps1'
[4.587s] colcon.colcon_core.shell INFO Creating package descriptor '/Users/user/Desktop/VsCode/WATO/wato_asd_training/install/costmap/share/costmap/package.dsv'
[4.587s] colcon.colcon_core.shell INFO Creating package script '/Users/user/Desktop/VsCode/WATO/wato_asd_training/install/costmap/share/costmap/package.sh'
[4.587s] colcon.colcon_core.shell INFO Creating package script '/Users/user/Desktop/VsCode/WATO/wato_asd_training/install/costmap/share/costmap/package.bash'
[4.587s] colcon.colcon_core.shell INFO Creating package script '/Users/user/Desktop/VsCode/WATO/wato_asd_training/install/costmap/share/costmap/package.zsh'
[4.588s] colcon.colcon_core.environment Level 1 create_file_with_runtime_dependencies(/Users/user/Desktop/VsCode/WATO/wato_asd_training/install/costmap/share/colcon-core/packages/costmap)
[4.588s] colcon.colcon_core.environment Level 1 create_environment_scripts_only(costmap)
[4.588s] colcon.colcon_core.environment Level 1 checking '/Users/user/Desktop/VsCode/WATO/wato_asd_training/install/costmap' for CMake module files
[4.588s] colcon.colcon_core.environment Level 1 checking '/Users/user/Desktop/VsCode/WATO/wato_asd_training/install/costmap' for CMake config files
[4.588s] colcon.colcon_core.shell Level 1 create_environment_hook('costmap', 'cmake_prefix_path')
[4.589s] colcon.colcon_core.shell INFO Creating environment hook '/Users/user/Desktop/VsCode/WATO/wato_asd_training/install/costmap/share/costmap/hook/cmake_prefix_path.ps1'
[4.589s] colcon.colcon_core.shell INFO Creating environment descriptor '/Users/user/Desktop/VsCode/WATO/wato_asd_training/install/costmap/share/costmap/hook/cmake_prefix_path.dsv'
[4.589s] colcon.colcon_core.shell INFO Creating environment hook '/Users/user/Desktop/VsCode/WATO/wato_asd_training/install/costmap/share/costmap/hook/cmake_prefix_path.sh'
[4.590s] colcon.colcon_core.environment Level 1 checking '/Users/user/Desktop/VsCode/WATO/wato_asd_training/install/costmap/lib'
[4.590s] colcon.colcon_core.environment Level 1 checking '/Users/user/Desktop/VsCode/WATO/wato_asd_training/install/costmap/bin'
[4.590s] colcon.colcon_core.environment Level 1 checking '/Users/user/Desktop/VsCode/WATO/wato_asd_training/install/costmap/lib/pkgconfig/costmap.pc'
[4.590s] colcon.colcon_core.environment Level 1 checking '/Users/user/Desktop/VsCode/WATO/wato_asd_training/install/costmap/lib/python3.12/site-packages'
[4.590s] colcon.colcon_core.environment Level 1 checking '/Users/user/Desktop/VsCode/WATO/wato_asd_training/install/costmap/bin'
[4.590s] colcon.colcon_core.shell INFO Creating package script '/Users/user/Desktop/VsCode/WATO/wato_asd_training/install/costmap/share/costmap/package.ps1'
[4.590s] colcon.colcon_core.shell INFO Creating package descriptor '/Users/user/Desktop/VsCode/WATO/wato_asd_training/install/costmap/share/costmap/package.dsv'
[4.590s] colcon.colcon_core.shell INFO Creating package script '/Users/user/Desktop/VsCode/WATO/wato_asd_training/install/costmap/share/costmap/package.sh'
[4.591s] colcon.colcon_core.shell INFO Creating package script '/Users/user/Desktop/VsCode/WATO/wato_asd_training/install/costmap/share/costmap/package.bash'
[4.591s] colcon.colcon_core.shell INFO Creating package script '/Users/user/Desktop/VsCode/WATO/wato_asd_training/install/costmap/share/costmap/package.zsh'
[4.591s] colcon.colcon_core.environment Level 1 create_file_with_runtime_dependencies(/Users/user/Desktop/VsCode/WATO/wato_asd_training/install/costmap/share/colcon-core/packages/costmap)
[4.591s] colcon.colcon_parallel_executor.executor.parallel DEBUG closing loop
[4.591s] colcon.colcon_parallel_executor.executor.parallel DEBUG loop closed
[4.591s] colcon.colcon_parallel_executor.executor.parallel DEBUG run_until_complete finished with '0'
[4.591s] colcon.colcon_core.event_reactor DEBUG joining thread
[4.592s] colcon.colcon_core.event_reactor DEBUG joined thread
[4.592s] colcon.colcon_core.shell INFO Creating prefix script '/Users/user/Desktop/VsCode/WATO/wato_asd_training/install/local_setup.ps1'
[4.593s] colcon.colcon_core.shell INFO Creating prefix util module '/Users/user/Desktop/VsCode/WATO/wato_asd_training/install/_local_setup_util_ps1.py'
[4.594s] colcon.colcon_core.shell INFO Creating prefix chain script '/Users/user/Desktop/VsCode/WATO/wato_asd_training/install/setup.ps1'
[4.595s] colcon.colcon_core.shell INFO Creating prefix script '/Users/user/Desktop/VsCode/WATO/wato_asd_training/install/local_setup.sh'
[4.597s] colcon.colcon_core.shell INFO Creating prefix util module '/Users/user/Desktop/VsCode/WATO/wato_asd_training/install/_local_setup_util_sh.py'
[4.597s] colcon.colcon_core.shell INFO Creating prefix chain script '/Users/user/Desktop/VsCode/WATO/wato_asd_training/install/setup.sh'
[4.598s] colcon.colcon_core.shell INFO Creating prefix script '/Users/user/Desktop/VsCode/WATO/wato_asd_training/install/local_setup.bash'
[4.599s] colcon.colcon_core.shell INFO Creating prefix chain script '/Users/user/Desktop/VsCode/WATO/wato_asd_training/install/setup.bash'
[4.599s] colcon.colcon_core.shell INFO Creating prefix script '/Users/user/Desktop/VsCode/WATO/wato_asd_training/install/local_setup.zsh'
[4.600s] colcon.colcon_core.shell INFO Creating prefix chain script '/Users/user/Desktop/VsCode/WATO/wato_asd_training/install/setup.zsh'
